::ffff:127.0.0.1 - - [12/Sep/2025:13:40:50 +0000] "GET /api/v1/user/getSlots?token=eyJhbGciOiJIUzI1NiIsInR5cCI6IkpXVCJ9.eyJpZCI6IjY4YWViZDg1ZmM1N2M2YmFhMWY2ZDgwMSIsImVtYWlsIjoiamtAZ21haWwuY29tIiwicm9sZSI6IlVzZXIiLCJpYXQiOjE3NTc2ODQ0MzcsImV4cCI6MTc1NzY4NTkzN30.011STFf9sAui-ttairYNgZbN7OGet6SqLI0cVSrtBEY HTTP/1.1" 200 1011 "-" "axios/1.11.0"
::1 - - [12/Sep/2025:13:40:51 +0000] "GET /api/v1/user/getImg HTTP/1.1" 304 - "http://localhost:3000/" "Mozilla/5.0 (X11; Linux x86_64) AppleWebKit/537.36 (KHTML, like Gecko) Chrome/132.0.0.0 Safari/537.36"
::1 - - [12/Sep/2025:13:40:51 +0000] "GET /api/v1/user/getImg HTTP/1.1" 304 - "http://localhost:3000/" "Mozilla/5.0 (X11; Linux x86_64) AppleWebKit/537.36 (KHTML, like Gecko) Chrome/132.0.0.0 Safari/537.36"
::1 - - [12/Sep/2025:13:40:54 +0000] "GET /api/v1/user/getImg HTTP/1.1" 304 - "http://localhost:3000/" "Mozilla/5.0 (X11; Linux x86_64) AppleWebKit/537.36 (KHTML, like Gecko) Chrome/132.0.0.0 Safari/537.36"
::1 - - [12/Sep/2025:13:40:54 +0000] "GET /api/v1/user/home HTTP/1.1" 304 - "http://localhost:3000/" "Mozilla/5.0 (X11; Linux x86_64) AppleWebKit/537.36 (KHTML, like Gecko) Chrome/132.0.0.0 Safari/537.36"
::1 - - [12/Sep/2025:13:40:54 +0000] "GET /api/v1/user/getInstructor?page=1&limit=5&searchTerm=&category= HTTP/1.1" 304 - "http://localhost:3000/" "Mozilla/5.0 (X11; Linux x86_64) AppleWebKit/537.36 (KHTML, like Gecko) Chrome/132.0.0.0 Safari/537.36"
::1 - - [12/Sep/2025:13:40:54 +0000] "GET /api/v1/user/getImg HTTP/1.1" 304 - "http://localhost:3000/" "Mozilla/5.0 (X11; Linux x86_64) AppleWebKit/537.36 (KHTML, like Gecko) Chrome/132.0.0.0 Safari/537.36"
::1 - - [12/Sep/2025:13:40:54 +0000] "GET /api/v1/user/home HTTP/1.1" 304 - "http://localhost:3000/" "Mozilla/5.0 (X11; Linux x86_64) AppleWebKit/537.36 (KHTML, like Gecko) Chrome/132.0.0.0 Safari/537.36"
::1 - - [12/Sep/2025:13:40:54 +0000] "GET /api/v1/user/getInstructor?page=1&limit=5&searchTerm=&category= HTTP/1.1" 304 - "http://localhost:3000/" "Mozilla/5.0 (X11; Linux x86_64) AppleWebKit/537.36 (KHTML, like Gecko) Chrome/132.0.0.0 Safari/537.36"
::ffff:127.0.0.1 - - [12/Sep/2025:13:41:00 +0000] "GET /api/v1/user/getInstructorData?id=67375415e0ee19a15a41924d&token=eyJhbGciOiJIUzI1NiIsInR5cCI6IkpXVCJ9.eyJpZCI6IjY4YWViZDg1ZmM1N2M2YmFhMWY2ZDgwMSIsImVtYWlsIjoiamtAZ21haWwuY29tIiwicm9sZSI6IlVzZXIiLCJpYXQiOjE3NTc2ODQ0MzcsImV4cCI6MTc1NzY4NTkzN30.011STFf9sAui-ttairYNgZbN7OGet6SqLI0cVSrtBEY HTTP/1.1" 200 3204 "-" "axios/1.11.0"
::1 - - [12/Sep/2025:13:41:00 +0000] "GET /api/v1/user/getImg HTTP/1.1" 304 - "http://localhost:3000/" "Mozilla/5.0 (X11; Linux x86_64) AppleWebKit/537.36 (KHTML, like Gecko) Chrome/132.0.0.0 Safari/537.36"
::1 - - [12/Sep/2025:13:41:00 +0000] "GET /api/v1/user/getImg HTTP/1.1" 304 - "http://localhost:3000/" "Mozilla/5.0 (X11; Linux x86_64) AppleWebKit/537.36 (KHTML, like Gecko) Chrome/132.0.0.0 Safari/537.36"
::1 - - [12/Sep/2025:13:42:13 +0000] "OPTIONS /api/v1/instructor/login HTTP/1.1" 204 0 "http://localhost:3000/" "Mozilla/5.0 (X11; Linux x86_64) AppleWebKit/537.36 (KHTML, like Gecko) Chrome/132.0.0.0 Safari/537.36"
::1 - - [12/Sep/2025:13:42:14 +0000] "POST /api/v1/instructor/login HTTP/1.1" 200 561 "http://localhost:3000/" "Mozilla/5.0 (X11; Linux x86_64) AppleWebKit/537.36 (KHTML, like Gecko) Chrome/132.0.0.0 Safari/537.36"
::1 - - [12/Sep/2025:13:42:20 +0000] "GET /api/v1/instructor/getImg HTTP/1.1" 200 161 "http://localhost:3000/" "Mozilla/5.0 (X11; Linux x86_64) AppleWebKit/537.36 (KHTML, like Gecko) Chrome/132.0.0.0 Safari/537.36"
::1 - - [12/Sep/2025:13:42:20 +0000] "GET /api/v1/instructor/getImg HTTP/1.1" 304 - "http://localhost:3000/" "Mozilla/5.0 (X11; Linux x86_64) AppleWebKit/537.36 (KHTML, like Gecko) Chrome/132.0.0.0 Safari/537.36"
::1 - - [12/Sep/2025:13:42:20 +0000] "GET /api/v1/instructor/getWallet?token=eyJhbGciOiJIUzI1NiIsInR5cCI6IkpXVCJ9.eyJpZCI6IjY3Mzc1NDE1ZTBlZTE5YTE1YTQxOTI0ZCIsImVtYWlsIjoicmFzaGFhQGdtYWlsLmNvbSIsInJvbGUiOiJJbnN0cnVjdG9yIiwiaWF0IjoxNzU3Njg0NTM0LCJleHAiOjE3NTc2ODYwMzR9.Cb78TNjspM-hkc_Gjgr14PjhfvdqlgIiLudoCDW2msc HTTP/1.1" 200 21687 "http://localhost:3000/" "Mozilla/5.0 (X11; Linux x86_64) AppleWebKit/537.36 (KHTML, like Gecko) Chrome/132.0.0.0 Safari/537.36"
::1 - - [12/Sep/2025:13:42:21 +0000] "GET /api/v1/instructor/getWallet?token=eyJhbGciOiJIUzI1NiIsInR5cCI6IkpXVCJ9.eyJpZCI6IjY3Mzc1NDE1ZTBlZTE5YTE1YTQxOTI0ZCIsImVtYWlsIjoicmFzaGFhQGdtYWlsLmNvbSIsInJvbGUiOiJJbnN0cnVjdG9yIiwiaWF0IjoxNzU3Njg0NTM0LCJleHAiOjE3NTc2ODYwMzR9.Cb78TNjspM-hkc_Gjgr14PjhfvdqlgIiLudoCDW2msc HTTP/1.1" 304 - "http://localhost:3000/" "Mozilla/5.0 (X11; Linux x86_64) AppleWebKit/537.36 (KHTML, like Gecko) Chrome/132.0.0.0 Safari/537.36"
::1 - - [12/Sep/2025:13:42:21 +0000] "GET /api/v1/instructor/getEvents HTTP/1.1" 200 1288 "http://localhost:3000/" "Mozilla/5.0 (X11; Linux x86_64) AppleWebKit/537.36 (KHTML, like Gecko) Chrome/132.0.0.0 Safari/537.36"
::1 - - [12/Sep/2025:13:42:21 +0000] "GET /api/v1/instructor/getEvents HTTP/1.1" 304 - "http://localhost:3000/" "Mozilla/5.0 (X11; Linux x86_64) AppleWebKit/537.36 (KHTML, like Gecko) Chrome/132.0.0.0 Safari/537.36"
::1 - - [12/Sep/2025:13:42:27 +0000] "GET /api/v1/instructor/getImg HTTP/1.1" 304 - "http://localhost:3000/" "Mozilla/5.0 (X11; Linux x86_64) AppleWebKit/537.36 (KHTML, like Gecko) Chrome/132.0.0.0 Safari/537.36"
::1 - - [12/Sep/2025:13:42:27 +0000] "GET /api/v1/instructor/getImg HTTP/1.1" 304 - "http://localhost:3000/" "Mozilla/5.0 (X11; Linux x86_64) AppleWebKit/537.36 (KHTML, like Gecko) Chrome/132.0.0.0 Safari/537.36"
::1 - - [12/Sep/2025:13:42:27 +0000] "GET /api/v1/instructor/getEvents HTTP/1.1" 304 - "http://localhost:3000/" "Mozilla/5.0 (X11; Linux x86_64) AppleWebKit/537.36 (KHTML, like Gecko) Chrome/132.0.0.0 Safari/537.36"
::1 - - [12/Sep/2025:13:42:27 +0000] "GET /api/v1/instructor/getEvents HTTP/1.1" 304 - "http://localhost:3000/" "Mozilla/5.0 (X11; Linux x86_64) AppleWebKit/537.36 (KHTML, like Gecko) Chrome/132.0.0.0 Safari/537.36"
::1 - - [12/Sep/2025:13:42:50 +0000] "GET /api/v1/instructor/getEvents HTTP/1.1" 304 - "http://localhost:3000/" "Mozilla/5.0 (X11; Linux x86_64) AppleWebKit/537.36 (KHTML, like Gecko) Chrome/132.0.0.0 Safari/537.36"
::ffff:127.0.0.1 - - [12/Sep/2025:13:46:49 +0000] "GET /api/v1/user/getInstructorData?id=67375415e0ee19a15a41924d&token=eyJhbGciOiJIUzI1NiIsInR5cCI6IkpXVCJ9.eyJpZCI6IjY4YWViZDg1ZmM1N2M2YmFhMWY2ZDgwMSIsImVtYWlsIjoiamtAZ21haWwuY29tIiwicm9sZSI6IlVzZXIiLCJpYXQiOjE3NTc2ODQ0MzcsImV4cCI6MTc1NzY4NTkzN30.011STFf9sAui-ttairYNgZbN7OGet6SqLI0cVSrtBEY HTTP/1.1" 200 3204 "-" "axios/1.11.0"
::ffff:127.0.0.1 - - [12/Sep/2025:13:46:56 +0000] "GET /api/v1/user/getInstructorData?id=67375415e0ee19a15a41924d&token=eyJhbGciOiJIUzI1NiIsInR5cCI6IkpXVCJ9.eyJpZCI6IjY4YWViZDg1ZmM1N2M2YmFhMWY2ZDgwMSIsImVtYWlsIjoiamtAZ21haWwuY29tIiwicm9sZSI6IlVzZXIiLCJpYXQiOjE3NTc2ODQ0MzcsImV4cCI6MTc1NzY4NTkzN30.011STFf9sAui-ttairYNgZbN7OGet6SqLI0cVSrtBEY HTTP/1.1" 200 3204 "-" "axios/1.11.0"
::ffff:127.0.0.1 - - [12/Sep/2025:13:47:00 +0000] "GET /api/v1/user/getInstructorData?id=67375415e0ee19a15a41924d&token=eyJhbGciOiJIUzI1NiIsInR5cCI6IkpXVCJ9.eyJpZCI6IjY4YWViZDg1ZmM1N2M2YmFhMWY2ZDgwMSIsImVtYWlsIjoiamtAZ21haWwuY29tIiwicm9sZSI6IlVzZXIiLCJpYXQiOjE3NTc2ODQ0MzcsImV4cCI6MTc1NzY4NTkzN30.011STFf9sAui-ttairYNgZbN7OGet6SqLI0cVSrtBEY HTTP/1.1" 200 3204 "-" "axios/1.11.0"
::ffff:127.0.0.1 - - [12/Sep/2025:13:47:04 +0000] "GET /api/v1/user/getInstructorData?id=67375415e0ee19a15a41924d&token=eyJhbGciOiJIUzI1NiIsInR5cCI6IkpXVCJ9.eyJpZCI6IjY4YWViZDg1ZmM1N2M2YmFhMWY2ZDgwMSIsImVtYWlsIjoiamtAZ21haWwuY29tIiwicm9sZSI6IlVzZXIiLCJpYXQiOjE3NTc2ODQ0MzcsImV4cCI6MTc1NzY4NTkzN30.011STFf9sAui-ttairYNgZbN7OGet6SqLI0cVSrtBEY HTTP/1.1" 200 3204 "-" "axios/1.11.0"
::ffff:127.0.0.1 - - [12/Sep/2025:13:47:08 +0000] "GET /api/v1/user/getInstructorData?id=67375415e0ee19a15a41924d&token=eyJhbGciOiJIUzI1NiIsInR5cCI6IkpXVCJ9.eyJpZCI6IjY4YWViZDg1ZmM1N2M2YmFhMWY2ZDgwMSIsImVtYWlsIjoiamtAZ21haWwuY29tIiwicm9sZSI6IlVzZXIiLCJpYXQiOjE3NTc2ODQ0MzcsImV4cCI6MTc1NzY4NTkzN30.011STFf9sAui-ttairYNgZbN7OGet6SqLI0cVSrtBEY HTTP/1.1" 200 3204 "-" "axios/1.11.0"
::1 - - [12/Sep/2025:13:47:14 +0000] "GET /api/v1/instructor/getEvents HTTP/1.1" 304 - "http://localhost:3000/" "Mozilla/5.0 (X11; Linux x86_64) AppleWebKit/537.36 (KHTML, like Gecko) Chrome/132.0.0.0 Safari/537.36"
::1 - - [12/Sep/2025:13:47:29 +0000] "GET /api/v1/instructor/getEvents HTTP/1.1" 304 - "http://localhost:3000/" "Mozilla/5.0 (X11; Linux x86_64) AppleWebKit/537.36 (KHTML, like Gecko) Chrome/132.0.0.0 Safari/537.36"
::1 - - [12/Sep/2025:13:47:30 +0000] "GET /api/v1/instructor/getEvents HTTP/1.1" 304 - "http://localhost:3000/" "Mozilla/5.0 (X11; Linux x86_64) AppleWebKit/537.36 (KHTML, like Gecko) Chrome/132.0.0.0 Safari/537.36"
::1 - - [12/Sep/2025:13:47:35 +0000] "GET /api/v1/instructor/getEvents HTTP/1.1" 304 - "http://localhost:3000/" "Mozilla/5.0 (X11; Linux x86_64) AppleWebKit/537.36 (KHTML, like Gecko) Chrome/132.0.0.0 Safari/537.36"
::1 - - [12/Sep/2025:13:47:39 +0000] "GET /api/v1/instructor/getEvents HTTP/1.1" 304 - "http://localhost:3000/" "Mozilla/5.0 (X11; Linux x86_64) AppleWebKit/537.36 (KHTML, like Gecko) Chrome/132.0.0.0 Safari/537.36"
::1 - - [12/Sep/2025:13:47:41 +0000] "GET /api/v1/instructor/getEvents HTTP/1.1" 304 - "http://localhost:3000/" "Mozilla/5.0 (X11; Linux x86_64) AppleWebKit/537.36 (KHTML, like Gecko) Chrome/132.0.0.0 Safari/537.36"
::1 - - [12/Sep/2025:13:47:42 +0000] "GET /api/v1/instructor/getEvents HTTP/1.1" 304 - "http://localhost:3000/" "Mozilla/5.0 (X11; Linux x86_64) AppleWebKit/537.36 (KHTML, like Gecko) Chrome/132.0.0.0 Safari/537.36"
::1 - - [12/Sep/2025:13:47:44 +0000] "GET /api/v1/instructor/getEvents HTTP/1.1" 304 - "http://localhost:3000/" "Mozilla/5.0 (X11; Linux x86_64) AppleWebKit/537.36 (KHTML, like Gecko) Chrome/132.0.0.0 Safari/537.36"
::1 - - [12/Sep/2025:13:47:44 +0000] "GET /api/v1/instructor/getEvents HTTP/1.1" 304 - "http://localhost:3000/" "Mozilla/5.0 (X11; Linux x86_64) AppleWebKit/537.36 (KHTML, like Gecko) Chrome/132.0.0.0 Safari/537.36"
::1 - - [12/Sep/2025:13:47:50 +0000] "GET /api/v1/instructor/getEvents HTTP/1.1" 304 - "http://localhost:3000/" "Mozilla/5.0 (X11; Linux x86_64) AppleWebKit/537.36 (KHTML, like Gecko) Chrome/132.0.0.0 Safari/537.36"
::1 - - [12/Sep/2025:13:47:58 +0000] "OPTIONS /api/v1/instructor/updateSession HTTP/1.1" 204 0 "http://localhost:3000/" "Mozilla/5.0 (X11; Linux x86_64) AppleWebKit/537.36 (KHTML, like Gecko) Chrome/132.0.0.0 Safari/537.36"
::1 - - [12/Sep/2025:13:47:58 +0000] "POST /api/v1/instructor/updateSession HTTP/1.1" 200 958 "http://localhost:3000/" "Mozilla/5.0 (X11; Linux x86_64) AppleWebKit/537.36 (KHTML, like Gecko) Chrome/132.0.0.0 Safari/537.36"
::1 - - [12/Sep/2025:13:47:59 +0000] "GET /api/v1/instructor/getEvents HTTP/1.1" 200 1485 "http://localhost:3000/" "Mozilla/5.0 (X11; Linux x86_64) AppleWebKit/537.36 (KHTML, like Gecko) Chrome/132.0.0.0 Safari/537.36"
::ffff:127.0.0.1 - - [12/Sep/2025:13:48:07 +0000] "GET /api/v1/user/getInstructorData?id=67375415e0ee19a15a41924d&token=eyJhbGciOiJIUzI1NiIsInR5cCI6IkpXVCJ9.eyJpZCI6IjY4YWViZDg1ZmM1N2M2YmFhMWY2ZDgwMSIsImVtYWlsIjoiamtAZ21haWwuY29tIiwicm9sZSI6IlVzZXIiLCJpYXQiOjE3NTc2ODQ0MzcsImV4cCI6MTc1NzY4NTkzN30.011STFf9sAui-ttairYNgZbN7OGet6SqLI0cVSrtBEY HTTP/1.1" 200 3401 "-" "axios/1.11.0"
::1 - - [12/Sep/2025:13:48:09 +0000] "GET /api/v1/user/getImg HTTP/1.1" 304 - "http://localhost:3000/" "Mozilla/5.0 (X11; Linux x86_64) AppleWebKit/537.36 (KHTML, like Gecko) Chrome/132.0.0.0 Safari/537.36"
::1 - - [12/Sep/2025:13:48:10 +0000] "OPTIONS /api/v1/user/create-checkout-session HTTP/1.1" 204 0 "http://localhost:3000/" "Mozilla/5.0 (X11; Linux x86_64) AppleWebKit/537.36 (KHTML, like Gecko) Chrome/132.0.0.0 Safari/537.36"
::1 - - [12/Sep/2025:13:48:11 +0000] "POST /api/v1/user/create-checkout-session HTTP/1.1" 200 454 "http://localhost:3000/" "Mozilla/5.0 (X11; Linux x86_64) AppleWebKit/537.36 (KHTML, like Gecko) Chrome/132.0.0.0 Safari/537.36"
::1 - - [12/Sep/2025:13:48:54 +0000] "GET /api/v1/user/getImg HTTP/1.1" 304 - "http://localhost:3000/" "Mozilla/5.0 (X11; Linux x86_64) AppleWebKit/537.36 (KHTML, like Gecko) Chrome/132.0.0.0 Safari/537.36"
::1 - - [12/Sep/2025:13:49:08 +0000] "GET /api/v1/user/home HTTP/1.1" 304 - "http://localhost:3000/" "Mozilla/5.0 (X11; Linux x86_64) AppleWebKit/537.36 (KHTML, like Gecko) Chrome/132.0.0.0 Safari/537.36"
::1 - - [12/Sep/2025:13:49:08 +0000] "GET /api/v1/user/getImg HTTP/1.1" 304 - "http://localhost:3000/" "Mozilla/5.0 (X11; Linux x86_64) AppleWebKit/537.36 (KHTML, like Gecko) Chrome/132.0.0.0 Safari/537.36"
::1 - - [12/Sep/2025:13:49:08 +0000] "GET /api/v1/user/getInstructor?page=1&limit=5&searchTerm=&category= HTTP/1.1" 304 - "http://localhost:3000/" "Mozilla/5.0 (X11; Linux x86_64) AppleWebKit/537.36 (KHTML, like Gecko) Chrome/132.0.0.0 Safari/537.36"
::1 - - [12/Sep/2025:13:49:08 +0000] "GET /api/v1/user/home HTTP/1.1" 304 - "http://localhost:3000/" "Mozilla/5.0 (X11; Linux x86_64) AppleWebKit/537.36 (KHTML, like Gecko) Chrome/132.0.0.0 Safari/537.36"
::1 - - [12/Sep/2025:13:49:08 +0000] "GET /api/v1/user/getImg HTTP/1.1" 304 - "http://localhost:3000/" "Mozilla/5.0 (X11; Linux x86_64) AppleWebKit/537.36 (KHTML, like Gecko) Chrome/132.0.0.0 Safari/537.36"
::1 - - [12/Sep/2025:13:49:08 +0000] "GET /api/v1/user/getInstructor?page=1&limit=5&searchTerm=&category= HTTP/1.1" 304 - "http://localhost:3000/" "Mozilla/5.0 (X11; Linux x86_64) AppleWebKit/537.36 (KHTML, like Gecko) Chrome/132.0.0.0 Safari/537.36"
::ffff:127.0.0.1 - - [12/Sep/2025:13:49:10 +0000] "GET /api/v1/user/getInstructorData?id=67375415e0ee19a15a41924d&token=eyJhbGciOiJIUzI1NiIsInR5cCI6IkpXVCJ9.eyJpZCI6IjY4YWViZDg1ZmM1N2M2YmFhMWY2ZDgwMSIsImVtYWlsIjoiamtAZ21haWwuY29tIiwicm9sZSI6IlVzZXIiLCJpYXQiOjE3NTc2ODQ0MzcsImV4cCI6MTc1NzY4NTkzN30.011STFf9sAui-ttairYNgZbN7OGet6SqLI0cVSrtBEY HTTP/1.1" 200 3403 "-" "axios/1.11.0"
::1 - - [12/Sep/2025:13:49:11 +0000] "GET /api/v1/user/getImg HTTP/1.1" 304 - "http://localhost:3000/" "Mozilla/5.0 (X11; Linux x86_64) AppleWebKit/537.36 (KHTML, like Gecko) Chrome/132.0.0.0 Safari/537.36"
::1 - - [12/Sep/2025:13:49:11 +0000] "GET /api/v1/user/getImg HTTP/1.1" 304 - "http://localhost:3000/" "Mozilla/5.0 (X11; Linux x86_64) AppleWebKit/537.36 (KHTML, like Gecko) Chrome/132.0.0.0 Safari/537.36"
::ffff:127.0.0.1 - - [12/Sep/2025:13:49:25 +0000] "GET /api/v1/user/getSlots?token=eyJhbGciOiJIUzI1NiIsInR5cCI6IkpXVCJ9.eyJpZCI6IjY4YWViZDg1ZmM1N2M2YmFhMWY2ZDgwMSIsImVtYWlsIjoiamtAZ21haWwuY29tIiwicm9sZSI6IlVzZXIiLCJpYXQiOjE3NTc2ODQ0MzcsImV4cCI6MTc1NzY4NTkzN30.011STFf9sAui-ttairYNgZbN7OGet6SqLI0cVSrtBEY HTTP/1.1" 200 1318 "-" "axios/1.11.0"
::1 - - [12/Sep/2025:13:49:25 +0000] "GET /api/v1/user/getImg HTTP/1.1" 304 - "http://localhost:3000/" "Mozilla/5.0 (X11; Linux x86_64) AppleWebKit/537.36 (KHTML, like Gecko) Chrome/132.0.0.0 Safari/537.36"
::1 - - [12/Sep/2025:13:49:25 +0000] "GET /api/v1/user/getImg HTTP/1.1" 304 - "http://localhost:3000/" "Mozilla/5.0 (X11; Linux x86_64) AppleWebKit/537.36 (KHTML, like Gecko) Chrome/132.0.0.0 Safari/537.36"
::1 - - [12/Sep/2025:13:49:54 +0000] "GET /api/v1/instructor/getImg HTTP/1.1" 304 - "http://localhost:3000/" "Mozilla/5.0 (X11; Linux x86_64) AppleWebKit/537.36 (KHTML, like Gecko) Chrome/132.0.0.0 Safari/537.36"
::1 - - [12/Sep/2025:13:49:54 +0000] "GET /api/v1/instructor/getSlot HTTP/1.1" 200 11292 "http://localhost:3000/" "Mozilla/5.0 (X11; Linux x86_64) AppleWebKit/537.36 (KHTML, like Gecko) Chrome/132.0.0.0 Safari/537.36"
::1 - - [12/Sep/2025:13:49:54 +0000] "GET /api/v1/instructor/getImg HTTP/1.1" 304 - "http://localhost:3000/" "Mozilla/5.0 (X11; Linux x86_64) AppleWebKit/537.36 (KHTML, like Gecko) Chrome/132.0.0.0 Safari/537.36"
::1 - - [12/Sep/2025:13:49:54 +0000] "GET /api/v1/instructor/getSlot HTTP/1.1" 304 - "http://localhost:3000/" "Mozilla/5.0 (X11; Linux x86_64) AppleWebKit/537.36 (KHTML, like Gecko) Chrome/132.0.0.0 Safari/537.36"
::1 - - [12/Sep/2025:13:56:32 +0000] "GET /api/v1/instructor/verifyRoom?roomId=a5113943-917c-4b69-a542-5fdd5a386dfc&instructorId=67375415e0ee19a15a41924d HTTP/1.1" 200 29 "http://localhost:3000/" "Mozilla/5.0 (X11; Linux x86_64) AppleWebKit/537.36 (KHTML, like Gecko) Chrome/132.0.0.0 Safari/537.36"
::1 - - [12/Sep/2025:13:56:32 +0000] "GET /api/v1/instructor/verifyRoom?roomId=a5113943-917c-4b69-a542-5fdd5a386dfc&instructorId=67375415e0ee19a15a41924d HTTP/1.1" 304 - "http://localhost:3000/" "Mozilla/5.0 (X11; Linux x86_64) AppleWebKit/537.36 (KHTML, like Gecko) Chrome/132.0.0.0 Safari/537.36"
::1 - - [12/Sep/2025:13:56:32 +0000] "GET /api/v1/instructor/verifyRoom?roomId=a5113943-917c-4b69-a542-5fdd5a386dfc&instructorId=67375415e0ee19a15a41924d HTTP/1.1" 304 - "http://localhost:3000/" "Mozilla/5.0 (X11; Linux x86_64) AppleWebKit/537.36 (KHTML, like Gecko) Chrome/132.0.0.0 Safari/537.36"
::1 - - [12/Sep/2025:14:00:31 +0000] "GET /api/v1/user/home HTTP/1.1" 304 - "http://localhost:3000/" "Mozilla/5.0 (X11; Linux x86_64) AppleWebKit/537.36 (KHTML, like Gecko) Chrome/132.0.0.0 Safari/537.36"
::1 - - [12/Sep/2025:14:00:31 +0000] "GET /api/v1/user/getImg HTTP/1.1" 304 - "http://localhost:3000/" "Mozilla/5.0 (X11; Linux x86_64) AppleWebKit/537.36 (KHTML, like Gecko) Chrome/132.0.0.0 Safari/537.36"
::1 - - [12/Sep/2025:14:00:31 +0000] "GET /api/v1/user/getInstructor?page=1&limit=5&searchTerm=&category= HTTP/1.1" 304 - "http://localhost:3000/" "Mozilla/5.0 (X11; Linux x86_64) AppleWebKit/537.36 (KHTML, like Gecko) Chrome/132.0.0.0 Safari/537.36"
::1 - - [12/Sep/2025:14:00:33 +0000] "GET /api/v1/user/getImg HTTP/1.1" 304 - "http://localhost:3000/" "Mozilla/5.0 (X11; Linux x86_64) AppleWebKit/537.36 (KHTML, like Gecko) Chrome/132.0.0.0 Safari/537.36"
::1 - - [12/Sep/2025:14:00:33 +0000] "GET /api/v1/user/home HTTP/1.1" 304 - "http://localhost:3000/" "Mozilla/5.0 (X11; Linux x86_64) AppleWebKit/537.36 (KHTML, like Gecko) Chrome/132.0.0.0 Safari/537.36"
::1 - - [12/Sep/2025:14:00:33 +0000] "GET /api/v1/user/getInstructor?page=1&limit=5&searchTerm=&category= HTTP/1.1" 304 - "http://localhost:3000/" "Mozilla/5.0 (X11; Linux x86_64) AppleWebKit/537.36 (KHTML, like Gecko) Chrome/132.0.0.0 Safari/537.36"
::1 - - [12/Sep/2025:14:01:16 +0000] "OPTIONS /api/v1/instructor/login HTTP/1.1" 204 0 "http://localhost:3000/" "Mozilla/5.0 (X11; Linux x86_64) AppleWebKit/537.36 (KHTML, like Gecko) Chrome/132.0.0.0 Safari/537.36"
::1 - - [12/Sep/2025:14:01:17 +0000] "POST /api/v1/instructor/login HTTP/1.1" 200 561 "http://localhost:3000/" "Mozilla/5.0 (X11; Linux x86_64) AppleWebKit/537.36 (KHTML, like Gecko) Chrome/132.0.0.0 Safari/537.36"
::1 - - [12/Sep/2025:14:01:20 +0000] "GET /api/v1/instructor/getImg HTTP/1.1" 200 161 "http://localhost:3000/" "Mozilla/5.0 (X11; Linux x86_64) AppleWebKit/537.36 (KHTML, like Gecko) Chrome/132.0.0.0 Safari/537.36"
::1 - - [12/Sep/2025:14:01:20 +0000] "GET /api/v1/instructor/getImg HTTP/1.1" 304 - "http://localhost:3000/" "Mozilla/5.0 (X11; Linux x86_64) AppleWebKit/537.36 (KHTML, like Gecko) Chrome/132.0.0.0 Safari/537.36"
::1 - - [12/Sep/2025:14:01:20 +0000] "GET /api/v1/instructor/getWallet?token=eyJhbGciOiJIUzI1NiIsInR5cCI6IkpXVCJ9.eyJpZCI6IjY3Mzc1NDE1ZTBlZTE5YTE1YTQxOTI0ZCIsImVtYWlsIjoicmFzaGFhQGdtYWlsLmNvbSIsInJvbGUiOiJJbnN0cnVjdG9yIiwiaWF0IjoxNzU3Njg1Njc3LCJleHAiOjE3NTc2ODcxNzd9.3jJ-JXnuayWVTGEsTXu4RGhimsks4DgOh7ezeHlOnTE HTTP/1.1" 200 22584 "http://localhost:3000/" "Mozilla/5.0 (X11; Linux x86_64) AppleWebKit/537.36 (KHTML, like Gecko) Chrome/132.0.0.0 Safari/537.36"
::1 - - [12/Sep/2025:14:01:20 +0000] "GET /api/v1/instructor/getWallet?token=eyJhbGciOiJIUzI1NiIsInR5cCI6IkpXVCJ9.eyJpZCI6IjY3Mzc1NDE1ZTBlZTE5YTE1YTQxOTI0ZCIsImVtYWlsIjoicmFzaGFhQGdtYWlsLmNvbSIsInJvbGUiOiJJbnN0cnVjdG9yIiwiaWF0IjoxNzU3Njg1Njc3LCJleHAiOjE3NTc2ODcxNzd9.3jJ-JXnuayWVTGEsTXu4RGhimsks4DgOh7ezeHlOnTE HTTP/1.1" 304 - "http://localhost:3000/" "Mozilla/5.0 (X11; Linux x86_64) AppleWebKit/537.36 (KHTML, like Gecko) Chrome/132.0.0.0 Safari/537.36"
::1 - - [12/Sep/2025:14:01:20 +0000] "GET /api/v1/instructor/getEvents HTTP/1.1" 200 1487 "http://localhost:3000/" "Mozilla/5.0 (X11; Linux x86_64) AppleWebKit/537.36 (KHTML, like Gecko) Chrome/132.0.0.0 Safari/537.36"
::1 - - [12/Sep/2025:14:01:21 +0000] "GET /api/v1/instructor/getEvents HTTP/1.1" 304 - "http://localhost:3000/" "Mozilla/5.0 (X11; Linux x86_64) AppleWebKit/537.36 (KHTML, like Gecko) Chrome/132.0.0.0 Safari/537.36"
::1 - - [13/Sep/2025:12:30:51 +0000] "OPTIONS /api/v1/user/login HTTP/1.1" 204 0 "http://localhost:3000/" "Mozilla/5.0 (X11; Linux x86_64) AppleWebKit/537.36 (KHTML, like Gecko) Chrome/132.0.0.0 Safari/537.36"
::1 - - [13/Sep/2025:12:31:36 +0000] "OPTIONS /api/v1/user/login HTTP/1.1" 204 0 "http://localhost:3000/" "Mozilla/5.0 (X11; Linux x86_64) AppleWebKit/537.36 (KHTML, like Gecko) Chrome/132.0.0.0 Safari/537.36"
::1 - - [13/Sep/2025:12:31:58 +0000] "POST /api/v1/user/login HTTP/1.1" 200 553 "http://localhost:3000/" "Mozilla/5.0 (X11; Linux x86_64) AppleWebKit/537.36 (KHTML, like Gecko) Chrome/132.0.0.0 Safari/537.36"
::1 - - [13/Sep/2025:12:32:03 +0000] "GET /api/v1/user/getImg HTTP/1.1" 200 174 "http://localhost:3000/" "Mozilla/5.0 (X11; Linux x86_64) AppleWebKit/537.36 (KHTML, like Gecko) Chrome/132.0.0.0 Safari/537.36"
::1 - - [13/Sep/2025:12:32:04 +0000] "GET /api/v1/user/home HTTP/1.1" 200 257 "http://localhost:3000/" "Mozilla/5.0 (X11; Linux x86_64) AppleWebKit/537.36 (KHTML, like Gecko) Chrome/132.0.0.0 Safari/537.36"
::1 - - [13/Sep/2025:12:32:05 +0000] "GET /api/v1/user/getInstructor?page=1&limit=5&searchTerm=&category= HTTP/1.1" 200 1908 "http://localhost:3000/" "Mozilla/5.0 (X11; Linux x86_64) AppleWebKit/537.36 (KHTML, like Gecko) Chrome/132.0.0.0 Safari/537.36"
::1 - - [13/Sep/2025:12:32:08 +0000] "GET /api/v1/user/home HTTP/1.1" 304 - "http://localhost:3000/" "Mozilla/5.0 (X11; Linux x86_64) AppleWebKit/537.36 (KHTML, like Gecko) Chrome/132.0.0.0 Safari/537.36"
::1 - - [13/Sep/2025:12:32:08 +0000] "GET /api/v1/user/getImg HTTP/1.1" 304 - "http://localhost:3000/" "Mozilla/5.0 (X11; Linux x86_64) AppleWebKit/537.36 (KHTML, like Gecko) Chrome/132.0.0.0 Safari/537.36"
::1 - - [13/Sep/2025:12:32:08 +0000] "GET /api/v1/user/getInstructor?page=1&limit=5&searchTerm=&category= HTTP/1.1" 304 - "http://localhost:3000/" "Mozilla/5.0 (X11; Linux x86_64) AppleWebKit/537.36 (KHTML, like Gecko) Chrome/132.0.0.0 Safari/537.36"
::1 - - [13/Sep/2025:12:32:52 +0000] "OPTIONS /api/v1/instructor/login HTTP/1.1" 204 0 "http://localhost:3000/" "Mozilla/5.0 (X11; Linux x86_64) AppleWebKit/537.36 (KHTML, like Gecko) Chrome/132.0.0.0 Safari/537.36"
::1 - - [13/Sep/2025:12:33:16 +0000] "POST /api/v1/instructor/login HTTP/1.1" - - "http://localhost:3000/" "Mozilla/5.0 (X11; Linux x86_64) AppleWebKit/537.36 (KHTML, like Gecko) Chrome/132.0.0.0 Safari/537.36"
::1 - - [13/Sep/2025:12:33:34 +0000] "OPTIONS /api/v1/instructor/login HTTP/1.1" 204 0 "http://localhost:3000/" "Mozilla/5.0 (X11; Linux x86_64) AppleWebKit/537.36 (KHTML, like Gecko) Chrome/132.0.0.0 Safari/537.36"
::1 - - [13/Sep/2025:12:33:34 +0000] "POST /api/v1/instructor/login HTTP/1.1" 200 55 "http://localhost:3000/" "Mozilla/5.0 (X11; Linux x86_64) AppleWebKit/537.36 (KHTML, like Gecko) Chrome/132.0.0.0 Safari/537.36"
::1 - - [13/Sep/2025:12:33:41 +0000] "OPTIONS /api/v1/instructor/login HTTP/1.1" 204 0 "http://localhost:3000/" "Mozilla/5.0 (X11; Linux x86_64) AppleWebKit/537.36 (KHTML, like Gecko) Chrome/132.0.0.0 Safari/537.36"
::1 - - [13/Sep/2025:12:33:41 +0000] "POST /api/v1/instructor/login HTTP/1.1" 200 561 "http://localhost:3000/" "Mozilla/5.0 (X11; Linux x86_64) AppleWebKit/537.36 (KHTML, like Gecko) Chrome/132.0.0.0 Safari/537.36"
::1 - - [13/Sep/2025:12:33:48 +0000] "GET /api/v1/instructor/getImg HTTP/1.1" 200 161 "http://localhost:3000/" "Mozilla/5.0 (X11; Linux x86_64) AppleWebKit/537.36 (KHTML, like Gecko) Chrome/132.0.0.0 Safari/537.36"
::1 - - [13/Sep/2025:12:33:53 +0000] "GET /api/v1/instructor/getImg HTTP/1.1" 200 161 "http://localhost:3000/" "Mozilla/5.0 (X11; Linux x86_64) AppleWebKit/537.36 (KHTML, like Gecko) Chrome/132.0.0.0 Safari/537.36"
::1 - - [13/Sep/2025:12:33:53 +0000] "GET /api/v1/instructor/getWallet?token=eyJhbGciOiJIUzI1NiIsInR5cCI6IkpXVCJ9.eyJpZCI6IjY3Mzc1NDE1ZTBlZTE5YTE1YTQxOTI0ZCIsImVtYWlsIjoicmFzaGFhQGdtYWlsLmNvbSIsInJvbGUiOiJJbnN0cnVjdG9yIiwiaWF0IjoxNzU3NzY2ODIxLCJleHAiOjE3NTc3NjgzMjF9.nsrik6uCRLiyrNWctc4V8N0pPWIbIO91PEu6SKi0PYc HTTP/1.1" 200 23341 "http://localhost:3000/" "Mozilla/5.0 (X11; Linux x86_64) AppleWebKit/537.36 (KHTML, like Gecko) Chrome/132.0.0.0 Safari/537.36"
::1 - - [13/Sep/2025:12:33:53 +0000] "GET /api/v1/instructor/getWallet?token=eyJhbGciOiJIUzI1NiIsInR5cCI6IkpXVCJ9.eyJpZCI6IjY3Mzc1NDE1ZTBlZTE5YTE1YTQxOTI0ZCIsImVtYWlsIjoicmFzaGFhQGdtYWlsLmNvbSIsInJvbGUiOiJJbnN0cnVjdG9yIiwiaWF0IjoxNzU3NzY2ODIxLCJleHAiOjE3NTc3NjgzMjF9.nsrik6uCRLiyrNWctc4V8N0pPWIbIO91PEu6SKi0PYc HTTP/1.1" 200 23341 "http://localhost:3000/" "Mozilla/5.0 (X11; Linux x86_64) AppleWebKit/537.36 (KHTML, like Gecko) Chrome/132.0.0.0 Safari/537.36"
::1 - - [13/Sep/2025:12:33:53 +0000] "GET /api/v1/instructor/getEvents HTTP/1.1" 200 1487 "http://localhost:3000/" "Mozilla/5.0 (X11; Linux x86_64) AppleWebKit/537.36 (KHTML, like Gecko) Chrome/132.0.0.0 Safari/537.36"
::1 - - [13/Sep/2025:12:33:53 +0000] "GET /api/v1/instructor/getEvents HTTP/1.1" 200 1487 "http://localhost:3000/" "Mozilla/5.0 (X11; Linux x86_64) AppleWebKit/537.36 (KHTML, like Gecko) Chrome/132.0.0.0 Safari/537.36"
::1 - - [13/Sep/2025:12:34:03 +0000] "GET /api/v1/instructor/getImg HTTP/1.1" 200 161 "http://localhost:3000/" "Mozilla/5.0 (X11; Linux x86_64) AppleWebKit/537.36 (KHTML, like Gecko) Chrome/132.0.0.0 Safari/537.36"
::1 - - [13/Sep/2025:12:34:06 +0000] "GET /api/v1/instructor/getImg HTTP/1.1" 200 161 "http://localhost:3000/" "Mozilla/5.0 (X11; Linux x86_64) AppleWebKit/537.36 (KHTML, like Gecko) Chrome/132.0.0.0 Safari/537.36"
::1 - - [13/Sep/2025:12:34:14 +0000] "GET /api/v1/instructor/getEvents HTTP/1.1" 200 1487 "http://localhost:3000/" "Mozilla/5.0 (X11; Linux x86_64) AppleWebKit/537.36 (KHTML, like Gecko) Chrome/132.0.0.0 Safari/537.36"
::1 - - [13/Sep/2025:12:34:14 +0000] "GET /api/v1/instructor/getEvents HTTP/1.1" 200 1487 "http://localhost:3000/" "Mozilla/5.0 (X11; Linux x86_64) AppleWebKit/537.36 (KHTML, like Gecko) Chrome/132.0.0.0 Safari/537.36"
::1 - - [13/Sep/2025:12:34:23 +0000] "GET /api/v1/instructor/getEvents HTTP/1.1" 304 - "http://localhost:3000/" "Mozilla/5.0 (X11; Linux x86_64) AppleWebKit/537.36 (KHTML, like Gecko) Chrome/132.0.0.0 Safari/537.36"
::1 - - [13/Sep/2025:12:34:43 +0000] "OPTIONS /api/v1/instructor/updateSession HTTP/1.1" 204 0 "http://localhost:3000/" "Mozilla/5.0 (X11; Linux x86_64) AppleWebKit/537.36 (KHTML, like Gecko) Chrome/132.0.0.0 Safari/537.36"
::1 - - [13/Sep/2025:12:34:43 +0000] "POST /api/v1/instructor/updateSession HTTP/1.1" 200 1159 "http://localhost:3000/" "Mozilla/5.0 (X11; Linux x86_64) AppleWebKit/537.36 (KHTML, like Gecko) Chrome/132.0.0.0 Safari/537.36"
::1 - - [13/Sep/2025:12:34:43 +0000] "GET /api/v1/instructor/getEvents HTTP/1.1" 200 1686 "http://localhost:3000/" "Mozilla/5.0 (X11; Linux x86_64) AppleWebKit/537.36 (KHTML, like Gecko) Chrome/132.0.0.0 Safari/537.36"
::1 - - [13/Sep/2025:12:34:50 +0000] "GET /api/v1/instructor/getImg HTTP/1.1" 304 - "http://localhost:3000/" "Mozilla/5.0 (X11; Linux x86_64) AppleWebKit/537.36 (KHTML, like Gecko) Chrome/132.0.0.0 Safari/537.36"
::1 - - [13/Sep/2025:12:34:56 +0000] "GET /api/v1/instructor/getImg HTTP/1.1" 304 - "http://localhost:3000/" "Mozilla/5.0 (X11; Linux x86_64) AppleWebKit/537.36 (KHTML, like Gecko) Chrome/132.0.0.0 Safari/537.36"
::1 - - [13/Sep/2025:12:34:57 +0000] "GET /api/v1/instructor/getSlot HTTP/1.1" 200 11908 "http://localhost:3000/" "Mozilla/5.0 (X11; Linux x86_64) AppleWebKit/537.36 (KHTML, like Gecko) Chrome/132.0.0.0 Safari/537.36"
::1 - - [13/Sep/2025:12:35:04 +0000] "GET /api/v1/instructor/getImg HTTP/1.1" 304 - "http://localhost:3000/" "Mozilla/5.0 (X11; Linux x86_64) AppleWebKit/537.36 (KHTML, like Gecko) Chrome/132.0.0.0 Safari/537.36"
::1 - - [13/Sep/2025:12:35:05 +0000] "GET /api/v1/instructor/getSlot HTTP/1.1" 304 - "http://localhost:3000/" "Mozilla/5.0 (X11; Linux x86_64) AppleWebKit/537.36 (KHTML, like Gecko) Chrome/132.0.0.0 Safari/537.36"
::1 - - [13/Sep/2025:12:35:05 +0000] "GET /api/v1/instructor/getImg HTTP/1.1" 304 - "http://localhost:3000/" "Mozilla/5.0 (X11; Linux x86_64) AppleWebKit/537.36 (KHTML, like Gecko) Chrome/132.0.0.0 Safari/537.36"
::1 - - [13/Sep/2025:12:35:05 +0000] "GET /api/v1/instructor/getEvents HTTP/1.1" 304 - "http://localhost:3000/" "Mozilla/5.0 (X11; Linux x86_64) AppleWebKit/537.36 (KHTML, like Gecko) Chrome/132.0.0.0 Safari/537.36"
::1 - - [13/Sep/2025:12:35:05 +0000] "GET /api/v1/instructor/getWallet?token=eyJhbGciOiJIUzI1NiIsInR5cCI6IkpXVCJ9.eyJpZCI6IjY3Mzc1NDE1ZTBlZTE5YTE1YTQxOTI0ZCIsImVtYWlsIjoicmFzaGFhQGdtYWlsLmNvbSIsInJvbGUiOiJJbnN0cnVjdG9yIiwiaWF0IjoxNzU3NzY2ODIxLCJleHAiOjE3NTc3NjgzMjF9.nsrik6uCRLiyrNWctc4V8N0pPWIbIO91PEu6SKi0PYc HTTP/1.1" 304 - "http://localhost:3000/" "Mozilla/5.0 (X11; Linux x86_64) AppleWebKit/537.36 (KHTML, like Gecko) Chrome/132.0.0.0 Safari/537.36"
::1 - - [13/Sep/2025:12:35:05 +0000] "GET /api/v1/instructor/getEvents HTTP/1.1" 304 - "http://localhost:3000/" "Mozilla/5.0 (X11; Linux x86_64) AppleWebKit/537.36 (KHTML, like Gecko) Chrome/132.0.0.0 Safari/537.36"
::1 - - [13/Sep/2025:12:35:05 +0000] "GET /api/v1/instructor/getWallet?token=eyJhbGciOiJIUzI1NiIsInR5cCI6IkpXVCJ9.eyJpZCI6IjY3Mzc1NDE1ZTBlZTE5YTE1YTQxOTI0ZCIsImVtYWlsIjoicmFzaGFhQGdtYWlsLmNvbSIsInJvbGUiOiJJbnN0cnVjdG9yIiwiaWF0IjoxNzU3NzY2ODIxLCJleHAiOjE3NTc3NjgzMjF9.nsrik6uCRLiyrNWctc4V8N0pPWIbIO91PEu6SKi0PYc HTTP/1.1" 304 - "http://localhost:3000/" "Mozilla/5.0 (X11; Linux x86_64) AppleWebKit/537.36 (KHTML, like Gecko) Chrome/132.0.0.0 Safari/537.36"
::1 - - [13/Sep/2025:12:41:12 +0000] "GET /api/v1/user/getImg HTTP/1.1" 200 174 "http://localhost:3000/" "Mozilla/5.0 (X11; Linux x86_64) AppleWebKit/537.36 (KHTML, like Gecko) Chrome/132.0.0.0 Safari/537.36"
::1 - - [13/Sep/2025:12:41:15 +0000] "GET /api/v1/user/home HTTP/1.1" 200 257 "http://localhost:3000/" "Mozilla/5.0 (X11; Linux x86_64) AppleWebKit/537.36 (KHTML, like Gecko) Chrome/132.0.0.0 Safari/537.36"
::ffff:127.0.0.1 - - [13/Sep/2025:12:41:15 +0000] "GET /api/v1/user/getInstructorData?id=67375415e0ee19a15a41924d&token=eyJhbGciOiJIUzI1NiIsInR5cCI6IkpXVCJ9.eyJpZCI6IjY4YWViZDg1ZmM1N2M2YmFhMWY2ZDgwMSIsImVtYWlsIjoiamtAZ21haWwuY29tIiwicm9sZSI6IlVzZXIiLCJpYXQiOjE3NTc3NjY3MTgsImV4cCI6MTc1Nzc2ODIxOH0.CzMFG9Wwz2-xV1nlgq4cUAmJqvSkaxAx84zGd2X-fAA HTTP/1.1" 200 3602 "-" "axios/1.11.0"
::1 - - [13/Sep/2025:12:41:15 +0000] "GET /api/v1/user/getInstructor?page=1&limit=5&searchTerm=&category= HTTP/1.1" 200 1908 "http://localhost:3000/" "Mozilla/5.0 (X11; Linux x86_64) AppleWebKit/537.36 (KHTML, like Gecko) Chrome/132.0.0.0 Safari/537.36"
::ffff:127.0.0.1 - - [13/Sep/2025:12:41:21 +0000] "GET /api/v1/user/getInstructorData?id=67375415e0ee19a15a41924d&token=eyJhbGciOiJIUzI1NiIsInR5cCI6IkpXVCJ9.eyJpZCI6IjY4YWViZDg1ZmM1N2M2YmFhMWY2ZDgwMSIsImVtYWlsIjoiamtAZ21haWwuY29tIiwicm9sZSI6IlVzZXIiLCJpYXQiOjE3NTc3NjY3MTgsImV4cCI6MTc1Nzc2ODIxOH0.CzMFG9Wwz2-xV1nlgq4cUAmJqvSkaxAx84zGd2X-fAA HTTP/1.1" 200 3602 "-" "axios/1.11.0"
::1 - - [13/Sep/2025:12:41:22 +0000] "GET /api/v1/user/getImg HTTP/1.1" 304 - "http://localhost:3000/" "Mozilla/5.0 (X11; Linux x86_64) AppleWebKit/537.36 (KHTML, like Gecko) Chrome/132.0.0.0 Safari/537.36"
::1 - - [13/Sep/2025:12:41:22 +0000] "GET /api/v1/user/getImg HTTP/1.1" 304 - "http://localhost:3000/" "Mozilla/5.0 (X11; Linux x86_64) AppleWebKit/537.36 (KHTML, like Gecko) Chrome/132.0.0.0 Safari/537.36"
::ffff:127.0.0.1 - - [13/Sep/2025:12:41:28 +0000] "GET /api/v1/user/getInstructorData?id=67375415e0ee19a15a41924d&token=eyJhbGciOiJIUzI1NiIsInR5cCI6IkpXVCJ9.eyJpZCI6IjY4YWViZDg1ZmM1N2M2YmFhMWY2ZDgwMSIsImVtYWlsIjoiamtAZ21haWwuY29tIiwicm9sZSI6IlVzZXIiLCJpYXQiOjE3NTc3NjY3MTgsImV4cCI6MTc1Nzc2ODIxOH0.CzMFG9Wwz2-xV1nlgq4cUAmJqvSkaxAx84zGd2X-fAA HTTP/1.1" 200 3602 "-" "axios/1.11.0"
::1 - - [13/Sep/2025:12:41:40 +0000] "OPTIONS /api/v1/user/create-checkout-session HTTP/1.1" 204 0 "http://localhost:3000/" "Mozilla/5.0 (X11; Linux x86_64) AppleWebKit/537.36 (KHTML, like Gecko) Chrome/132.0.0.0 Safari/537.36"
::1 - - [13/Sep/2025:12:41:45 +0000] "POST /api/v1/user/create-checkout-session HTTP/1.1" 200 454 "http://localhost:3000/" "Mozilla/5.0 (X11; Linux x86_64) AppleWebKit/537.36 (KHTML, like Gecko) Chrome/132.0.0.0 Safari/537.36"
::1 - - [13/Sep/2025:12:42:25 +0000] "GET /api/v1/user/getImg HTTP/1.1" 304 - "http://localhost:3000/" "Mozilla/5.0 (X11; Linux x86_64) AppleWebKit/537.36 (KHTML, like Gecko) Chrome/132.0.0.0 Safari/537.36"
::ffff:127.0.0.1 - - [13/Sep/2025:12:42:32 +0000] "GET /api/v1/user/getSlots?token=eyJhbGciOiJIUzI1NiIsInR5cCI6IkpXVCJ9.eyJpZCI6IjY4YWViZDg1ZmM1N2M2YmFhMWY2ZDgwMSIsImVtYWlsIjoiamtAZ21haWwuY29tIiwicm9sZSI6IlVzZXIiLCJpYXQiOjE3NTc3NjY3MTgsImV4cCI6MTc1Nzc2ODIxOH0.CzMFG9Wwz2-xV1nlgq4cUAmJqvSkaxAx84zGd2X-fAA HTTP/1.1" 200 1739 "-" "axios/1.11.0"
::1 - - [13/Sep/2025:12:42:33 +0000] "GET /api/v1/user/getImg HTTP/1.1" 304 - "http://localhost:3000/" "Mozilla/5.0 (X11; Linux x86_64) AppleWebKit/537.36 (KHTML, like Gecko) Chrome/132.0.0.0 Safari/537.36"
::1 - - [13/Sep/2025:12:42:33 +0000] "GET /api/v1/user/getImg HTTP/1.1" 304 - "http://localhost:3000/" "Mozilla/5.0 (X11; Linux x86_64) AppleWebKit/537.36 (KHTML, like Gecko) Chrome/132.0.0.0 Safari/537.36"
::ffff:127.0.0.1 - - [13/Sep/2025:12:42:38 +0000] "GET /api/v1/user/getInstructorData?id=67375415e0ee19a15a41924d&token=eyJhbGciOiJIUzI1NiIsInR5cCI6IkpXVCJ9.eyJpZCI6IjY4YWViZDg1ZmM1N2M2YmFhMWY2ZDgwMSIsImVtYWlsIjoiamtAZ21haWwuY29tIiwicm9sZSI6IlVzZXIiLCJpYXQiOjE3NTc3NjY3MTgsImV4cCI6MTc1Nzc2ODIxOH0.CzMFG9Wwz2-xV1nlgq4cUAmJqvSkaxAx84zGd2X-fAA HTTP/1.1" 200 3604 "-" "axios/1.11.0"
::1 - - [13/Sep/2025:12:42:41 +0000] "GET /api/v1/instructor/getImg HTTP/1.1" 304 - "http://localhost:3000/" "Mozilla/5.0 (X11; Linux x86_64) AppleWebKit/537.36 (KHTML, like Gecko) Chrome/132.0.0.0 Safari/537.36"
::1 - - [13/Sep/2025:12:42:41 +0000] "GET /api/v1/instructor/getImg HTTP/1.1" 304 - "http://localhost:3000/" "Mozilla/5.0 (X11; Linux x86_64) AppleWebKit/537.36 (KHTML, like Gecko) Chrome/132.0.0.0 Safari/537.36"
::1 - - [13/Sep/2025:12:42:41 +0000] "GET /api/v1/instructor/getSlot HTTP/1.1" 200 12458 "http://localhost:3000/" "Mozilla/5.0 (X11; Linux x86_64) AppleWebKit/537.36 (KHTML, like Gecko) Chrome/132.0.0.0 Safari/537.36"
::1 - - [13/Sep/2025:12:42:42 +0000] "GET /api/v1/instructor/getSlot HTTP/1.1" 304 - "http://localhost:3000/" "Mozilla/5.0 (X11; Linux x86_64) AppleWebKit/537.36 (KHTML, like Gecko) Chrome/132.0.0.0 Safari/537.36"
::1 - - [13/Sep/2025:12:42:54 +0000] "GET /api/v1/instructor/verifyRoom?roomId=54d14dd5-f336-4bdf-a4c7-6474863a92a3&instructorId=67375415e0ee19a15a41924d HTTP/1.1" 200 29 "http://localhost:3000/" "Mozilla/5.0 (X11; Linux x86_64) AppleWebKit/537.36 (KHTML, like Gecko) Chrome/132.0.0.0 Safari/537.36"
::1 - - [13/Sep/2025:12:42:54 +0000] "GET /api/v1/instructor/verifyRoom?roomId=54d14dd5-f336-4bdf-a4c7-6474863a92a3&instructorId=67375415e0ee19a15a41924d HTTP/1.1" 304 - "http://localhost:3000/" "Mozilla/5.0 (X11; Linux x86_64) AppleWebKit/537.36 (KHTML, like Gecko) Chrome/132.0.0.0 Safari/537.36"
::1 - - [13/Sep/2025:12:42:54 +0000] "GET /api/v1/instructor/verifyRoom?roomId=54d14dd5-f336-4bdf-a4c7-6474863a92a3&instructorId=67375415e0ee19a15a41924d HTTP/1.1" 304 - "http://localhost:3000/" "Mozilla/5.0 (X11; Linux x86_64) AppleWebKit/537.36 (KHTML, like Gecko) Chrome/132.0.0.0 Safari/537.36"
::1 - - [13/Sep/2025:12:43:10 +0000] "GET /api/v1/instructor/getImg HTTP/1.1" 304 - "http://localhost:3000/" "Mozilla/5.0 (X11; Linux x86_64) AppleWebKit/537.36 (KHTML, like Gecko) Chrome/132.0.0.0 Safari/537.36"
::1 - - [13/Sep/2025:12:43:10 +0000] "GET /api/v1/instructor/getImg HTTP/1.1" 304 - "http://localhost:3000/" "Mozilla/5.0 (X11; Linux x86_64) AppleWebKit/537.36 (KHTML, like Gecko) Chrome/132.0.0.0 Safari/537.36"
::1 - - [13/Sep/2025:12:43:10 +0000] "GET /api/v1/instructor/getSlot HTTP/1.1" 304 - "http://localhost:3000/" "Mozilla/5.0 (X11; Linux x86_64) AppleWebKit/537.36 (KHTML, like Gecko) Chrome/132.0.0.0 Safari/537.36"
::1 - - [13/Sep/2025:12:43:10 +0000] "GET /api/v1/instructor/getSlot HTTP/1.1" 304 - "http://localhost:3000/" "Mozilla/5.0 (X11; Linux x86_64) AppleWebKit/537.36 (KHTML, like Gecko) Chrome/132.0.0.0 Safari/537.36"
::1 - - [13/Sep/2025:12:43:16 +0000] "GET /api/v1/instructor/getImg HTTP/1.1" 304 - "http://localhost:3000/" "Mozilla/5.0 (X11; Linux x86_64) AppleWebKit/537.36 (KHTML, like Gecko) Chrome/132.0.0.0 Safari/537.36"
::1 - - [13/Sep/2025:12:43:16 +0000] "GET /api/v1/instructor/getSlot HTTP/1.1" 304 - "http://localhost:3000/" "Mozilla/5.0 (X11; Linux x86_64) AppleWebKit/537.36 (KHTML, like Gecko) Chrome/132.0.0.0 Safari/537.36"
::1 - - [13/Sep/2025:12:43:25 +0000] "GET /api/v1/instructor/verifyRoom?roomId=54d14dd5-f336-4bdf-a4c7-6474863a92a3&instructorId=67375415e0ee19a15a41924d HTTP/1.1" 304 - "http://localhost:3000/" "Mozilla/5.0 (X11; Linux x86_64) AppleWebKit/537.36 (KHTML, like Gecko) Chrome/132.0.0.0 Safari/537.36"
::1 - - [13/Sep/2025:12:43:25 +0000] "GET /api/v1/instructor/verifyRoom?roomId=54d14dd5-f336-4bdf-a4c7-6474863a92a3&instructorId=67375415e0ee19a15a41924d HTTP/1.1" 304 - "http://localhost:3000/" "Mozilla/5.0 (X11; Linux x86_64) AppleWebKit/537.36 (KHTML, like Gecko) Chrome/132.0.0.0 Safari/537.36"
::1 - - [13/Sep/2025:12:43:25 +0000] "GET /api/v1/instructor/verifyRoom?roomId=54d14dd5-f336-4bdf-a4c7-6474863a92a3&instructorId=67375415e0ee19a15a41924d HTTP/1.1" 304 - "http://localhost:3000/" "Mozilla/5.0 (X11; Linux x86_64) AppleWebKit/537.36 (KHTML, like Gecko) Chrome/132.0.0.0 Safari/537.36"
::1 - - [13/Sep/2025:13:46:18 +0000] "GET /api/v1/user/getImg HTTP/1.1" 401 27 "http://localhost:3000/" "Mozilla/5.0 (X11; Linux x86_64) AppleWebKit/537.36 (KHTML, like Gecko) Chrome/132.0.0.0 Safari/537.36"
::1 - - [13/Sep/2025:13:46:18 +0000] "GET /api/v1/user/getInstructor?page=1&limit=5&searchTerm=&category= HTTP/1.1" 401 27 "http://localhost:3000/" "Mozilla/5.0 (X11; Linux x86_64) AppleWebKit/537.36 (KHTML, like Gecko) Chrome/132.0.0.0 Safari/537.36"
::1 - - [13/Sep/2025:13:46:18 +0000] "GET /api/v1/user/home HTTP/1.1" 401 27 "http://localhost:3000/" "Mozilla/5.0 (X11; Linux x86_64) AppleWebKit/537.36 (KHTML, like Gecko) Chrome/132.0.0.0 Safari/537.36"
::1 - - [13/Sep/2025:13:46:18 +0000] "POST /api/v1/user/refreshToken HTTP/1.1" 200 43 "http://localhost:3000/" "Mozilla/5.0 (X11; Linux x86_64) AppleWebKit/537.36 (KHTML, like Gecko) Chrome/132.0.0.0 Safari/537.36"
::1 - - [13/Sep/2025:13:46:18 +0000] "POST /api/v1/user/refreshToken HTTP/1.1" 200 43 "http://localhost:3000/" "Mozilla/5.0 (X11; Linux x86_64) AppleWebKit/537.36 (KHTML, like Gecko) Chrome/132.0.0.0 Safari/537.36"
::1 - - [13/Sep/2025:13:46:18 +0000] "POST /api/v1/user/refreshToken HTTP/1.1" 200 43 "http://localhost:3000/" "Mozilla/5.0 (X11; Linux x86_64) AppleWebKit/537.36 (KHTML, like Gecko) Chrome/132.0.0.0 Safari/537.36"
::1 - - [13/Sep/2025:13:46:51 +0000] "OPTIONS /api/v1/instructor/login HTTP/1.1" 204 0 "http://localhost:3000/" "Mozilla/5.0 (X11; Linux x86_64) AppleWebKit/537.36 (KHTML, like Gecko) Chrome/132.0.0.0 Safari/537.36"
::1 - - [13/Sep/2025:13:46:52 +0000] "POST /api/v1/instructor/login HTTP/1.1" 200 561 "http://localhost:3000/" "Mozilla/5.0 (X11; Linux x86_64) AppleWebKit/537.36 (KHTML, like Gecko) Chrome/132.0.0.0 Safari/537.36"
::1 - - [13/Sep/2025:13:46:56 +0000] "GET /api/v1/instructor/getImg HTTP/1.1" 200 161 "http://localhost:3000/" "Mozilla/5.0 (X11; Linux x86_64) AppleWebKit/537.36 (KHTML, like Gecko) Chrome/132.0.0.0 Safari/537.36"
::1 - - [13/Sep/2025:13:46:56 +0000] "GET /api/v1/instructor/getWallet?token=eyJhbGciOiJIUzI1NiIsInR5cCI6IkpXVCJ9.eyJpZCI6IjY3Mzc1NDE1ZTBlZTE5YTE1YTQxOTI0ZCIsImVtYWlsIjoicmFzaGFhQGdtYWlsLmNvbSIsInJvbGUiOiJJbnN0cnVjdG9yIiwiaWF0IjoxNzU3NzcxMjEyLCJleHAiOjE3NTc3NzI3MTJ9.9erxN-exv78GimHTuOTqzdWSWlFWqz4AmB5ozO5W2B4 HTTP/1.1" 200 24409 "http://localhost:3000/" "Mozilla/5.0 (X11; Linux x86_64) AppleWebKit/537.36 (KHTML, like Gecko) Chrome/132.0.0.0 Safari/537.36"
::1 - - [13/Sep/2025:13:46:56 +0000] "GET /api/v1/instructor/getImg HTTP/1.1" 200 161 "http://localhost:3000/" "Mozilla/5.0 (X11; Linux x86_64) AppleWebKit/537.36 (KHTML, like Gecko) Chrome/132.0.0.0 Safari/537.36"
::1 - - [13/Sep/2025:13:46:56 +0000] "GET /api/v1/instructor/getWallet?token=eyJhbGciOiJIUzI1NiIsInR5cCI6IkpXVCJ9.eyJpZCI6IjY3Mzc1NDE1ZTBlZTE5YTE1YTQxOTI0ZCIsImVtYWlsIjoicmFzaGFhQGdtYWlsLmNvbSIsInJvbGUiOiJJbnN0cnVjdG9yIiwiaWF0IjoxNzU3NzcxMjEyLCJleHAiOjE3NTc3NzI3MTJ9.9erxN-exv78GimHTuOTqzdWSWlFWqz4AmB5ozO5W2B4 HTTP/1.1" 200 24409 "http://localhost:3000/" "Mozilla/5.0 (X11; Linux x86_64) AppleWebKit/537.36 (KHTML, like Gecko) Chrome/132.0.0.0 Safari/537.36"
::1 - - [13/Sep/2025:13:46:56 +0000] "GET /api/v1/instructor/getEvents HTTP/1.1" 200 1688 "http://localhost:3000/" "Mozilla/5.0 (X11; Linux x86_64) AppleWebKit/537.36 (KHTML, like Gecko) Chrome/132.0.0.0 Safari/537.36"
::1 - - [13/Sep/2025:13:46:56 +0000] "GET /api/v1/instructor/getEvents HTTP/1.1" 200 1688 "http://localhost:3000/" "Mozilla/5.0 (X11; Linux x86_64) AppleWebKit/537.36 (KHTML, like Gecko) Chrome/132.0.0.0 Safari/537.36"
::1 - - [13/Sep/2025:13:47:05 +0000] "GET /api/v1/instructor/getImg HTTP/1.1" 200 161 "http://localhost:3000/" "Mozilla/5.0 (X11; Linux x86_64) AppleWebKit/537.36 (KHTML, like Gecko) Chrome/132.0.0.0 Safari/537.36"
::1 - - [13/Sep/2025:13:47:05 +0000] "GET /api/v1/instructor/getImg HTTP/1.1" 200 161 "http://localhost:3000/" "Mozilla/5.0 (X11; Linux x86_64) AppleWebKit/537.36 (KHTML, like Gecko) Chrome/132.0.0.0 Safari/537.36"
::1 - - [13/Sep/2025:13:47:05 +0000] "GET /api/v1/instructor/getSlot HTTP/1.1" 200 12458 "http://localhost:3000/" "Mozilla/5.0 (X11; Linux x86_64) AppleWebKit/537.36 (KHTML, like Gecko) Chrome/132.0.0.0 Safari/537.36"
::1 - - [13/Sep/2025:13:47:05 +0000] "GET /api/v1/instructor/getSlot HTTP/1.1" 200 12458 "http://localhost:3000/" "Mozilla/5.0 (X11; Linux x86_64) AppleWebKit/537.36 (KHTML, like Gecko) Chrome/132.0.0.0 Safari/537.36"
::1 - - [13/Sep/2025:13:47:19 +0000] "GET /api/v1/instructor/verifyRoom?roomId=54d14dd5-f336-4bdf-a4c7-6474863a92a3&instructorId=67375415e0ee19a15a41924d HTTP/1.1" 200 29 "http://localhost:3000/" "Mozilla/5.0 (X11; Linux x86_64) AppleWebKit/537.36 (KHTML, like Gecko) Chrome/132.0.0.0 Safari/537.36"
::1 - - [13/Sep/2025:13:47:19 +0000] "GET /api/v1/instructor/verifyRoom?roomId=54d14dd5-f336-4bdf-a4c7-6474863a92a3&instructorId=67375415e0ee19a15a41924d HTTP/1.1" 200 29 "http://localhost:3000/" "Mozilla/5.0 (X11; Linux x86_64) AppleWebKit/537.36 (KHTML, like Gecko) Chrome/132.0.0.0 Safari/537.36"
::1 - - [13/Sep/2025:13:47:19 +0000] "GET /api/v1/instructor/verifyRoom?roomId=54d14dd5-f336-4bdf-a4c7-6474863a92a3&instructorId=67375415e0ee19a15a41924d HTTP/1.1" 200 29 "http://localhost:3000/" "Mozilla/5.0 (X11; Linux x86_64) AppleWebKit/537.36 (KHTML, like Gecko) Chrome/132.0.0.0 Safari/537.36"
::1 - - [13/Sep/2025:13:47:47 +0000] "GET /api/v1/instructor/verifyRoom?roomId=54d14dd5-f336-4bdf-a4c7-6474863a92a3&instructorId=67375415e0ee19a15a41924d HTTP/1.1" 200 29 "http://localhost:3000/" "Mozilla/5.0 (X11; Linux x86_64) AppleWebKit/537.36 (KHTML, like Gecko) Chrome/132.0.0.0 Safari/537.36"
::1 - - [13/Sep/2025:13:47:47 +0000] "GET /api/v1/instructor/verifyRoom?roomId=54d14dd5-f336-4bdf-a4c7-6474863a92a3&instructorId=67375415e0ee19a15a41924d HTTP/1.1" 200 29 "http://localhost:3000/" "Mozilla/5.0 (X11; Linux x86_64) AppleWebKit/537.36 (KHTML, like Gecko) Chrome/132.0.0.0 Safari/537.36"
::1 - - [13/Sep/2025:13:50:26 +0000] "GET /api/v1/instructor/verifyRoom?roomId=54d14dd5-f336-4bdf-a4c7-6474863a92a3&instructorId=67375415e0ee19a15a41924d HTTP/1.1" 304 - "http://localhost:3000/" "Mozilla/5.0 (X11; Linux x86_64) AppleWebKit/537.36 (KHTML, like Gecko) Chrome/132.0.0.0 Safari/537.36"
::1 - - [13/Sep/2025:13:50:26 +0000] "GET /api/v1/instructor/verifyRoom?roomId=54d14dd5-f336-4bdf-a4c7-6474863a92a3&instructorId=67375415e0ee19a15a41924d HTTP/1.1" 304 - "http://localhost:3000/" "Mozilla/5.0 (X11; Linux x86_64) AppleWebKit/537.36 (KHTML, like Gecko) Chrome/132.0.0.0 Safari/537.36"
::1 - - [13/Sep/2025:13:50:26 +0000] "GET /api/v1/instructor/verifyRoom?roomId=54d14dd5-f336-4bdf-a4c7-6474863a92a3&instructorId=67375415e0ee19a15a41924d HTTP/1.1" 304 - "http://localhost:3000/" "Mozilla/5.0 (X11; Linux x86_64) AppleWebKit/537.36 (KHTML, like Gecko) Chrome/132.0.0.0 Safari/537.36"
::1 - - [13/Sep/2025:13:50:31 +0000] "GET /api/v1/instructor/verifyRoom?roomId=54d14dd5-f336-4bdf-a4c7-6474863a92a3&instructorId=67375415e0ee19a15a41924d HTTP/1.1" 304 - "http://localhost:3000/" "Mozilla/5.0 (X11; Linux x86_64) AppleWebKit/537.36 (KHTML, like Gecko) Chrome/132.0.0.0 Safari/537.36"
::1 - - [13/Sep/2025:13:50:38 +0000] "GET /api/v1/instructor/verifyRoom?roomId=54d14dd5-f336-4bdf-a4c7-6474863a92a3&instructorId=67375415e0ee19a15a41924d HTTP/1.1" 304 - "http://localhost:3000/" "Mozilla/5.0 (X11; Linux x86_64) AppleWebKit/537.36 (KHTML, like Gecko) Chrome/132.0.0.0 Safari/537.36"
::1 - - [13/Sep/2025:13:50:43 +0000] "GET /api/v1/instructor/getImg HTTP/1.1" 304 - "http://localhost:3000/" "Mozilla/5.0 (X11; Linux x86_64) AppleWebKit/537.36 (KHTML, like Gecko) Chrome/132.0.0.0 Safari/537.36"
::1 - - [13/Sep/2025:13:50:43 +0000] "GET /api/v1/instructor/getSlot HTTP/1.1" 304 - "http://localhost:3000/" "Mozilla/5.0 (X11; Linux x86_64) AppleWebKit/537.36 (KHTML, like Gecko) Chrome/132.0.0.0 Safari/537.36"
::1 - - [13/Sep/2025:13:50:43 +0000] "GET /api/v1/instructor/getImg HTTP/1.1" 304 - "http://localhost:3000/" "Mozilla/5.0 (X11; Linux x86_64) AppleWebKit/537.36 (KHTML, like Gecko) Chrome/132.0.0.0 Safari/537.36"
::1 - - [13/Sep/2025:13:50:43 +0000] "GET /api/v1/instructor/getSlot HTTP/1.1" 304 - "http://localhost:3000/" "Mozilla/5.0 (X11; Linux x86_64) AppleWebKit/537.36 (KHTML, like Gecko) Chrome/132.0.0.0 Safari/537.36"
::1 - - [13/Sep/2025:13:50:45 +0000] "GET /api/v1/instructor/verifyRoom?roomId=54d14dd5-f336-4bdf-a4c7-6474863a92a3&instructorId=67375415e0ee19a15a41924d HTTP/1.1" 304 - "http://localhost:3000/" "Mozilla/5.0 (X11; Linux x86_64) AppleWebKit/537.36 (KHTML, like Gecko) Chrome/132.0.0.0 Safari/537.36"
::1 - - [13/Sep/2025:13:50:45 +0000] "GET /api/v1/instructor/verifyRoom?roomId=54d14dd5-f336-4bdf-a4c7-6474863a92a3&instructorId=67375415e0ee19a15a41924d HTTP/1.1" 304 - "http://localhost:3000/" "Mozilla/5.0 (X11; Linux x86_64) AppleWebKit/537.36 (KHTML, like Gecko) Chrome/132.0.0.0 Safari/537.36"
::1 - - [13/Sep/2025:13:50:45 +0000] "GET /api/v1/instructor/verifyRoom?roomId=54d14dd5-f336-4bdf-a4c7-6474863a92a3&instructorId=67375415e0ee19a15a41924d HTTP/1.1" 304 - "http://localhost:3000/" "Mozilla/5.0 (X11; Linux x86_64) AppleWebKit/537.36 (KHTML, like Gecko) Chrome/132.0.0.0 Safari/537.36"
::1 - - [13/Sep/2025:13:51:01 +0000] "GET /api/v1/instructor/verifyRoom?roomId=54d14dd5-f336-4bdf-a4c7-6474863a92a3&instructorId=67375415e0ee19a15a41924d HTTP/1.1" 304 - "http://localhost:3000/" "Mozilla/5.0 (X11; Linux x86_64) AppleWebKit/537.36 (KHTML, like Gecko) Chrome/132.0.0.0 Safari/537.36"
::1 - - [13/Sep/2025:13:51:01 +0000] "GET /api/v1/instructor/verifyRoom?roomId=54d14dd5-f336-4bdf-a4c7-6474863a92a3&instructorId=67375415e0ee19a15a41924d HTTP/1.1" 304 - "http://localhost:3000/" "Mozilla/5.0 (X11; Linux x86_64) AppleWebKit/537.36 (KHTML, like Gecko) Chrome/132.0.0.0 Safari/537.36"
::1 - - [13/Sep/2025:13:51:01 +0000] "GET /api/v1/instructor/verifyRoom?roomId=54d14dd5-f336-4bdf-a4c7-6474863a92a3&instructorId=67375415e0ee19a15a41924d HTTP/1.1" 304 - "http://localhost:3000/" "Mozilla/5.0 (X11; Linux x86_64) AppleWebKit/537.36 (KHTML, like Gecko) Chrome/132.0.0.0 Safari/537.36"
::1 - - [13/Sep/2025:13:51:07 +0000] "GET /api/v1/instructor/getImg HTTP/1.1" 304 - "http://localhost:3000/" "Mozilla/5.0 (X11; Linux x86_64) AppleWebKit/537.36 (KHTML, like Gecko) Chrome/132.0.0.0 Safari/537.36"
::1 - - [13/Sep/2025:13:51:07 +0000] "GET /api/v1/instructor/getImg HTTP/1.1" 304 - "http://localhost:3000/" "Mozilla/5.0 (X11; Linux x86_64) AppleWebKit/537.36 (KHTML, like Gecko) Chrome/132.0.0.0 Safari/537.36"
::1 - - [13/Sep/2025:13:51:07 +0000] "GET /api/v1/instructor/getSlot HTTP/1.1" 304 - "http://localhost:3000/" "Mozilla/5.0 (X11; Linux x86_64) AppleWebKit/537.36 (KHTML, like Gecko) Chrome/132.0.0.0 Safari/537.36"
::1 - - [13/Sep/2025:13:51:07 +0000] "GET /api/v1/instructor/getSlot HTTP/1.1" 304 - "http://localhost:3000/" "Mozilla/5.0 (X11; Linux x86_64) AppleWebKit/537.36 (KHTML, like Gecko) Chrome/132.0.0.0 Safari/537.36"
::1 - - [13/Sep/2025:13:51:09 +0000] "GET /api/v1/instructor/getImg HTTP/1.1" 304 - "http://localhost:3000/" "Mozilla/5.0 (X11; Linux x86_64) AppleWebKit/537.36 (KHTML, like Gecko) Chrome/132.0.0.0 Safari/537.36"
::1 - - [13/Sep/2025:13:51:09 +0000] "GET /api/v1/instructor/getSlot HTTP/1.1" 304 - "http://localhost:3000/" "Mozilla/5.0 (X11; Linux x86_64) AppleWebKit/537.36 (KHTML, like Gecko) Chrome/132.0.0.0 Safari/537.36"
::1 - - [13/Sep/2025:13:51:13 +0000] "GET /api/v1/instructor/verifyRoom?roomId=54d14dd5-f336-4bdf-a4c7-6474863a92a3&instructorId=67375415e0ee19a15a41924d HTTP/1.1" 304 - "http://localhost:3000/" "Mozilla/5.0 (X11; Linux x86_64) AppleWebKit/537.36 (KHTML, like Gecko) Chrome/132.0.0.0 Safari/537.36"
::1 - - [13/Sep/2025:13:51:13 +0000] "GET /api/v1/instructor/verifyRoom?roomId=54d14dd5-f336-4bdf-a4c7-6474863a92a3&instructorId=67375415e0ee19a15a41924d HTTP/1.1" 304 - "http://localhost:3000/" "Mozilla/5.0 (X11; Linux x86_64) AppleWebKit/537.36 (KHTML, like Gecko) Chrome/132.0.0.0 Safari/537.36"
::1 - - [13/Sep/2025:13:51:13 +0000] "GET /api/v1/instructor/verifyRoom?roomId=54d14dd5-f336-4bdf-a4c7-6474863a92a3&instructorId=67375415e0ee19a15a41924d HTTP/1.1" 304 - "http://localhost:3000/" "Mozilla/5.0 (X11; Linux x86_64) AppleWebKit/537.36 (KHTML, like Gecko) Chrome/132.0.0.0 Safari/537.36"
