::1 - - [09/Sep/2025:17:18:09 +0000] "GET /api/v1/instructor/getSlot HTTP/1.1" 304 - "http://localhost:3000/" "Mozilla/5.0 (X11; Linux x86_64) AppleWebKit/537.36 (KHTML, like Gecko) Chrome/132.0.0.0 Safari/537.36"
::1 - - [09/Sep/2025:17:18:18 +0000] "GET /api/v1/instructor/getImg HTTP/1.1" 304 - "http://localhost:3000/" "Mozilla/5.0 (X11; Linux x86_64) AppleWebKit/537.36 (KHTML, like Gecko) Chrome/132.0.0.0 Safari/537.36"
::1 - - [09/Sep/2025:17:18:18 +0000] "GET /api/v1/instructor/getImg HTTP/1.1" 304 - "http://localhost:3000/" "Mozilla/5.0 (X11; Linux x86_64) AppleWebKit/537.36 (KHTML, like Gecko) Chrome/132.0.0.0 Safari/537.36"
::1 - - [09/Sep/2025:17:18:18 +0000] "GET /api/v1/instructor/getEvents HTTP/1.1" 304 - "http://localhost:3000/" "Mozilla/5.0 (X11; Linux x86_64) AppleWebKit/537.36 (KHTML, like Gecko) Chrome/132.0.0.0 Safari/537.36"
::1 - - [09/Sep/2025:17:18:18 +0000] "GET /api/v1/instructor/getEvents HTTP/1.1" 304 - "http://localhost:3000/" "Mozilla/5.0 (X11; Linux x86_64) AppleWebKit/537.36 (KHTML, like Gecko) Chrome/132.0.0.0 Safari/537.36"
::1 - - [09/Sep/2025:17:18:21 +0000] "GET /api/v1/instructor/getEvents HTTP/1.1" 304 - "http://localhost:3000/" "Mozilla/5.0 (X11; Linux x86_64) AppleWebKit/537.36 (KHTML, like Gecko) Chrome/132.0.0.0 Safari/537.36"
::1 - - [09/Sep/2025:17:18:25 +0000] "OPTIONS /api/v1/instructor/updateSession HTTP/1.1" 204 0 "http://localhost:3000/" "Mozilla/5.0 (X11; Linux x86_64) AppleWebKit/537.36 (KHTML, like Gecko) Chrome/132.0.0.0 Safari/537.36"
::1 - - [09/Sep/2025:17:18:25 +0000] "POST /api/v1/instructor/updateSession HTTP/1.1" 200 1146 "http://localhost:3000/" "Mozilla/5.0 (X11; Linux x86_64) AppleWebKit/537.36 (KHTML, like Gecko) Chrome/132.0.0.0 Safari/537.36"
::1 - - [09/Sep/2025:17:18:26 +0000] "GET /api/v1/instructor/getEvents HTTP/1.1" 200 1673 "http://localhost:3000/" "Mozilla/5.0 (X11; Linux x86_64) AppleWebKit/537.36 (KHTML, like Gecko) Chrome/132.0.0.0 Safari/537.36"
::ffff:127.0.0.1 - - [09/Sep/2025:17:18:33 +0000] "GET /api/v1/user/getInstructorData?id=67375415e0ee19a15a41924d&token=eyJhbGciOiJIUzI1NiIsInR5cCI6IkpXVCJ9.eyJpZCI6IjY4YWViZDg1ZmM1N2M2YmFhMWY2ZDgwMSIsImVtYWlsIjoiamtAZ21haWwuY29tIiwicm9sZSI6IlVzZXIiLCJpYXQiOjE3NTc0MzcxMjUsImV4cCI6MTc1NzQzODYyNX0.S1S0LZZwBrfy_5IntEKD_Y7ZqAH-UnSGsi-DiyUxhio HTTP/1.1" 200 3589 "-" "axios/1.11.0"
::1 - - [09/Sep/2025:17:18:34 +0000] "GET /api/v1/user/getImg HTTP/1.1" 304 - "http://localhost:3000/" "Mozilla/5.0 (X11; Linux x86_64) AppleWebKit/537.36 (KHTML, like Gecko) Chrome/132.0.0.0 Safari/537.36"
::1 - - [09/Sep/2025:17:18:36 +0000] "OPTIONS /api/v1/user/create-checkout-session HTTP/1.1" 204 0 "http://localhost:3000/" "Mozilla/5.0 (X11; Linux x86_64) AppleWebKit/537.36 (KHTML, like Gecko) Chrome/132.0.0.0 Safari/537.36"
::1 - - [09/Sep/2025:17:18:37 +0000] "POST /api/v1/user/create-checkout-session HTTP/1.1" 200 454 "http://localhost:3000/" "Mozilla/5.0 (X11; Linux x86_64) AppleWebKit/537.36 (KHTML, like Gecko) Chrome/132.0.0.0 Safari/537.36"
::1 - - [09/Sep/2025:17:19:15 +0000] "GET /api/v1/user/getImg HTTP/1.1" 304 - "http://localhost:3000/" "Mozilla/5.0 (X11; Linux x86_64) AppleWebKit/537.36 (KHTML, like Gecko) Chrome/132.0.0.0 Safari/537.36"
::ffff:127.0.0.1 - - [09/Sep/2025:17:19:22 +0000] "GET /api/v1/user/getSlots?token=eyJhbGciOiJIUzI1NiIsInR5cCI6IkpXVCJ9.eyJpZCI6IjY4YWViZDg1ZmM1N2M2YmFhMWY2ZDgwMSIsImVtYWlsIjoiamtAZ21haWwuY29tIiwicm9sZSI6IlVzZXIiLCJpYXQiOjE3NTc0MzcxMjUsImV4cCI6MTc1NzQzODYyNX0.S1S0LZZwBrfy_5IntEKD_Y7ZqAH-UnSGsi-DiyUxhio HTTP/1.1" 200 1315 "-" "axios/1.11.0"
::1 - - [09/Sep/2025:17:19:22 +0000] "GET /api/v1/user/getImg HTTP/1.1" 304 - "http://localhost:3000/" "Mozilla/5.0 (X11; Linux x86_64) AppleWebKit/537.36 (KHTML, like Gecko) Chrome/132.0.0.0 Safari/537.36"
::1 - - [09/Sep/2025:17:19:22 +0000] "GET /api/v1/user/getImg HTTP/1.1" 304 - "http://localhost:3000/" "Mozilla/5.0 (X11; Linux x86_64) AppleWebKit/537.36 (KHTML, like Gecko) Chrome/132.0.0.0 Safari/537.36"
::ffff:127.0.0.1 - - [09/Sep/2025:17:19:30 +0000] "GET /api/v1/user/getSlots?token=eyJhbGciOiJIUzI1NiIsInR5cCI6IkpXVCJ9.eyJpZCI6IjY4YWViZDg1ZmM1N2M2YmFhMWY2ZDgwMSIsImVtYWlsIjoiamtAZ21haWwuY29tIiwicm9sZSI6IlVzZXIiLCJpYXQiOjE3NTc0MzcxMjUsImV4cCI6MTc1NzQzODYyNX0.S1S0LZZwBrfy_5IntEKD_Y7ZqAH-UnSGsi-DiyUxhio HTTP/1.1" 200 1315 "-" "axios/1.11.0"
::ffff:127.0.0.1 - - [09/Sep/2025:17:19:32 +0000] "POST /api/v1/user/webhook HTTP/1.1" - - "-" "Stripe/1.0 (+https://stripe.com/docs/webhooks)"
::ffff:127.0.0.1 - - [09/Sep/2025:17:19:32 +0000] "POST /api/v1/user/webhook HTTP/1.1" - - "-" "Stripe/1.0 (+https://stripe.com/docs/webhooks)"
::1 - - [09/Sep/2025:17:19:32 +0000] "GET /api/v1/user/getImg HTTP/1.1" 304 - "http://localhost:3000/" "Mozilla/5.0 (X11; Linux x86_64) AppleWebKit/537.36 (KHTML, like Gecko) Chrome/132.0.0.0 Safari/537.36"
::ffff:127.0.0.1 - - [09/Sep/2025:17:19:32 +0000] "POST /api/v1/user/webhook HTTP/1.1" - - "-" "Stripe/1.0 (+https://stripe.com/docs/webhooks)"
::ffff:127.0.0.1 - - [09/Sep/2025:17:19:32 +0000] "POST /api/v1/user/webhook HTTP/1.1" - - "-" "Stripe/1.0 (+https://stripe.com/docs/webhooks)"
::ffff:127.0.0.1 - - [09/Sep/2025:17:19:34 +0000] "POST /api/v1/user/webhook HTTP/1.1" - - "-" "Stripe/1.0 (+https://stripe.com/docs/webhooks)"
::1 - - [09/Sep/2025:17:19:38 +0000] "GET /api/v1/instructor/getImg HTTP/1.1" 304 - "http://localhost:3000/" "Mozilla/5.0 (X11; Linux x86_64) AppleWebKit/537.36 (KHTML, like Gecko) Chrome/132.0.0.0 Safari/537.36"
::1 - - [09/Sep/2025:17:19:38 +0000] "GET /api/v1/instructor/getImg HTTP/1.1" 304 - "http://localhost:3000/" "Mozilla/5.0 (X11; Linux x86_64) AppleWebKit/537.36 (KHTML, like Gecko) Chrome/132.0.0.0 Safari/537.36"
::1 - - [09/Sep/2025:17:19:38 +0000] "GET /api/v1/instructor/getSlot HTTP/1.1" 200 10763 "http://localhost:3000/" "Mozilla/5.0 (X11; Linux x86_64) AppleWebKit/537.36 (KHTML, like Gecko) Chrome/132.0.0.0 Safari/537.36"
::1 - - [09/Sep/2025:17:19:39 +0000] "GET /api/v1/instructor/getSlot HTTP/1.1" 304 - "http://localhost:3000/" "Mozilla/5.0 (X11; Linux x86_64) AppleWebKit/537.36 (KHTML, like Gecko) Chrome/132.0.0.0 Safari/537.36"
::1 - - [09/Sep/2025:17:19:41 +0000] "GET /api/v1/instructor/getImg HTTP/1.1" 304 - "http://localhost:3000/" "Mozilla/5.0 (X11; Linux x86_64) AppleWebKit/537.36 (KHTML, like Gecko) Chrome/132.0.0.0 Safari/537.36"
::1 - - [09/Sep/2025:17:19:41 +0000] "GET /api/v1/instructor/getSlot HTTP/1.1" 304 - "http://localhost:3000/" "Mozilla/5.0 (X11; Linux x86_64) AppleWebKit/537.36 (KHTML, like Gecko) Chrome/132.0.0.0 Safari/537.36"
::ffff:127.0.0.1 - - [09/Sep/2025:17:19:45 +0000] "GET /api/v1/user/getSlots?token=eyJhbGciOiJIUzI1NiIsInR5cCI6IkpXVCJ9.eyJpZCI6IjY4YWViZDg1ZmM1N2M2YmFhMWY2ZDgwMSIsImVtYWlsIjoiamtAZ21haWwuY29tIiwicm9sZSI6IlVzZXIiLCJpYXQiOjE3NTc0MzcxMjUsImV4cCI6MTc1NzQzODYyNX0.S1S0LZZwBrfy_5IntEKD_Y7ZqAH-UnSGsi-DiyUxhio HTTP/1.1" 200 1315 "-" "axios/1.11.0"
::1 - - [09/Sep/2025:17:19:46 +0000] "GET /api/v1/user/getImg HTTP/1.1" 304 - "http://localhost:3000/" "Mozilla/5.0 (X11; Linux x86_64) AppleWebKit/537.36 (KHTML, like Gecko) Chrome/132.0.0.0 Safari/537.36"
::1 - - [09/Sep/2025:17:19:48 +0000] "GET /api/v1/user/getImg HTTP/1.1" 304 - "http://localhost:3000/" "Mozilla/5.0 (X11; Linux x86_64) AppleWebKit/537.36 (KHTML, like Gecko) Chrome/132.0.0.0 Safari/537.36"
::1 - - [09/Sep/2025:17:19:48 +0000] "GET /api/v1/user/home HTTP/1.1" 304 - "http://localhost:3000/" "Mozilla/5.0 (X11; Linux x86_64) AppleWebKit/537.36 (KHTML, like Gecko) Chrome/132.0.0.0 Safari/537.36"
::1 - - [09/Sep/2025:17:19:48 +0000] "GET /api/v1/user/getInstructor?page=1&limit=5&searchTerm=&category= HTTP/1.1" 304 - "http://localhost:3000/" "Mozilla/5.0 (X11; Linux x86_64) AppleWebKit/537.36 (KHTML, like Gecko) Chrome/132.0.0.0 Safari/537.36"
::1 - - [09/Sep/2025:17:19:48 +0000] "GET /api/v1/user/getImg HTTP/1.1" 304 - "http://localhost:3000/" "Mozilla/5.0 (X11; Linux x86_64) AppleWebKit/537.36 (KHTML, like Gecko) Chrome/132.0.0.0 Safari/537.36"
::1 - - [09/Sep/2025:17:19:48 +0000] "GET /api/v1/user/home HTTP/1.1" 304 - "http://localhost:3000/" "Mozilla/5.0 (X11; Linux x86_64) AppleWebKit/537.36 (KHTML, like Gecko) Chrome/132.0.0.0 Safari/537.36"
::1 - - [09/Sep/2025:17:19:48 +0000] "GET /api/v1/user/getInstructor?page=1&limit=5&searchTerm=&category= HTTP/1.1" 304 - "http://localhost:3000/" "Mozilla/5.0 (X11; Linux x86_64) AppleWebKit/537.36 (KHTML, like Gecko) Chrome/132.0.0.0 Safari/537.36"
::ffff:127.0.0.1 - - [09/Sep/2025:17:19:50 +0000] "GET /api/v1/user/getInstructorData?id=67375415e0ee19a15a41924d&token=eyJhbGciOiJIUzI1NiIsInR5cCI6IkpXVCJ9.eyJpZCI6IjY4YWViZDg1ZmM1N2M2YmFhMWY2ZDgwMSIsImVtYWlsIjoiamtAZ21haWwuY29tIiwicm9sZSI6IlVzZXIiLCJpYXQiOjE3NTc0MzcxMjUsImV4cCI6MTc1NzQzODYyNX0.S1S0LZZwBrfy_5IntEKD_Y7ZqAH-UnSGsi-DiyUxhio HTTP/1.1" 200 3591 "-" "axios/1.11.0"
::1 - - [09/Sep/2025:17:19:51 +0000] "GET /api/v1/user/getImg HTTP/1.1" 304 - "http://localhost:3000/" "Mozilla/5.0 (X11; Linux x86_64) AppleWebKit/537.36 (KHTML, like Gecko) Chrome/132.0.0.0 Safari/537.36"
::1 - - [09/Sep/2025:17:19:52 +0000] "GET /api/v1/user/getImg HTTP/1.1" 304 - "http://localhost:3000/" "Mozilla/5.0 (X11; Linux x86_64) AppleWebKit/537.36 (KHTML, like Gecko) Chrome/132.0.0.0 Safari/537.36"
::ffff:127.0.0.1 - - [09/Sep/2025:17:19:55 +0000] "GET /api/v1/user/getSlots?token=eyJhbGciOiJIUzI1NiIsInR5cCI6IkpXVCJ9.eyJpZCI6IjY4YWViZDg1ZmM1N2M2YmFhMWY2ZDgwMSIsImVtYWlsIjoiamtAZ21haWwuY29tIiwicm9sZSI6IlVzZXIiLCJpYXQiOjE3NTc0MzcxMjUsImV4cCI6MTc1NzQzODYyNX0.S1S0LZZwBrfy_5IntEKD_Y7ZqAH-UnSGsi-DiyUxhio HTTP/1.1" 200 1315 "-" "axios/1.11.0"
::1 - - [09/Sep/2025:17:19:55 +0000] "GET /api/v1/user/getImg HTTP/1.1" 304 - "http://localhost:3000/" "Mozilla/5.0 (X11; Linux x86_64) AppleWebKit/537.36 (KHTML, like Gecko) Chrome/132.0.0.0 Safari/537.36"
::1 - - [09/Sep/2025:17:19:55 +0000] "GET /api/v1/user/getImg HTTP/1.1" 304 - "http://localhost:3000/" "Mozilla/5.0 (X11; Linux x86_64) AppleWebKit/537.36 (KHTML, like Gecko) Chrome/132.0.0.0 Safari/537.36"
::1 - - [09/Sep/2025:18:35:44 +0000] "OPTIONS /api/v1/instructor/login HTTP/1.1" 204 0 "http://localhost:3000/" "Mozilla/5.0 (X11; Linux x86_64) AppleWebKit/537.36 (KHTML, like Gecko) Chrome/132.0.0.0 Safari/537.36"
::1 - - [09/Sep/2025:18:35:45 +0000] "POST /api/v1/instructor/login HTTP/1.1" 200 561 "http://localhost:3000/" "Mozilla/5.0 (X11; Linux x86_64) AppleWebKit/537.36 (KHTML, like Gecko) Chrome/132.0.0.0 Safari/537.36"
::1 - - [09/Sep/2025:18:35:50 +0000] "GET /api/v1/instructor/getImg HTTP/1.1" 200 161 "http://localhost:3000/" "Mozilla/5.0 (X11; Linux x86_64) AppleWebKit/537.36 (KHTML, like Gecko) Chrome/132.0.0.0 Safari/537.36"
::1 - - [09/Sep/2025:18:35:50 +0000] "GET /api/v1/instructor/getWallet?token=eyJhbGciOiJIUzI1NiIsInR5cCI6IkpXVCJ9.eyJpZCI6IjY3Mzc1NDE1ZTBlZTE5YTE1YTQxOTI0ZCIsImVtYWlsIjoicmFzaGFhQGdtYWlsLmNvbSIsInJvbGUiOiJJbnN0cnVjdG9yIiwiaWF0IjoxNzU3NDQyOTQ1LCJleHAiOjE3NTc0NDQ0NDV9.8SJVlQofvgxBiWDrVGqrHYNiKelDotKInAE4smO-WVY HTTP/1.1" 200 20581 "http://localhost:3000/" "Mozilla/5.0 (X11; Linux x86_64) AppleWebKit/537.36 (KHTML, like Gecko) Chrome/132.0.0.0 Safari/537.36"
::1 - - [09/Sep/2025:18:35:50 +0000] "GET /api/v1/instructor/getImg HTTP/1.1" 200 161 "http://localhost:3000/" "Mozilla/5.0 (X11; Linux x86_64) AppleWebKit/537.36 (KHTML, like Gecko) Chrome/132.0.0.0 Safari/537.36"
::1 - - [09/Sep/2025:18:35:51 +0000] "GET /api/v1/instructor/getWallet?token=eyJhbGciOiJIUzI1NiIsInR5cCI6IkpXVCJ9.eyJpZCI6IjY3Mzc1NDE1ZTBlZTE5YTE1YTQxOTI0ZCIsImVtYWlsIjoicmFzaGFhQGdtYWlsLmNvbSIsInJvbGUiOiJJbnN0cnVjdG9yIiwiaWF0IjoxNzU3NDQyOTQ1LCJleHAiOjE3NTc0NDQ0NDV9.8SJVlQofvgxBiWDrVGqrHYNiKelDotKInAE4smO-WVY HTTP/1.1" 200 20581 "http://localhost:3000/" "Mozilla/5.0 (X11; Linux x86_64) AppleWebKit/537.36 (KHTML, like Gecko) Chrome/132.0.0.0 Safari/537.36"
::1 - - [09/Sep/2025:18:35:51 +0000] "GET /api/v1/instructor/getEvents HTTP/1.1" 200 1675 "http://localhost:3000/" "Mozilla/5.0 (X11; Linux x86_64) AppleWebKit/537.36 (KHTML, like Gecko) Chrome/132.0.0.0 Safari/537.36"
::1 - - [09/Sep/2025:18:35:51 +0000] "GET /api/v1/instructor/getEvents HTTP/1.1" 200 1675 "http://localhost:3000/" "Mozilla/5.0 (X11; Linux x86_64) AppleWebKit/537.36 (KHTML, like Gecko) Chrome/132.0.0.0 Safari/537.36"
::1 - - [09/Sep/2025:18:35:55 +0000] "GET /api/v1/instructor/getImg HTTP/1.1" 200 161 "http://localhost:3000/" "Mozilla/5.0 (X11; Linux x86_64) AppleWebKit/537.36 (KHTML, like Gecko) Chrome/132.0.0.0 Safari/537.36"
::1 - - [09/Sep/2025:18:35:55 +0000] "GET /api/v1/instructor/getImg HTTP/1.1" 200 161 "http://localhost:3000/" "Mozilla/5.0 (X11; Linux x86_64) AppleWebKit/537.36 (KHTML, like Gecko) Chrome/132.0.0.0 Safari/537.36"
::1 - - [09/Sep/2025:18:35:55 +0000] "GET /api/v1/instructor/getEvents HTTP/1.1" 200 1675 "http://localhost:3000/" "Mozilla/5.0 (X11; Linux x86_64) AppleWebKit/537.36 (KHTML, like Gecko) Chrome/132.0.0.0 Safari/537.36"
::1 - - [09/Sep/2025:18:35:55 +0000] "GET /api/v1/instructor/getEvents HTTP/1.1" 200 1675 "http://localhost:3000/" "Mozilla/5.0 (X11; Linux x86_64) AppleWebKit/537.36 (KHTML, like Gecko) Chrome/132.0.0.0 Safari/537.36"
::1 - - [09/Sep/2025:18:36:00 +0000] "OPTIONS /api/v1/instructor/deleteEventData HTTP/1.1" 204 0 "http://localhost:3000/" "Mozilla/5.0 (X11; Linux x86_64) AppleWebKit/537.36 (KHTML, like Gecko) Chrome/132.0.0.0 Safari/537.36"
::1 - - [09/Sep/2025:18:36:00 +0000] "DELETE /api/v1/instructor/deleteEventData HTTP/1.1" 200 62 "http://localhost:3000/" "Mozilla/5.0 (X11; Linux x86_64) AppleWebKit/537.36 (KHTML, like Gecko) Chrome/132.0.0.0 Safari/537.36"
::1 - - [09/Sep/2025:18:36:00 +0000] "GET /api/v1/instructor/getEvents HTTP/1.1" 200 1476 "http://localhost:3000/" "Mozilla/5.0 (X11; Linux x86_64) AppleWebKit/537.36 (KHTML, like Gecko) Chrome/132.0.0.0 Safari/537.36"
::1 - - [09/Sep/2025:18:36:02 +0000] "OPTIONS /api/v1/instructor/deleteEventData HTTP/1.1" 204 0 "http://localhost:3000/" "Mozilla/5.0 (X11; Linux x86_64) AppleWebKit/537.36 (KHTML, like Gecko) Chrome/132.0.0.0 Safari/537.36"
::1 - - [09/Sep/2025:18:36:02 +0000] "DELETE /api/v1/instructor/deleteEventData HTTP/1.1" 200 62 "http://localhost:3000/" "Mozilla/5.0 (X11; Linux x86_64) AppleWebKit/537.36 (KHTML, like Gecko) Chrome/132.0.0.0 Safari/537.36"
::1 - - [09/Sep/2025:18:36:02 +0000] "GET /api/v1/instructor/getEvents HTTP/1.1" 200 1278 "http://localhost:3000/" "Mozilla/5.0 (X11; Linux x86_64) AppleWebKit/537.36 (KHTML, like Gecko) Chrome/132.0.0.0 Safari/537.36"
::1 - - [09/Sep/2025:18:36:03 +0000] "OPTIONS /api/v1/instructor/deleteEventData HTTP/1.1" 204 0 "http://localhost:3000/" "Mozilla/5.0 (X11; Linux x86_64) AppleWebKit/537.36 (KHTML, like Gecko) Chrome/132.0.0.0 Safari/537.36"
::1 - - [09/Sep/2025:18:36:03 +0000] "DELETE /api/v1/instructor/deleteEventData HTTP/1.1" 200 62 "http://localhost:3000/" "Mozilla/5.0 (X11; Linux x86_64) AppleWebKit/537.36 (KHTML, like Gecko) Chrome/132.0.0.0 Safari/537.36"
::1 - - [09/Sep/2025:18:36:03 +0000] "GET /api/v1/instructor/getEvents HTTP/1.1" 200 1084 "http://localhost:3000/" "Mozilla/5.0 (X11; Linux x86_64) AppleWebKit/537.36 (KHTML, like Gecko) Chrome/132.0.0.0 Safari/537.36"
::1 - - [09/Sep/2025:18:36:10 +0000] "GET /api/v1/instructor/getEvents HTTP/1.1" 200 1084 "http://localhost:3000/" "Mozilla/5.0 (X11; Linux x86_64) AppleWebKit/537.36 (KHTML, like Gecko) Chrome/132.0.0.0 Safari/537.36"
::1 - - [09/Sep/2025:18:36:18 +0000] "OPTIONS /api/v1/instructor/updateSession HTTP/1.1" 204 0 "http://localhost:3000/" "Mozilla/5.0 (X11; Linux x86_64) AppleWebKit/537.36 (KHTML, like Gecko) Chrome/132.0.0.0 Safari/537.36"
::1 - - [09/Sep/2025:18:36:19 +0000] "POST /api/v1/instructor/updateSession HTTP/1.1" 200 756 "http://localhost:3000/" "Mozilla/5.0 (X11; Linux x86_64) AppleWebKit/537.36 (KHTML, like Gecko) Chrome/132.0.0.0 Safari/537.36"
::1 - - [09/Sep/2025:18:36:19 +0000] "GET /api/v1/instructor/getEvents HTTP/1.1" 200 1283 "http://localhost:3000/" "Mozilla/5.0 (X11; Linux x86_64) AppleWebKit/537.36 (KHTML, like Gecko) Chrome/132.0.0.0 Safari/537.36"
::1 - - [09/Sep/2025:18:36:38 +0000] "GET /api/v1/instructor/getImg HTTP/1.1" 200 161 "http://localhost:3000/" "Mozilla/5.0 (X11; Linux x86_64) AppleWebKit/537.36 (KHTML, like Gecko) Chrome/132.0.0.0 Safari/537.36"
::1 - - [09/Sep/2025:18:36:38 +0000] "GET /api/v1/instructor/getEvents HTTP/1.1" 200 1283 "http://localhost:3000/" "Mozilla/5.0 (X11; Linux x86_64) AppleWebKit/537.36 (KHTML, like Gecko) Chrome/132.0.0.0 Safari/537.36"
::ffff:127.0.0.1 - - [09/Sep/2025:18:37:55 +0000] "POST /api/v1/user/webhook HTTP/1.1" - - "-" "Stripe/1.0 (+https://stripe.com/docs/webhooks)"
::ffff:127.0.0.1 - - [09/Sep/2025:18:37:55 +0000] "POST /api/v1/user/webhook HTTP/1.1" - - "-" "Stripe/1.0 (+https://stripe.com/docs/webhooks)"
::ffff:127.0.0.1 - - [09/Sep/2025:18:37:55 +0000] "POST /api/v1/user/webhook HTTP/1.1" - - "-" "Stripe/1.0 (+https://stripe.com/docs/webhooks)"
::ffff:127.0.0.1 - - [09/Sep/2025:18:37:56 +0000] "POST /api/v1/user/webhook HTTP/1.1" - - "-" "Stripe/1.0 (+https://stripe.com/docs/webhooks)"
::ffff:127.0.0.1 - - [09/Sep/2025:18:37:58 +0000] "POST /api/v1/user/webhook HTTP/1.1" - - "-" "Stripe/1.0 (+https://stripe.com/docs/webhooks)"
::1 - - [09/Sep/2025:18:38:58 +0000] "GET /api/v1/instructor/getEvents HTTP/1.1" 200 1285 "http://localhost:3000/" "Mozilla/5.0 (X11; Linux x86_64) AppleWebKit/537.36 (KHTML, like Gecko) Chrome/132.0.0.0 Safari/537.36"
::1 - - [09/Sep/2025:18:39:09 +0000] "OPTIONS /api/v1/instructor/updateSession HTTP/1.1" 204 0 "http://localhost:3000/" "Mozilla/5.0 (X11; Linux x86_64) AppleWebKit/537.36 (KHTML, like Gecko) Chrome/132.0.0.0 Safari/537.36"
::1 - - [09/Sep/2025:18:39:09 +0000] "POST /api/v1/instructor/updateSession HTTP/1.1" 200 954 "http://localhost:3000/" "Mozilla/5.0 (X11; Linux x86_64) AppleWebKit/537.36 (KHTML, like Gecko) Chrome/132.0.0.0 Safari/537.36"
::1 - - [09/Sep/2025:18:39:09 +0000] "GET /api/v1/instructor/getEvents HTTP/1.1" 200 1481 "http://localhost:3000/" "Mozilla/5.0 (X11; Linux x86_64) AppleWebKit/537.36 (KHTML, like Gecko) Chrome/132.0.0.0 Safari/537.36"
::ffff:127.0.0.1 - - [09/Sep/2025:18:40:34 +0000] "POST /api/v1/user/webhook HTTP/1.1" - - "-" "Stripe/1.0 (+https://stripe.com/docs/webhooks)"
::ffff:127.0.0.1 - - [09/Sep/2025:18:40:34 +0000] "POST /api/v1/user/webhook HTTP/1.1" - - "-" "Stripe/1.0 (+https://stripe.com/docs/webhooks)"
::ffff:127.0.0.1 - - [09/Sep/2025:18:40:34 +0000] "POST /api/v1/user/webhook HTTP/1.1" - - "-" "Stripe/1.0 (+https://stripe.com/docs/webhooks)"
::ffff:127.0.0.1 - - [09/Sep/2025:18:40:34 +0000] "POST /api/v1/user/webhook HTTP/1.1" - - "-" "Stripe/1.0 (+https://stripe.com/docs/webhooks)"
::ffff:127.0.0.1 - - [09/Sep/2025:18:40:36 +0000] "POST /api/v1/user/webhook HTTP/1.1" - - "-" "Stripe/1.0 (+https://stripe.com/docs/webhooks)"
::1 - - [09/Sep/2025:18:40:55 +0000] "GET /api/v1/instructor/getImg HTTP/1.1" 200 161 "http://localhost:3000/" "Mozilla/5.0 (X11; Linux x86_64) AppleWebKit/537.36 (KHTML, like Gecko) Chrome/132.0.0.0 Safari/537.36"
::1 - - [09/Sep/2025:18:40:55 +0000] "GET /api/v1/instructor/getImg HTTP/1.1" 200 161 "http://localhost:3000/" "Mozilla/5.0 (X11; Linux x86_64) AppleWebKit/537.36 (KHTML, like Gecko) Chrome/132.0.0.0 Safari/537.36"
::1 - - [09/Sep/2025:18:40:55 +0000] "GET /api/v1/instructor/getSlot HTTP/1.1" 200 12842 "http://localhost:3000/" "Mozilla/5.0 (X11; Linux x86_64) AppleWebKit/537.36 (KHTML, like Gecko) Chrome/132.0.0.0 Safari/537.36"
::1 - - [09/Sep/2025:18:40:55 +0000] "GET /api/v1/instructor/getSlot HTTP/1.1" 200 12842 "http://localhost:3000/" "Mozilla/5.0 (X11; Linux x86_64) AppleWebKit/537.36 (KHTML, like Gecko) Chrome/132.0.0.0 Safari/537.36"
::1 - - [09/Sep/2025:19:18:40 +0000] "GET /api/v1/user/getImg HTTP/1.1" 401 27 "http://localhost:3000/" "Mozilla/5.0 (X11; Linux x86_64) AppleWebKit/537.36 (KHTML, like Gecko) Chrome/132.0.0.0 Safari/537.36"
::1 - - [09/Sep/2025:19:18:40 +0000] "GET /api/v1/user/home HTTP/1.1" 401 27 "http://localhost:3000/" "Mozilla/5.0 (X11; Linux x86_64) AppleWebKit/537.36 (KHTML, like Gecko) Chrome/132.0.0.0 Safari/537.36"
::1 - - [09/Sep/2025:19:18:40 +0000] "POST /api/v1/user/refreshToken HTTP/1.1" 200 43 "http://localhost:3000/" "Mozilla/5.0 (X11; Linux x86_64) AppleWebKit/537.36 (KHTML, like Gecko) Chrome/132.0.0.0 Safari/537.36"
::1 - - [09/Sep/2025:19:18:40 +0000] "GET /api/v1/user/getInstructor?page=1&limit=5&searchTerm=&category= HTTP/1.1" 401 27 "http://localhost:3000/" "Mozilla/5.0 (X11; Linux x86_64) AppleWebKit/537.36 (KHTML, like Gecko) Chrome/132.0.0.0 Safari/537.36"
::1 - - [09/Sep/2025:19:18:40 +0000] "POST /api/v1/user/refreshToken HTTP/1.1" 200 43 "http://localhost:3000/" "Mozilla/5.0 (X11; Linux x86_64) AppleWebKit/537.36 (KHTML, like Gecko) Chrome/132.0.0.0 Safari/537.36"
::1 - - [09/Sep/2025:19:18:40 +0000] "POST /api/v1/user/refreshToken HTTP/1.1" 200 43 "http://localhost:3000/" "Mozilla/5.0 (X11; Linux x86_64) AppleWebKit/537.36 (KHTML, like Gecko) Chrome/132.0.0.0 Safari/537.36"
::1 - - [09/Sep/2025:19:19:19 +0000] "OPTIONS /api/v1/instructor/login HTTP/1.1" 204 0 "http://localhost:3000/" "Mozilla/5.0 (X11; Linux x86_64) AppleWebKit/537.36 (KHTML, like Gecko) Chrome/132.0.0.0 Safari/537.36"
::1 - - [09/Sep/2025:19:19:21 +0000] "POST /api/v1/instructor/login HTTP/1.1" 200 561 "http://localhost:3000/" "Mozilla/5.0 (X11; Linux x86_64) AppleWebKit/537.36 (KHTML, like Gecko) Chrome/132.0.0.0 Safari/537.36"
::1 - - [09/Sep/2025:19:19:26 +0000] "GET /api/v1/instructor/getImg HTTP/1.1" 200 161 "http://localhost:3000/" "Mozilla/5.0 (X11; Linux x86_64) AppleWebKit/537.36 (KHTML, like Gecko) Chrome/132.0.0.0 Safari/537.36"
::1 - - [09/Sep/2025:19:19:26 +0000] "GET /api/v1/instructor/getWallet?token=eyJhbGciOiJIUzI1NiIsInR5cCI6IkpXVCJ9.eyJpZCI6IjY3Mzc1NDE1ZTBlZTE5YTE1YTQxOTI0ZCIsImVtYWlsIjoicmFzaGFhQGdtYWlsLmNvbSIsInJvbGUiOiJJbnN0cnVjdG9yIiwiaWF0IjoxNzU3NDQ1NTYxLCJleHAiOjE3NTc0NDcwNjF9.hntBgertuyzK7qambsAfxcodZH3mJrNCTq6h5l82BpU HTTP/1.1" 200 20073 "http://localhost:3000/" "Mozilla/5.0 (X11; Linux x86_64) AppleWebKit/537.36 (KHTML, like Gecko) Chrome/132.0.0.0 Safari/537.36"
::1 - - [09/Sep/2025:19:19:26 +0000] "GET /api/v1/instructor/getImg HTTP/1.1" 200 161 "http://localhost:3000/" "Mozilla/5.0 (X11; Linux x86_64) AppleWebKit/537.36 (KHTML, like Gecko) Chrome/132.0.0.0 Safari/537.36"
::1 - - [09/Sep/2025:19:19:26 +0000] "GET /api/v1/instructor/getWallet?token=eyJhbGciOiJIUzI1NiIsInR5cCI6IkpXVCJ9.eyJpZCI6IjY3Mzc1NDE1ZTBlZTE5YTE1YTQxOTI0ZCIsImVtYWlsIjoicmFzaGFhQGdtYWlsLmNvbSIsInJvbGUiOiJJbnN0cnVjdG9yIiwiaWF0IjoxNzU3NDQ1NTYxLCJleHAiOjE3NTc0NDcwNjF9.hntBgertuyzK7qambsAfxcodZH3mJrNCTq6h5l82BpU HTTP/1.1" 200 20073 "http://localhost:3000/" "Mozilla/5.0 (X11; Linux x86_64) AppleWebKit/537.36 (KHTML, like Gecko) Chrome/132.0.0.0 Safari/537.36"
::1 - - [09/Sep/2025:19:19:27 +0000] "GET /api/v1/instructor/getEvents HTTP/1.1" 200 1085 "http://localhost:3000/" "Mozilla/5.0 (X11; Linux x86_64) AppleWebKit/537.36 (KHTML, like Gecko) Chrome/132.0.0.0 Safari/537.36"
::1 - - [09/Sep/2025:19:19:27 +0000] "GET /api/v1/instructor/getEvents HTTP/1.1" 200 1085 "http://localhost:3000/" "Mozilla/5.0 (X11; Linux x86_64) AppleWebKit/537.36 (KHTML, like Gecko) Chrome/132.0.0.0 Safari/537.36"
::ffff:127.0.0.1 - - [09/Sep/2025:19:19:34 +0000] "GET /api/v1/instructor/getWallet?token=eyJhbGciOiJIUzI1NiIsInR5cCI6IkpXVCJ9.eyJpZCI6IjY3Mzc1NDE1ZTBlZTE5YTE1YTQxOTI0ZCIsImVtYWlsIjoicmFzaGFhQGdtYWlsLmNvbSIsInJvbGUiOiJJbnN0cnVjdG9yIiwiaWF0IjoxNzU3NDQ1NTYxLCJleHAiOjE3NTc0NDcwNjF9.hntBgertuyzK7qambsAfxcodZH3mJrNCTq6h5l82BpU HTTP/1.1" 200 20073 "-" "axios/1.11.0"
::1 - - [09/Sep/2025:19:19:35 +0000] "GET /api/v1/instructor/getImg HTTP/1.1" 200 161 "http://localhost:3000/" "Mozilla/5.0 (X11; Linux x86_64) AppleWebKit/537.36 (KHTML, like Gecko) Chrome/132.0.0.0 Safari/537.36"
::1 - - [09/Sep/2025:19:19:35 +0000] "GET /api/v1/instructor/getImg HTTP/1.1" 200 161 "http://localhost:3000/" "Mozilla/5.0 (X11; Linux x86_64) AppleWebKit/537.36 (KHTML, like Gecko) Chrome/132.0.0.0 Safari/537.36"
::1 - - [09/Sep/2025:19:19:40 +0000] "GET /api/v1/instructor/getImg HTTP/1.1" 200 161 "http://localhost:3000/" "Mozilla/5.0 (X11; Linux x86_64) AppleWebKit/537.36 (KHTML, like Gecko) Chrome/132.0.0.0 Safari/537.36"
::1 - - [09/Sep/2025:19:19:40 +0000] "GET /api/v1/instructor/getEvents HTTP/1.1" 200 1085 "http://localhost:3000/" "Mozilla/5.0 (X11; Linux x86_64) AppleWebKit/537.36 (KHTML, like Gecko) Chrome/132.0.0.0 Safari/537.36"
::1 - - [09/Sep/2025:19:19:40 +0000] "GET /api/v1/instructor/getWallet?token=eyJhbGciOiJIUzI1NiIsInR5cCI6IkpXVCJ9.eyJpZCI6IjY3Mzc1NDE1ZTBlZTE5YTE1YTQxOTI0ZCIsImVtYWlsIjoicmFzaGFhQGdtYWlsLmNvbSIsInJvbGUiOiJJbnN0cnVjdG9yIiwiaWF0IjoxNzU3NDQ1NTYxLCJleHAiOjE3NTc0NDcwNjF9.hntBgertuyzK7qambsAfxcodZH3mJrNCTq6h5l82BpU HTTP/1.1" 200 20073 "http://localhost:3000/" "Mozilla/5.0 (X11; Linux x86_64) AppleWebKit/537.36 (KHTML, like Gecko) Chrome/132.0.0.0 Safari/537.36"
::1 - - [09/Sep/2025:19:19:40 +0000] "GET /api/v1/instructor/getWallet?token=eyJhbGciOiJIUzI1NiIsInR5cCI6IkpXVCJ9.eyJpZCI6IjY3Mzc1NDE1ZTBlZTE5YTE1YTQxOTI0ZCIsImVtYWlsIjoicmFzaGFhQGdtYWlsLmNvbSIsInJvbGUiOiJJbnN0cnVjdG9yIiwiaWF0IjoxNzU3NDQ1NTYxLCJleHAiOjE3NTc0NDcwNjF9.hntBgertuyzK7qambsAfxcodZH3mJrNCTq6h5l82BpU HTTP/1.1" 200 20073 "http://localhost:3000/" "Mozilla/5.0 (X11; Linux x86_64) AppleWebKit/537.36 (KHTML, like Gecko) Chrome/132.0.0.0 Safari/537.36"
::1 - - [09/Sep/2025:19:19:40 +0000] "GET /api/v1/instructor/getImg HTTP/1.1" 200 161 "http://localhost:3000/" "Mozilla/5.0 (X11; Linux x86_64) AppleWebKit/537.36 (KHTML, like Gecko) Chrome/132.0.0.0 Safari/537.36"
::1 - - [09/Sep/2025:19:19:41 +0000] "GET /api/v1/instructor/getEvents HTTP/1.1" 200 1085 "http://localhost:3000/" "Mozilla/5.0 (X11; Linux x86_64) AppleWebKit/537.36 (KHTML, like Gecko) Chrome/132.0.0.0 Safari/537.36"
::1 - - [09/Sep/2025:19:20:17 +0000] "GET /api/v1/instructor/getImg HTTP/1.1" 200 161 "http://localhost:3000/" "Mozilla/5.0 (X11; Linux x86_64) AppleWebKit/537.36 (KHTML, like Gecko) Chrome/132.0.0.0 Safari/537.36"
::1 - - [09/Sep/2025:19:20:17 +0000] "GET /api/v1/instructor/getImg HTTP/1.1" 200 161 "http://localhost:3000/" "Mozilla/5.0 (X11; Linux x86_64) AppleWebKit/537.36 (KHTML, like Gecko) Chrome/132.0.0.0 Safari/537.36"
::1 - - [09/Sep/2025:19:20:17 +0000] "GET /api/v1/instructor/getSlot HTTP/1.1" 200 10247 "http://localhost:3000/" "Mozilla/5.0 (X11; Linux x86_64) AppleWebKit/537.36 (KHTML, like Gecko) Chrome/132.0.0.0 Safari/537.36"
::1 - - [09/Sep/2025:19:20:17 +0000] "GET /api/v1/instructor/getSlot HTTP/1.1" 200 10247 "http://localhost:3000/" "Mozilla/5.0 (X11; Linux x86_64) AppleWebKit/537.36 (KHTML, like Gecko) Chrome/132.0.0.0 Safari/537.36"
::1 - - [09/Sep/2025:19:20:30 +0000] "GET /api/v1/instructor/getImg HTTP/1.1" 200 161 "http://localhost:3000/" "Mozilla/5.0 (X11; Linux x86_64) AppleWebKit/537.36 (KHTML, like Gecko) Chrome/132.0.0.0 Safari/537.36"
::1 - - [09/Sep/2025:19:20:30 +0000] "GET /api/v1/instructor/getImg HTTP/1.1" 200 161 "http://localhost:3000/" "Mozilla/5.0 (X11; Linux x86_64) AppleWebKit/537.36 (KHTML, like Gecko) Chrome/132.0.0.0 Safari/537.36"
::1 - - [09/Sep/2025:19:20:30 +0000] "GET /api/v1/instructor/getEvents HTTP/1.1" 200 1085 "http://localhost:3000/" "Mozilla/5.0 (X11; Linux x86_64) AppleWebKit/537.36 (KHTML, like Gecko) Chrome/132.0.0.0 Safari/537.36"
::1 - - [09/Sep/2025:19:20:30 +0000] "GET /api/v1/instructor/getEvents HTTP/1.1" 200 1085 "http://localhost:3000/" "Mozilla/5.0 (X11; Linux x86_64) AppleWebKit/537.36 (KHTML, like Gecko) Chrome/132.0.0.0 Safari/537.36"
::1 - - [09/Sep/2025:19:20:30 +0000] "GET /api/v1/instructor/getWallet?token=eyJhbGciOiJIUzI1NiIsInR5cCI6IkpXVCJ9.eyJpZCI6IjY3Mzc1NDE1ZTBlZTE5YTE1YTQxOTI0ZCIsImVtYWlsIjoicmFzaGFhQGdtYWlsLmNvbSIsInJvbGUiOiJJbnN0cnVjdG9yIiwiaWF0IjoxNzU3NDQ1NTYxLCJleHAiOjE3NTc0NDcwNjF9.hntBgertuyzK7qambsAfxcodZH3mJrNCTq6h5l82BpU HTTP/1.1" 200 20073 "http://localhost:3000/" "Mozilla/5.0 (X11; Linux x86_64) AppleWebKit/537.36 (KHTML, like Gecko) Chrome/132.0.0.0 Safari/537.36"
::1 - - [09/Sep/2025:19:20:30 +0000] "GET /api/v1/instructor/getWallet?token=eyJhbGciOiJIUzI1NiIsInR5cCI6IkpXVCJ9.eyJpZCI6IjY3Mzc1NDE1ZTBlZTE5YTE1YTQxOTI0ZCIsImVtYWlsIjoicmFzaGFhQGdtYWlsLmNvbSIsInJvbGUiOiJJbnN0cnVjdG9yIiwiaWF0IjoxNzU3NDQ1NTYxLCJleHAiOjE3NTc0NDcwNjF9.hntBgertuyzK7qambsAfxcodZH3mJrNCTq6h5l82BpU HTTP/1.1" 200 20073 "http://localhost:3000/" "Mozilla/5.0 (X11; Linux x86_64) AppleWebKit/537.36 (KHTML, like Gecko) Chrome/132.0.0.0 Safari/537.36"
::1 - - [09/Sep/2025:19:38:08 +0000] "OPTIONS /api/v1/user/signup HTTP/1.1" 204 0 "http://localhost:3000/" "Mozilla/5.0 (X11; Linux x86_64) AppleWebKit/537.36 (KHTML, like Gecko) Chrome/132.0.0.0 Safari/537.36"
::1 - - [09/Sep/2025:19:38:14 +0000] "POST /api/v1/user/signup HTTP/1.1" 200 275 "http://localhost:3000/" "Mozilla/5.0 (X11; Linux x86_64) AppleWebKit/537.36 (KHTML, like Gecko) Chrome/132.0.0.0 Safari/537.36"
::1 - - [09/Sep/2025:19:38:55 +0000] "OPTIONS /api/v1/user/resendOtp HTTP/1.1" 204 0 "http://localhost:3000/" "Mozilla/5.0 (X11; Linux x86_64) AppleWebKit/537.36 (KHTML, like Gecko) Chrome/132.0.0.0 Safari/537.36"
::1 - - [09/Sep/2025:19:39:00 +0000] "POST /api/v1/user/resendOtp HTTP/1.1" 200 199 "http://localhost:3000/" "Mozilla/5.0 (X11; Linux x86_64) AppleWebKit/537.36 (KHTML, like Gecko) Chrome/132.0.0.0 Safari/537.36"
::1 - - [09/Sep/2025:19:39:52 +0000] "OPTIONS /api/v1/user/verifyOtp HTTP/1.1" 204 0 "http://localhost:3000/" "Mozilla/5.0 (X11; Linux x86_64) AppleWebKit/537.36 (KHTML, like Gecko) Chrome/132.0.0.0 Safari/537.36"
::1 - - [09/Sep/2025:19:39:52 +0000] "POST /api/v1/user/verifyOtp HTTP/1.1" 200 540 "http://localhost:3000/" "Mozilla/5.0 (X11; Linux x86_64) AppleWebKit/537.36 (KHTML, like Gecko) Chrome/132.0.0.0 Safari/537.36"
::1 - - [09/Sep/2025:19:39:54 +0000] "GET /api/v1/user/getImg HTTP/1.1" 200 76 "http://localhost:3000/" "Mozilla/5.0 (X11; Linux x86_64) AppleWebKit/537.36 (KHTML, like Gecko) Chrome/132.0.0.0 Safari/537.36"
::1 - - [09/Sep/2025:19:39:54 +0000] "GET /api/v1/user/home HTTP/1.1" 200 98 "http://localhost:3000/" "Mozilla/5.0 (X11; Linux x86_64) AppleWebKit/537.36 (KHTML, like Gecko) Chrome/132.0.0.0 Safari/537.36"
::1 - - [09/Sep/2025:19:39:54 +0000] "GET /api/v1/user/getInstructor?page=1&limit=5&searchTerm=&category= HTTP/1.1" 200 1908 "http://localhost:3000/" "Mozilla/5.0 (X11; Linux x86_64) AppleWebKit/537.36 (KHTML, like Gecko) Chrome/132.0.0.0 Safari/537.36"
::1 - - [09/Sep/2025:19:39:54 +0000] "GET /api/v1/user/getInstructor?page=1&limit=5&searchTerm=&category= HTTP/1.1" 200 1908 "http://localhost:3000/" "Mozilla/5.0 (X11; Linux x86_64) AppleWebKit/537.36 (KHTML, like Gecko) Chrome/132.0.0.0 Safari/537.36"
::1 - - [09/Sep/2025:19:39:54 +0000] "GET /api/v1/user/home HTTP/1.1" 200 98 "http://localhost:3000/" "Mozilla/5.0 (X11; Linux x86_64) AppleWebKit/537.36 (KHTML, like Gecko) Chrome/132.0.0.0 Safari/537.36"
::1 - - [09/Sep/2025:19:39:54 +0000] "GET /api/v1/user/getImg HTTP/1.1" 200 76 "http://localhost:3000/" "Mozilla/5.0 (X11; Linux x86_64) AppleWebKit/537.36 (KHTML, like Gecko) Chrome/132.0.0.0 Safari/537.36"
::1 - - [09/Sep/2025:19:40:05 +0000] "OPTIONS /api/v1/user/setImg HTTP/1.1" 204 0 "http://localhost:3000/" "Mozilla/5.0 (X11; Linux x86_64) AppleWebKit/537.36 (KHTML, like Gecko) Chrome/132.0.0.0 Safari/537.36"
::1 - - [09/Sep/2025:19:40:05 +0000] "OPTIONS /api/v1/user/setImg HTTP/1.1" 204 0 "http://localhost:3000/" "Mozilla/5.0 (X11; Linux x86_64) AppleWebKit/537.36 (KHTML, like Gecko) Chrome/132.0.0.0 Safari/537.36"
::1 - - [09/Sep/2025:19:40:05 +0000] "GET /api/v1/user/getImg HTTP/1.1" 200 76 "http://localhost:3000/" "Mozilla/5.0 (X11; Linux x86_64) AppleWebKit/537.36 (KHTML, like Gecko) Chrome/132.0.0.0 Safari/537.36"
::1 - - [09/Sep/2025:19:40:05 +0000] "POST /api/v1/user/setImg HTTP/1.1" 200 76 "http://localhost:3000/" "Mozilla/5.0 (X11; Linux x86_64) AppleWebKit/537.36 (KHTML, like Gecko) Chrome/132.0.0.0 Safari/537.36"
::1 - - [09/Sep/2025:19:40:05 +0000] "GET /api/v1/user/userDetails HTTP/1.1" 200 205 "http://localhost:3000/" "Mozilla/5.0 (X11; Linux x86_64) AppleWebKit/537.36 (KHTML, like Gecko) Chrome/132.0.0.0 Safari/537.36"
::1 - - [09/Sep/2025:19:40:05 +0000] "GET /api/v1/user/getImg HTTP/1.1" 200 76 "http://localhost:3000/" "Mozilla/5.0 (X11; Linux x86_64) AppleWebKit/537.36 (KHTML, like Gecko) Chrome/132.0.0.0 Safari/537.36"
::1 - - [09/Sep/2025:19:40:05 +0000] "GET /api/v1/user/userDetails HTTP/1.1" 200 205 "http://localhost:3000/" "Mozilla/5.0 (X11; Linux x86_64) AppleWebKit/537.36 (KHTML, like Gecko) Chrome/132.0.0.0 Safari/537.36"
::1 - - [09/Sep/2025:19:40:05 +0000] "POST /api/v1/user/setImg HTTP/1.1" 200 76 "http://localhost:3000/" "Mozilla/5.0 (X11; Linux x86_64) AppleWebKit/537.36 (KHTML, like Gecko) Chrome/132.0.0.0 Safari/537.36"
::1 - - [09/Sep/2025:19:40:20 +0000] "OPTIONS /api/v1/user/setImg HTTP/1.1" 204 0 "http://localhost:3000/" "Mozilla/5.0 (X11; Linux x86_64) AppleWebKit/537.36 (KHTML, like Gecko) Chrome/132.0.0.0 Safari/537.36"
::1 - - [09/Sep/2025:19:40:20 +0000] "POST /api/v1/user/setImg HTTP/1.1" 200 174 "http://localhost:3000/" "Mozilla/5.0 (X11; Linux x86_64) AppleWebKit/537.36 (KHTML, like Gecko) Chrome/132.0.0.0 Safari/537.36"
::1 - - [09/Sep/2025:19:40:26 +0000] "GET /api/v1/user/getImg HTTP/1.1" 200 174 "http://localhost:3000/" "Mozilla/5.0 (X11; Linux x86_64) AppleWebKit/537.36 (KHTML, like Gecko) Chrome/132.0.0.0 Safari/537.36"
::1 - - [09/Sep/2025:19:40:26 +0000] "GET /api/v1/user/home HTTP/1.1" 200 98 "http://localhost:3000/" "Mozilla/5.0 (X11; Linux x86_64) AppleWebKit/537.36 (KHTML, like Gecko) Chrome/132.0.0.0 Safari/537.36"
::1 - - [09/Sep/2025:19:40:26 +0000] "GET /api/v1/user/getImg HTTP/1.1" 200 174 "http://localhost:3000/" "Mozilla/5.0 (X11; Linux x86_64) AppleWebKit/537.36 (KHTML, like Gecko) Chrome/132.0.0.0 Safari/537.36"
::1 - - [09/Sep/2025:19:40:26 +0000] "GET /api/v1/user/home HTTP/1.1" 200 98 "http://localhost:3000/" "Mozilla/5.0 (X11; Linux x86_64) AppleWebKit/537.36 (KHTML, like Gecko) Chrome/132.0.0.0 Safari/537.36"
::1 - - [09/Sep/2025:19:40:26 +0000] "GET /api/v1/user/getInstructor?page=1&limit=5&searchTerm=&category= HTTP/1.1" 200 1908 "http://localhost:3000/" "Mozilla/5.0 (X11; Linux x86_64) AppleWebKit/537.36 (KHTML, like Gecko) Chrome/132.0.0.0 Safari/537.36"
::1 - - [09/Sep/2025:19:40:26 +0000] "GET /api/v1/user/getInstructor?page=1&limit=5&searchTerm=&category= HTTP/1.1" 200 1908 "http://localhost:3000/" "Mozilla/5.0 (X11; Linux x86_64) AppleWebKit/537.36 (KHTML, like Gecko) Chrome/132.0.0.0 Safari/537.36"
::1 - - [09/Sep/2025:19:40:41 +0000] "GET /api/v1/user/getImg HTTP/1.1" 200 174 "http://localhost:3000/" "Mozilla/5.0 (X11; Linux x86_64) AppleWebKit/537.36 (KHTML, like Gecko) Chrome/132.0.0.0 Safari/537.36"
::1 - - [09/Sep/2025:19:40:41 +0000] "GET /api/v1/user/home HTTP/1.1" 200 98 "http://localhost:3000/" "Mozilla/5.0 (X11; Linux x86_64) AppleWebKit/537.36 (KHTML, like Gecko) Chrome/132.0.0.0 Safari/537.36"
::1 - - [09/Sep/2025:19:40:41 +0000] "GET /api/v1/user/getInstructor?page=1&limit=5&searchTerm=&category= HTTP/1.1" 200 1908 "http://localhost:3000/" "Mozilla/5.0 (X11; Linux x86_64) AppleWebKit/537.36 (KHTML, like Gecko) Chrome/132.0.0.0 Safari/537.36"
::1 - - [09/Sep/2025:19:41:55 +0000] "OPTIONS /api/v1/instructor/signup HTTP/1.1" 204 0 "http://localhost:3000/" "Mozilla/5.0 (X11; Linux x86_64) AppleWebKit/537.36 (KHTML, like Gecko) Chrome/132.0.0.0 Safari/537.36"
::1 - - [09/Sep/2025:19:41:59 +0000] "POST /api/v1/instructor/signup HTTP/1.1" 200 467 "http://localhost:3000/" "Mozilla/5.0 (X11; Linux x86_64) AppleWebKit/537.36 (KHTML, like Gecko) Chrome/132.0.0.0 Safari/537.36"
::1 - - [09/Sep/2025:19:42:28 +0000] "OPTIONS /api/v1/instructor/verifyOtp HTTP/1.1" 204 0 "http://localhost:3000/" "Mozilla/5.0 (X11; Linux x86_64) AppleWebKit/537.36 (KHTML, like Gecko) Chrome/132.0.0.0 Safari/537.36"
::1 - - [09/Sep/2025:19:42:28 +0000] "POST /api/v1/instructor/verifyOtp HTTP/1.1" 200 557 "http://localhost:3000/" "Mozilla/5.0 (X11; Linux x86_64) AppleWebKit/537.36 (KHTML, like Gecko) Chrome/132.0.0.0 Safari/537.36"
::1 - - [09/Sep/2025:19:42:30 +0000] "GET /api/v1/instructor/getCategory HTTP/1.1" 200 71 "http://localhost:3000/" "Mozilla/5.0 (X11; Linux x86_64) AppleWebKit/537.36 (KHTML, like Gecko) Chrome/132.0.0.0 Safari/537.36"
::1 - - [09/Sep/2025:19:42:30 +0000] "GET /api/v1/instructor/getCategory HTTP/1.1" 200 71 "http://localhost:3000/" "Mozilla/5.0 (X11; Linux x86_64) AppleWebKit/537.36 (KHTML, like Gecko) Chrome/132.0.0.0 Safari/537.36"
::1 - - [09/Sep/2025:19:43:11 +0000] "GET /api/v1/instructor/getImg HTTP/1.1" 200 63 "http://localhost:3000/" "Mozilla/5.0 (X11; Linux x86_64) AppleWebKit/537.36 (KHTML, like Gecko) Chrome/132.0.0.0 Safari/537.36"
::1 - - [09/Sep/2025:19:43:12 +0000] "GET /api/v1/instructor/getWallet?token=eyJhbGciOiJIUzI1NiIsInR5cCI6IkpXVCJ9.eyJpZCI6IjY4YzA4MzI0NDdmZDI5ZGJkNGIzNDFmNyIsImVtYWlsIjoiYWxleEBnbWFpbC5jb20iLCJyb2xlIjoiSW5zdHJ1Y3RvciIsImlhdCI6MTc1NzQ0Njk0OCwiZXhwIjoxNzU3NDQ4NDQ4fQ.yPs1JHPXLowVQNbP9Ny0SxDmcV-tAPGgMHFItMZ303o HTTP/1.1" 200 84 "http://localhost:3000/" "Mozilla/5.0 (X11; Linux x86_64) AppleWebKit/537.36 (KHTML, like Gecko) Chrome/132.0.0.0 Safari/537.36"
::1 - - [09/Sep/2025:19:43:13 +0000] "GET /api/v1/instructor/getEvents HTTP/1.1" 200 344 "http://localhost:3000/" "Mozilla/5.0 (X11; Linux x86_64) AppleWebKit/537.36 (KHTML, like Gecko) Chrome/132.0.0.0 Safari/537.36"
::1 - - [09/Sep/2025:19:43:13 +0000] "GET /api/v1/instructor/getEvents HTTP/1.1" 200 344 "http://localhost:3000/" "Mozilla/5.0 (X11; Linux x86_64) AppleWebKit/537.36 (KHTML, like Gecko) Chrome/132.0.0.0 Safari/537.36"
::1 - - [09/Sep/2025:19:43:25 +0000] "GET /api/v1/instructor/getImg HTTP/1.1" 200 63 "http://localhost:3000/" "Mozilla/5.0 (X11; Linux x86_64) AppleWebKit/537.36 (KHTML, like Gecko) Chrome/132.0.0.0 Safari/537.36"
::1 - - [09/Sep/2025:19:43:25 +0000] "GET /api/v1/instructor/getWallet?token=eyJhbGciOiJIUzI1NiIsInR5cCI6IkpXVCJ9.eyJpZCI6IjY4YzA4MzI0NDdmZDI5ZGJkNGIzNDFmNyIsImVtYWlsIjoiYWxleEBnbWFpbC5jb20iLCJyb2xlIjoiSW5zdHJ1Y3RvciIsImlhdCI6MTc1NzQ0Njk0OCwiZXhwIjoxNzU3NDQ4NDQ4fQ.yPs1JHPXLowVQNbP9Ny0SxDmcV-tAPGgMHFItMZ303o HTTP/1.1" 200 84 "http://localhost:3000/" "Mozilla/5.0 (X11; Linux x86_64) AppleWebKit/537.36 (KHTML, like Gecko) Chrome/132.0.0.0 Safari/537.36"
::1 - - [09/Sep/2025:19:43:26 +0000] "GET /api/v1/instructor/getEvents HTTP/1.1" 200 344 "http://localhost:3000/" "Mozilla/5.0 (X11; Linux x86_64) AppleWebKit/537.36 (KHTML, like Gecko) Chrome/132.0.0.0 Safari/537.36"
::1 - - [09/Sep/2025:19:43:26 +0000] "GET /api/v1/instructor/getEvents HTTP/1.1" 200 344 "http://localhost:3000/" "Mozilla/5.0 (X11; Linux x86_64) AppleWebKit/537.36 (KHTML, like Gecko) Chrome/132.0.0.0 Safari/537.36"
::ffff:127.0.0.1 - - [09/Sep/2025:19:43:54 +0000] "GET /api/v1/instructor/getWallet?token=eyJhbGciOiJIUzI1NiIsInR5cCI6IkpXVCJ9.eyJpZCI6IjY4YzA4MzI0NDdmZDI5ZGJkNGIzNDFmNyIsImVtYWlsIjoiYWxleEBnbWFpbC5jb20iLCJyb2xlIjoiSW5zdHJ1Y3RvciIsImlhdCI6MTc1NzQ0Njk0OCwiZXhwIjoxNzU3NDQ4NDQ4fQ.yPs1JHPXLowVQNbP9Ny0SxDmcV-tAPGgMHFItMZ303o HTTP/1.1" 200 84 "-" "axios/1.11.0"
::1 - - [09/Sep/2025:19:44:19 +0000] "GET /api/v1/instructor/getImg HTTP/1.1" 200 63 "http://localhost:3000/" "Mozilla/5.0 (X11; Linux x86_64) AppleWebKit/537.36 (KHTML, like Gecko) Chrome/132.0.0.0 Safari/537.36"
::1 - - [09/Sep/2025:19:44:19 +0000] "GET /api/v1/instructor/getWallet?token=eyJhbGciOiJIUzI1NiIsInR5cCI6IkpXVCJ9.eyJpZCI6IjY4YzA4MzI0NDdmZDI5ZGJkNGIzNDFmNyIsImVtYWlsIjoiYWxleEBnbWFpbC5jb20iLCJyb2xlIjoiSW5zdHJ1Y3RvciIsImlhdCI6MTc1NzQ0Njk0OCwiZXhwIjoxNzU3NDQ4NDQ4fQ.yPs1JHPXLowVQNbP9Ny0SxDmcV-tAPGgMHFItMZ303o HTTP/1.1" 200 84 "http://localhost:3000/" "Mozilla/5.0 (X11; Linux x86_64) AppleWebKit/537.36 (KHTML, like Gecko) Chrome/132.0.0.0 Safari/537.36"
::1 - - [09/Sep/2025:19:44:20 +0000] "GET /api/v1/instructor/getEvents HTTP/1.1" 200 344 "http://localhost:3000/" "Mozilla/5.0 (X11; Linux x86_64) AppleWebKit/537.36 (KHTML, like Gecko) Chrome/132.0.0.0 Safari/537.36"
::1 - - [09/Sep/2025:19:44:20 +0000] "GET /api/v1/instructor/getEvents HTTP/1.1" 200 344 "http://localhost:3000/" "Mozilla/5.0 (X11; Linux x86_64) AppleWebKit/537.36 (KHTML, like Gecko) Chrome/132.0.0.0 Safari/537.36"
::1 - - [10/Sep/2025:06:19:12 +0000] "OPTIONS /api/v1/user/login HTTP/1.1" 204 0 "http://localhost:3000/" "Mozilla/5.0 (X11; Linux x86_64) AppleWebKit/537.36 (KHTML, like Gecko) Chrome/132.0.0.0 Safari/537.36"
::1 - - [10/Sep/2025:06:19:54 +0000] "OPTIONS /api/v1/user/login HTTP/1.1" 204 0 "http://localhost:3000/" "Mozilla/5.0 (X11; Linux x86_64) AppleWebKit/537.36 (KHTML, like Gecko) Chrome/132.0.0.0 Safari/537.36"
::1 - - [10/Sep/2025:06:20:38 +0000] "OPTIONS /api/v1/user/login HTTP/1.1" 204 0 "http://localhost:3000/" "Mozilla/5.0 (X11; Linux x86_64) AppleWebKit/537.36 (KHTML, like Gecko) Chrome/132.0.0.0 Safari/537.36"
::1 - - [10/Sep/2025:06:20:39 +0000] "POST /api/v1/user/login HTTP/1.1" 200 553 "http://localhost:3000/" "Mozilla/5.0 (X11; Linux x86_64) AppleWebKit/537.36 (KHTML, like Gecko) Chrome/132.0.0.0 Safari/537.36"
::1 - - [10/Sep/2025:06:20:42 +0000] "GET /api/v1/user/getImg HTTP/1.1" 200 174 "http://localhost:3000/" "Mozilla/5.0 (X11; Linux x86_64) AppleWebKit/537.36 (KHTML, like Gecko) Chrome/132.0.0.0 Safari/537.36"
::1 - - [10/Sep/2025:06:20:42 +0000] "GET /api/v1/user/getImg HTTP/1.1" 304 - "http://localhost:3000/" "Mozilla/5.0 (X11; Linux x86_64) AppleWebKit/537.36 (KHTML, like Gecko) Chrome/132.0.0.0 Safari/537.36"
::1 - - [10/Sep/2025:06:20:42 +0000] "GET /api/v1/user/home HTTP/1.1" 200 257 "http://localhost:3000/" "Mozilla/5.0 (X11; Linux x86_64) AppleWebKit/537.36 (KHTML, like Gecko) Chrome/132.0.0.0 Safari/537.36"
::1 - - [10/Sep/2025:06:20:42 +0000] "GET /api/v1/user/getInstructor?page=1&limit=5&searchTerm=&category= HTTP/1.1" 200 1908 "http://localhost:3000/" "Mozilla/5.0 (X11; Linux x86_64) AppleWebKit/537.36 (KHTML, like Gecko) Chrome/132.0.0.0 Safari/537.36"
::1 - - [10/Sep/2025:06:20:42 +0000] "GET /api/v1/user/home HTTP/1.1" 304 - "http://localhost:3000/" "Mozilla/5.0 (X11; Linux x86_64) AppleWebKit/537.36 (KHTML, like Gecko) Chrome/132.0.0.0 Safari/537.36"
::1 - - [10/Sep/2025:06:20:42 +0000] "GET /api/v1/user/getInstructor?page=1&limit=5&searchTerm=&category= HTTP/1.1" 304 - "http://localhost:3000/" "Mozilla/5.0 (X11; Linux x86_64) AppleWebKit/537.36 (KHTML, like Gecko) Chrome/132.0.0.0 Safari/537.36"
::ffff:127.0.0.1 - - [10/Sep/2025:06:20:50 +0000] "GET /api/v1/user/getInstructorData?id=67375415e0ee19a15a41924d&token=eyJhbGciOiJIUzI1NiIsInR5cCI6IkpXVCJ9.eyJpZCI6IjY4YWViZDg1ZmM1N2M2YmFhMWY2ZDgwMSIsImVtYWlsIjoiamtAZ21haWwuY29tIiwicm9sZSI6IlVzZXIiLCJpYXQiOjE3NTc0ODUyMzksImV4cCI6MTc1NzQ4NjczOX0.kVYUzy8U0fUoy8X22oqzMe9hBf_Ffk1LkR90FhXdkKA HTTP/1.1" 200 3001 "-" "axios/1.11.0"
::1 - - [10/Sep/2025:06:20:51 +0000] "GET /api/v1/user/getImg HTTP/1.1" 304 - "http://localhost:3000/" "Mozilla/5.0 (X11; Linux x86_64) AppleWebKit/537.36 (KHTML, like Gecko) Chrome/132.0.0.0 Safari/537.36"
::1 - - [10/Sep/2025:06:20:51 +0000] "GET /api/v1/user/getImg HTTP/1.1" 304 - "http://localhost:3000/" "Mozilla/5.0 (X11; Linux x86_64) AppleWebKit/537.36 (KHTML, like Gecko) Chrome/132.0.0.0 Safari/537.36"
::ffff:127.0.0.1 - - [10/Sep/2025:06:21:58 +0000] "GET /api/v1/user/getInstructorData?id=67375415e0ee19a15a41924d&token=eyJhbGciOiJIUzI1NiIsInR5cCI6IkpXVCJ9.eyJpZCI6IjY4YWViZDg1ZmM1N2M2YmFhMWY2ZDgwMSIsImVtYWlsIjoiamtAZ21haWwuY29tIiwicm9sZSI6IlVzZXIiLCJpYXQiOjE3NTc0ODUyMzksImV4cCI6MTc1NzQ4NjczOX0.kVYUzy8U0fUoy8X22oqzMe9hBf_Ffk1LkR90FhXdkKA HTTP/1.1" 200 3196 "-" "axios/1.11.0"
::1 - - [10/Sep/2025:06:22:00 +0000] "GET /api/v1/user/getImg HTTP/1.1" 304 - "http://localhost:3000/" "Mozilla/5.0 (X11; Linux x86_64) AppleWebKit/537.36 (KHTML, like Gecko) Chrome/132.0.0.0 Safari/537.36"
::ffff:127.0.0.1 - - [10/Sep/2025:06:22:46 +0000] "GET /api/v1/user/getInstructorData?id=67375415e0ee19a15a41924d&token=eyJhbGciOiJIUzI1NiIsInR5cCI6IkpXVCJ9.eyJpZCI6IjY4YWViZDg1ZmM1N2M2YmFhMWY2ZDgwMSIsImVtYWlsIjoiamtAZ21haWwuY29tIiwicm9sZSI6IlVzZXIiLCJpYXQiOjE3NTc0ODUyMzksImV4cCI6MTc1NzQ4NjczOX0.kVYUzy8U0fUoy8X22oqzMe9hBf_Ffk1LkR90FhXdkKA HTTP/1.1" 200 3393 "-" "axios/1.11.0"
::1 - - [10/Sep/2025:06:22:47 +0000] "GET /api/v1/user/getImg HTTP/1.1" 304 - "http://localhost:3000/" "Mozilla/5.0 (X11; Linux x86_64) AppleWebKit/537.36 (KHTML, like Gecko) Chrome/132.0.0.0 Safari/537.36"
::ffff:127.0.0.1 - - [10/Sep/2025:06:23:45 +0000] "GET /api/v1/user/getInstructorData?id=67375415e0ee19a15a41924d&token=eyJhbGciOiJIUzI1NiIsInR5cCI6IkpXVCJ9.eyJpZCI6IjY4YWViZDg1ZmM1N2M2YmFhMWY2ZDgwMSIsImVtYWlsIjoiamtAZ21haWwuY29tIiwicm9sZSI6IlVzZXIiLCJpYXQiOjE3NTc0ODUyMzksImV4cCI6MTc1NzQ4NjczOX0.kVYUzy8U0fUoy8X22oqzMe9hBf_Ffk1LkR90FhXdkKA HTTP/1.1" 200 3001 "-" "axios/1.11.0"
::ffff:127.0.0.1 - - [10/Sep/2025:06:23:46 +0000] "GET /api/v1/user/getInstructorData?id=67375415e0ee19a15a41924d&token=eyJhbGciOiJIUzI1NiIsInR5cCI6IkpXVCJ9.eyJpZCI6IjY4YWViZDg1ZmM1N2M2YmFhMWY2ZDgwMSIsImVtYWlsIjoiamtAZ21haWwuY29tIiwicm9sZSI6IlVzZXIiLCJpYXQiOjE3NTc0ODUyMzksImV4cCI6MTc1NzQ4NjczOX0.kVYUzy8U0fUoy8X22oqzMe9hBf_Ffk1LkR90FhXdkKA HTTP/1.1" 200 3001 "-" "axios/1.11.0"
::ffff:127.0.0.1 - - [10/Sep/2025:06:23:47 +0000] "GET /api/v1/user/getInstructorData?id=67375415e0ee19a15a41924d&token=eyJhbGciOiJIUzI1NiIsInR5cCI6IkpXVCJ9.eyJpZCI6IjY4YWViZDg1ZmM1N2M2YmFhMWY2ZDgwMSIsImVtYWlsIjoiamtAZ21haWwuY29tIiwicm9sZSI6IlVzZXIiLCJpYXQiOjE3NTc0ODUyMzksImV4cCI6MTc1NzQ4NjczOX0.kVYUzy8U0fUoy8X22oqzMe9hBf_Ffk1LkR90FhXdkKA HTTP/1.1" 200 3001 "-" "axios/1.11.0"
::ffff:127.0.0.1 - - [10/Sep/2025:06:23:48 +0000] "GET /api/v1/user/getInstructorData?id=67375415e0ee19a15a41924d&token=eyJhbGciOiJIUzI1NiIsInR5cCI6IkpXVCJ9.eyJpZCI6IjY4YWViZDg1ZmM1N2M2YmFhMWY2ZDgwMSIsImVtYWlsIjoiamtAZ21haWwuY29tIiwicm9sZSI6IlVzZXIiLCJpYXQiOjE3NTc0ODUyMzksImV4cCI6MTc1NzQ4NjczOX0.kVYUzy8U0fUoy8X22oqzMe9hBf_Ffk1LkR90FhXdkKA HTTP/1.1" 200 3001 "-" "axios/1.11.0"
::ffff:127.0.0.1 - - [10/Sep/2025:06:23:51 +0000] "GET /api/v1/user/getInstructorData?id=67375415e0ee19a15a41924d&token=eyJhbGciOiJIUzI1NiIsInR5cCI6IkpXVCJ9.eyJpZCI6IjY4YWViZDg1ZmM1N2M2YmFhMWY2ZDgwMSIsImVtYWlsIjoiamtAZ21haWwuY29tIiwicm9sZSI6IlVzZXIiLCJpYXQiOjE3NTc0ODUyMzksImV4cCI6MTc1NzQ4NjczOX0.kVYUzy8U0fUoy8X22oqzMe9hBf_Ffk1LkR90FhXdkKA HTTP/1.1" 200 3001 "-" "axios/1.11.0"
::ffff:127.0.0.1 - - [10/Sep/2025:06:23:52 +0000] "GET /api/v1/user/getInstructorData?id=67375415e0ee19a15a41924d&token=eyJhbGciOiJIUzI1NiIsInR5cCI6IkpXVCJ9.eyJpZCI6IjY4YWViZDg1ZmM1N2M2YmFhMWY2ZDgwMSIsImVtYWlsIjoiamtAZ21haWwuY29tIiwicm9sZSI6IlVzZXIiLCJpYXQiOjE3NTc0ODUyMzksImV4cCI6MTc1NzQ4NjczOX0.kVYUzy8U0fUoy8X22oqzMe9hBf_Ffk1LkR90FhXdkKA HTTP/1.1" 200 3001 "-" "axios/1.11.0"
::ffff:127.0.0.1 - - [10/Sep/2025:06:23:56 +0000] "GET /api/v1/user/getInstructorData?id=67375415e0ee19a15a41924d&token=eyJhbGciOiJIUzI1NiIsInR5cCI6IkpXVCJ9.eyJpZCI6IjY4YWViZDg1ZmM1N2M2YmFhMWY2ZDgwMSIsImVtYWlsIjoiamtAZ21haWwuY29tIiwicm9sZSI6IlVzZXIiLCJpYXQiOjE3NTc0ODUyMzksImV4cCI6MTc1NzQ4NjczOX0.kVYUzy8U0fUoy8X22oqzMe9hBf_Ffk1LkR90FhXdkKA HTTP/1.1" 200 3001 "-" "axios/1.11.0"
::ffff:127.0.0.1 - - [10/Sep/2025:06:23:58 +0000] "GET /api/v1/user/getInstructorData?id=67375415e0ee19a15a41924d&token=eyJhbGciOiJIUzI1NiIsInR5cCI6IkpXVCJ9.eyJpZCI6IjY4YWViZDg1ZmM1N2M2YmFhMWY2ZDgwMSIsImVtYWlsIjoiamtAZ21haWwuY29tIiwicm9sZSI6IlVzZXIiLCJpYXQiOjE3NTc0ODUyMzksImV4cCI6MTc1NzQ4NjczOX0.kVYUzy8U0fUoy8X22oqzMe9hBf_Ffk1LkR90FhXdkKA HTTP/1.1" 200 3001 "-" "axios/1.11.0"
::ffff:127.0.0.1 - - [10/Sep/2025:06:23:58 +0000] "GET /api/v1/user/getInstructorData?id=67375415e0ee19a15a41924d&token=eyJhbGciOiJIUzI1NiIsInR5cCI6IkpXVCJ9.eyJpZCI6IjY4YWViZDg1ZmM1N2M2YmFhMWY2ZDgwMSIsImVtYWlsIjoiamtAZ21haWwuY29tIiwicm9sZSI6IlVzZXIiLCJpYXQiOjE3NTc0ODUyMzksImV4cCI6MTc1NzQ4NjczOX0.kVYUzy8U0fUoy8X22oqzMe9hBf_Ffk1LkR90FhXdkKA HTTP/1.1" 200 3001 "-" "axios/1.11.0"
::ffff:127.0.0.1 - - [10/Sep/2025:06:23:59 +0000] "GET /api/v1/user/getInstructorData?id=67375415e0ee19a15a41924d&token=eyJhbGciOiJIUzI1NiIsInR5cCI6IkpXVCJ9.eyJpZCI6IjY4YWViZDg1ZmM1N2M2YmFhMWY2ZDgwMSIsImVtYWlsIjoiamtAZ21haWwuY29tIiwicm9sZSI6IlVzZXIiLCJpYXQiOjE3NTc0ODUyMzksImV4cCI6MTc1NzQ4NjczOX0.kVYUzy8U0fUoy8X22oqzMe9hBf_Ffk1LkR90FhXdkKA HTTP/1.1" 200 3001 "-" "axios/1.11.0"
::ffff:127.0.0.1 - - [10/Sep/2025:06:24:47 +0000] "GET /api/v1/user/getInstructorData?id=67375415e0ee19a15a41924d&token=eyJhbGciOiJIUzI1NiIsInR5cCI6IkpXVCJ9.eyJpZCI6IjY4YWViZDg1ZmM1N2M2YmFhMWY2ZDgwMSIsImVtYWlsIjoiamtAZ21haWwuY29tIiwicm9sZSI6IlVzZXIiLCJpYXQiOjE3NTc0ODUyMzksImV4cCI6MTc1NzQ4NjczOX0.kVYUzy8U0fUoy8X22oqzMe9hBf_Ffk1LkR90FhXdkKA HTTP/1.1" 200 3001 "-" "axios/1.11.0"
::1 - - [12/Sep/2025:13:39:48 +0000] "OPTIONS /api/v1/user/login HTTP/1.1" 204 0 "http://localhost:3000/" "Mozilla/5.0 (X11; Linux x86_64) AppleWebKit/537.36 (KHTML, like Gecko) Chrome/132.0.0.0 Safari/537.36"
::1 - - [12/Sep/2025:13:39:54 +0000] "OPTIONS /api/v1/user/login HTTP/1.1" 204 0 "http://localhost:3000/" "Mozilla/5.0 (X11; Linux x86_64) AppleWebKit/537.36 (KHTML, like Gecko) Chrome/132.0.0.0 Safari/537.36"
::1 - - [12/Sep/2025:13:40:36 +0000] "OPTIONS /api/v1/user/login HTTP/1.1" 204 0 "http://localhost:3000/" "Mozilla/5.0 (X11; Linux x86_64) AppleWebKit/537.36 (KHTML, like Gecko) Chrome/132.0.0.0 Safari/537.36"
::1 - - [12/Sep/2025:13:40:37 +0000] "POST /api/v1/user/login HTTP/1.1" 200 553 "http://localhost:3000/" "Mozilla/5.0 (X11; Linux x86_64) AppleWebKit/537.36 (KHTML, like Gecko) Chrome/132.0.0.0 Safari/537.36"
::1 - - [12/Sep/2025:13:40:42 +0000] "GET /api/v1/user/getInstructor?page=1&limit=5&searchTerm=&category= HTTP/1.1" 200 1908 "http://localhost:3000/" "Mozilla/5.0 (X11; Linux x86_64) AppleWebKit/537.36 (KHTML, like Gecko) Chrome/132.0.0.0 Safari/537.36"
::1 - - [12/Sep/2025:13:40:42 +0000] "GET /api/v1/user/home HTTP/1.1" 304 - "http://localhost:3000/" "Mozilla/5.0 (X11; Linux x86_64) AppleWebKit/537.36 (KHTML, like Gecko) Chrome/132.0.0.0 Safari/537.36"
::1 - - [12/Sep/2025:13:40:42 +0000] "GET /api/v1/user/getImg HTTP/1.1" 304 - "http://localhost:3000/" "Mozilla/5.0 (X11; Linux x86_64) AppleWebKit/537.36 (KHTML, like Gecko) Chrome/132.0.0.0 Safari/537.36"
