::1 - - [27/Sep/2025:12:31:36 +0000] "GET /api/v1/user/getImg HTTP/1.1" 304 - "http://localhost:3000/" "Mozilla/5.0 (X11; Linux x86_64) AppleWebKit/537.36 (KHTML, like Gecko) Chrome/132.0.0.0 Safari/537.36"
::1 - - [27/Sep/2025:12:31:36 +0000] "GET /api/v1/user/getImg HTTP/1.1" 304 - "http://localhost:3000/" "Mozilla/5.0 (X11; Linux x86_64) AppleWebKit/537.36 (KHTML, like Gecko) Chrome/132.0.0.0 Safari/537.36"
::ffff:127.0.0.1 - - [27/Sep/2025:12:31:57 +0000] "GET /api/v1/user/getInstructorData?id=67375415e0ee19a15a41924d&token=eyJhbGciOiJIUzI1NiIsInR5cCI6IkpXVCJ9.eyJpZCI6IjY4YWViZDg1ZmM1N2M2YmFhMWY2ZDgwMSIsImVtYWlsIjoiamtAZ21haWwuY29tIiwicm9sZSI6IlVzZXIiLCJpYXQiOjE3NTg5NzUxNzQsImV4cCI6MTc1ODk3NjY3NH0.vM24rANHUpwzB7qXjkEQHkPJIXVQGqoYsNJjAZ9-pUQ HTTP/1.1" 200 4021 "-" "axios/1.11.0"
::ffff:127.0.0.1 - - [27/Sep/2025:12:32:06 +0000] "GET /api/v1/user/getInstructorData?id=67375415e0ee19a15a41924d&token=eyJhbGciOiJIUzI1NiIsInR5cCI6IkpXVCJ9.eyJpZCI6IjY4YWViZDg1ZmM1N2M2YmFhMWY2ZDgwMSIsImVtYWlsIjoiamtAZ21haWwuY29tIiwicm9sZSI6IlVzZXIiLCJpYXQiOjE3NTg5NzUxNzQsImV4cCI6MTc1ODk3NjY3NH0.vM24rANHUpwzB7qXjkEQHkPJIXVQGqoYsNJjAZ9-pUQ HTTP/1.1" 200 4021 "-" "axios/1.11.0"
::ffff:127.0.0.1 - - [27/Sep/2025:12:32:15 +0000] "GET /api/v1/user/getInstructorData?id=67375415e0ee19a15a41924d&token=eyJhbGciOiJIUzI1NiIsInR5cCI6IkpXVCJ9.eyJpZCI6IjY4YWViZDg1ZmM1N2M2YmFhMWY2ZDgwMSIsImVtYWlsIjoiamtAZ21haWwuY29tIiwicm9sZSI6IlVzZXIiLCJpYXQiOjE3NTg5NzUxNzQsImV4cCI6MTc1ODk3NjY3NH0.vM24rANHUpwzB7qXjkEQHkPJIXVQGqoYsNJjAZ9-pUQ HTTP/1.1" 200 4021 "-" "axios/1.11.0"
::1 - - [27/Sep/2025:12:32:36 +0000] "GET /api/v1/user/getImg HTTP/1.1" 304 - "http://localhost:3000/" "Mozilla/5.0 (X11; Linux x86_64) AppleWebKit/537.36 (KHTML, like Gecko) Chrome/132.0.0.0 Safari/537.36"
::1 - - [27/Sep/2025:12:32:36 +0000] "GET /api/v1/user/home HTTP/1.1" 304 - "http://localhost:3000/" "Mozilla/5.0 (X11; Linux x86_64) AppleWebKit/537.36 (KHTML, like Gecko) Chrome/132.0.0.0 Safari/537.36"
::1 - - [27/Sep/2025:12:32:36 +0000] "GET /api/v1/user/getInstructor?page=1&limit=5&searchTerm=&category= HTTP/1.1" 304 - "http://localhost:3000/" "Mozilla/5.0 (X11; Linux x86_64) AppleWebKit/537.36 (KHTML, like Gecko) Chrome/132.0.0.0 Safari/537.36"
::1 - - [27/Sep/2025:12:32:36 +0000] "GET /api/v1/user/getImg HTTP/1.1" 304 - "http://localhost:3000/" "Mozilla/5.0 (X11; Linux x86_64) AppleWebKit/537.36 (KHTML, like Gecko) Chrome/132.0.0.0 Safari/537.36"
::1 - - [27/Sep/2025:12:32:36 +0000] "GET /api/v1/user/home HTTP/1.1" 304 - "http://localhost:3000/" "Mozilla/5.0 (X11; Linux x86_64) AppleWebKit/537.36 (KHTML, like Gecko) Chrome/132.0.0.0 Safari/537.36"
::1 - - [27/Sep/2025:12:32:37 +0000] "GET /api/v1/user/getInstructor?page=1&limit=5&searchTerm=&category= HTTP/1.1" 304 - "http://localhost:3000/" "Mozilla/5.0 (X11; Linux x86_64) AppleWebKit/537.36 (KHTML, like Gecko) Chrome/132.0.0.0 Safari/537.36"
::ffff:127.0.0.1 - - [27/Sep/2025:12:32:43 +0000] "GET /api/v1/user/getInstructorData?id=67375415e0ee19a15a41924d&token=eyJhbGciOiJIUzI1NiIsInR5cCI6IkpXVCJ9.eyJpZCI6IjY4YWViZDg1ZmM1N2M2YmFhMWY2ZDgwMSIsImVtYWlsIjoiamtAZ21haWwuY29tIiwicm9sZSI6IlVzZXIiLCJpYXQiOjE3NTg5NzUxNzQsImV4cCI6MTc1ODk3NjY3NH0.vM24rANHUpwzB7qXjkEQHkPJIXVQGqoYsNJjAZ9-pUQ HTTP/1.1" 200 4021 "-" "axios/1.11.0"
::1 - - [27/Sep/2025:12:32:43 +0000] "GET /api/v1/user/getImg HTTP/1.1" 304 - "http://localhost:3000/" "Mozilla/5.0 (X11; Linux x86_64) AppleWebKit/537.36 (KHTML, like Gecko) Chrome/132.0.0.0 Safari/537.36"
::1 - - [27/Sep/2025:12:32:44 +0000] "GET /api/v1/user/getImg HTTP/1.1" 304 - "http://localhost:3000/" "Mozilla/5.0 (X11; Linux x86_64) AppleWebKit/537.36 (KHTML, like Gecko) Chrome/132.0.0.0 Safari/537.36"
::1 - - [27/Sep/2025:12:32:53 +0000] "GET /api/v1/user/getCourse?courseId=68d2411483e36484e6953424 HTTP/1.1" 304 - "http://localhost:3000/" "Mozilla/5.0 (X11; Linux x86_64) AppleWebKit/537.36 (KHTML, like Gecko) Chrome/132.0.0.0 Safari/537.36"
::1 - - [27/Sep/2025:12:32:53 +0000] "GET /api/v1/user/getCourse?courseId=68d2411483e36484e6953424 HTTP/1.1" 304 - "http://localhost:3000/" "Mozilla/5.0 (X11; Linux x86_64) AppleWebKit/537.36 (KHTML, like Gecko) Chrome/132.0.0.0 Safari/537.36"
::1 - - [27/Sep/2025:12:33:54 +0000] "GET /api/v1/user/getImg HTTP/1.1" 304 - "http://localhost:3000/" "Mozilla/5.0 (X11; Linux x86_64) AppleWebKit/537.36 (KHTML, like Gecko) Chrome/132.0.0.0 Safari/537.36"
::1 - - [27/Sep/2025:12:33:54 +0000] "GET /api/v1/user/getImg HTTP/1.1" 304 - "http://localhost:3000/" "Mozilla/5.0 (X11; Linux x86_64) AppleWebKit/537.36 (KHTML, like Gecko) Chrome/132.0.0.0 Safari/537.36"
::1 - - [27/Sep/2025:12:34:20 +0000] "GET /api/v1/user/getImg HTTP/1.1" 304 - "http://localhost:3000/" "Mozilla/5.0 (X11; Linux x86_64) AppleWebKit/537.36 (KHTML, like Gecko) Chrome/132.0.0.0 Safari/537.36"
::1 - - [27/Sep/2025:12:34:20 +0000] "GET /api/v1/user/home HTTP/1.1" 304 - "http://localhost:3000/" "Mozilla/5.0 (X11; Linux x86_64) AppleWebKit/537.36 (KHTML, like Gecko) Chrome/132.0.0.0 Safari/537.36"
::1 - - [27/Sep/2025:12:34:20 +0000] "GET /api/v1/user/getInstructor?page=1&limit=5&searchTerm=&category= HTTP/1.1" 304 - "http://localhost:3000/" "Mozilla/5.0 (X11; Linux x86_64) AppleWebKit/537.36 (KHTML, like Gecko) Chrome/132.0.0.0 Safari/537.36"
::ffff:127.0.0.1 - - [27/Sep/2025:12:35:23 +0000] "GET /api/v1/user/getInstructorData?id=67375415e0ee19a15a41924d&token=eyJhbGciOiJIUzI1NiIsInR5cCI6IkpXVCJ9.eyJpZCI6IjY4YWViZDg1ZmM1N2M2YmFhMWY2ZDgwMSIsImVtYWlsIjoiamtAZ21haWwuY29tIiwicm9sZSI6IlVzZXIiLCJpYXQiOjE3NTg5NzUxNzQsImV4cCI6MTc1ODk3NjY3NH0.vM24rANHUpwzB7qXjkEQHkPJIXVQGqoYsNJjAZ9-pUQ HTTP/1.1" 200 4021 "-" "axios/1.11.0"
::1 - - [27/Sep/2025:12:35:23 +0000] "GET /api/v1/user/getImg HTTP/1.1" 304 - "http://localhost:3000/" "Mozilla/5.0 (X11; Linux x86_64) AppleWebKit/537.36 (KHTML, like Gecko) Chrome/132.0.0.0 Safari/537.36"
::1 - - [27/Sep/2025:12:35:23 +0000] "GET /api/v1/user/getImg HTTP/1.1" 304 - "http://localhost:3000/" "Mozilla/5.0 (X11; Linux x86_64) AppleWebKit/537.36 (KHTML, like Gecko) Chrome/132.0.0.0 Safari/537.36"
::1 - - [27/Sep/2025:12:35:27 +0000] "GET /api/v1/user/getCourse?courseId=68d2411483e36484e6953424 HTTP/1.1" 304 - "http://localhost:3000/" "Mozilla/5.0 (X11; Linux x86_64) AppleWebKit/537.36 (KHTML, like Gecko) Chrome/132.0.0.0 Safari/537.36"
::1 - - [27/Sep/2025:12:35:27 +0000] "GET /api/v1/user/getCourse?courseId=68d2411483e36484e6953424 HTTP/1.1" 304 - "http://localhost:3000/" "Mozilla/5.0 (X11; Linux x86_64) AppleWebKit/537.36 (KHTML, like Gecko) Chrome/132.0.0.0 Safari/537.36"
::1 - - [27/Sep/2025:12:36:50 +0000] "GET /api/v1/user/getCourse?courseId=68d2411483e36484e6953424 HTTP/1.1" 304 - "http://localhost:3000/" "Mozilla/5.0 (X11; Linux x86_64) AppleWebKit/537.36 (KHTML, like Gecko) Chrome/132.0.0.0 Safari/537.36"
::1 - - [27/Sep/2025:12:37:27 +0000] "GET /api/v1/user/getCourse?courseId=68d2411483e36484e6953424 HTTP/1.1" 304 - "http://localhost:3000/" "Mozilla/5.0 (X11; Linux x86_64) AppleWebKit/537.36 (KHTML, like Gecko) Chrome/132.0.0.0 Safari/537.36"
::1 - - [27/Sep/2025:12:37:38 +0000] "GET /api/v1/user/getCourse?courseId=68d2411483e36484e6953424 HTTP/1.1" 304 - "http://localhost:3000/" "Mozilla/5.0 (X11; Linux x86_64) AppleWebKit/537.36 (KHTML, like Gecko) Chrome/132.0.0.0 Safari/537.36"
::1 - - [27/Sep/2025:12:38:29 +0000] "GET /api/v1/user/getImg HTTP/1.1" 401 27 "http://localhost:3000/" "Mozilla/5.0 (X11; Linux x86_64) AppleWebKit/537.36 (KHTML, like Gecko) Chrome/132.0.0.0 Safari/537.36"
::1 - - [27/Sep/2025:12:38:29 +0000] "GET /api/v1/user/getCourse?courseId=68d2411483e36484e6953424 HTTP/1.1" 401 27 "http://localhost:3000/" "Mozilla/5.0 (X11; Linux x86_64) AppleWebKit/537.36 (KHTML, like Gecko) Chrome/132.0.0.0 Safari/537.36"
::1 - - [27/Sep/2025:12:38:29 +0000] "POST /api/v1/user/refreshToken HTTP/1.1" 200 43 "http://localhost:3000/" "Mozilla/5.0 (X11; Linux x86_64) AppleWebKit/537.36 (KHTML, like Gecko) Chrome/132.0.0.0 Safari/537.36"
::1 - - [27/Sep/2025:12:38:30 +0000] "POST /api/v1/user/refreshToken HTTP/1.1" 200 43 "http://localhost:3000/" "Mozilla/5.0 (X11; Linux x86_64) AppleWebKit/537.36 (KHTML, like Gecko) Chrome/132.0.0.0 Safari/537.36"
::1 - - [27/Sep/2025:12:38:38 +0000] "GET /api/v1/user/getImg HTTP/1.1" 401 27 "http://localhost:3000/" "Mozilla/5.0 (X11; Linux x86_64) AppleWebKit/537.36 (KHTML, like Gecko) Chrome/132.0.0.0 Safari/537.36"
::1 - - [27/Sep/2025:12:38:38 +0000] "GET /api/v1/user/getCourse?courseId=68d2411483e36484e6953424 HTTP/1.1" 401 27 "http://localhost:3000/" "Mozilla/5.0 (X11; Linux x86_64) AppleWebKit/537.36 (KHTML, like Gecko) Chrome/132.0.0.0 Safari/537.36"
::1 - - [27/Sep/2025:12:38:38 +0000] "POST /api/v1/user/refreshToken HTTP/1.1" 200 43 "http://localhost:3000/" "Mozilla/5.0 (X11; Linux x86_64) AppleWebKit/537.36 (KHTML, like Gecko) Chrome/132.0.0.0 Safari/537.36"
::1 - - [27/Sep/2025:12:38:38 +0000] "POST /api/v1/user/refreshToken HTTP/1.1" 200 43 "http://localhost:3000/" "Mozilla/5.0 (X11; Linux x86_64) AppleWebKit/537.36 (KHTML, like Gecko) Chrome/132.0.0.0 Safari/537.36"
::1 - - [27/Sep/2025:12:38:50 +0000] "GET /api/v1/user/getImg HTTP/1.1" 401 27 "http://localhost:3000/" "Mozilla/5.0 (X11; Linux x86_64) AppleWebKit/537.36 (KHTML, like Gecko) Chrome/132.0.0.0 Safari/537.36"
::1 - - [27/Sep/2025:12:38:50 +0000] "GET /api/v1/user/getInstructor?page=1&limit=5&searchTerm=&category= HTTP/1.1" 401 27 "http://localhost:3000/" "Mozilla/5.0 (X11; Linux x86_64) AppleWebKit/537.36 (KHTML, like Gecko) Chrome/132.0.0.0 Safari/537.36"
::1 - - [27/Sep/2025:12:38:50 +0000] "GET /api/v1/user/home HTTP/1.1" 401 27 "http://localhost:3000/" "Mozilla/5.0 (X11; Linux x86_64) AppleWebKit/537.36 (KHTML, like Gecko) Chrome/132.0.0.0 Safari/537.36"
::1 - - [27/Sep/2025:12:38:50 +0000] "GET /api/v1/user/getInstructor?page=1&limit=5&searchTerm=&category= HTTP/1.1" 401 27 "http://localhost:3000/" "Mozilla/5.0 (X11; Linux x86_64) AppleWebKit/537.36 (KHTML, like Gecko) Chrome/132.0.0.0 Safari/537.36"
::1 - - [27/Sep/2025:12:38:50 +0000] "GET /api/v1/user/getImg HTTP/1.1" 401 27 "http://localhost:3000/" "Mozilla/5.0 (X11; Linux x86_64) AppleWebKit/537.36 (KHTML, like Gecko) Chrome/132.0.0.0 Safari/537.36"
::1 - - [27/Sep/2025:12:38:50 +0000] "GET /api/v1/user/home HTTP/1.1" 401 27 "http://localhost:3000/" "Mozilla/5.0 (X11; Linux x86_64) AppleWebKit/537.36 (KHTML, like Gecko) Chrome/132.0.0.0 Safari/537.36"
::1 - - [27/Sep/2025:12:38:50 +0000] "POST /api/v1/user/refreshToken HTTP/1.1" 200 43 "http://localhost:3000/" "Mozilla/5.0 (X11; Linux x86_64) AppleWebKit/537.36 (KHTML, like Gecko) Chrome/132.0.0.0 Safari/537.36"
::1 - - [27/Sep/2025:12:38:50 +0000] "POST /api/v1/user/refreshToken HTTP/1.1" 200 43 "http://localhost:3000/" "Mozilla/5.0 (X11; Linux x86_64) AppleWebKit/537.36 (KHTML, like Gecko) Chrome/132.0.0.0 Safari/537.36"
::1 - - [27/Sep/2025:12:38:50 +0000] "POST /api/v1/user/refreshToken HTTP/1.1" 200 43 "http://localhost:3000/" "Mozilla/5.0 (X11; Linux x86_64) AppleWebKit/537.36 (KHTML, like Gecko) Chrome/132.0.0.0 Safari/537.36"
::1 - - [27/Sep/2025:12:38:50 +0000] "POST /api/v1/user/refreshToken HTTP/1.1" 200 43 "http://localhost:3000/" "Mozilla/5.0 (X11; Linux x86_64) AppleWebKit/537.36 (KHTML, like Gecko) Chrome/132.0.0.0 Safari/537.36"
::1 - - [27/Sep/2025:12:38:50 +0000] "POST /api/v1/user/refreshToken HTTP/1.1" 200 43 "http://localhost:3000/" "Mozilla/5.0 (X11; Linux x86_64) AppleWebKit/537.36 (KHTML, like Gecko) Chrome/132.0.0.0 Safari/537.36"
::1 - - [27/Sep/2025:12:38:50 +0000] "POST /api/v1/user/refreshToken HTTP/1.1" 200 43 "http://localhost:3000/" "Mozilla/5.0 (X11; Linux x86_64) AppleWebKit/537.36 (KHTML, like Gecko) Chrome/132.0.0.0 Safari/537.36"
::1 - - [27/Sep/2025:12:42:53 +0000] "OPTIONS /api/v1/user/login HTTP/1.1" 204 0 "http://localhost:3000/" "Mozilla/5.0 (X11; Linux x86_64) AppleWebKit/537.36 (KHTML, like Gecko) Chrome/132.0.0.0 Safari/537.36"
::1 - - [27/Sep/2025:12:42:54 +0000] "POST /api/v1/user/login HTTP/1.1" 200 553 "http://localhost:3000/" "Mozilla/5.0 (X11; Linux x86_64) AppleWebKit/537.36 (KHTML, like Gecko) Chrome/132.0.0.0 Safari/537.36"
::1 - - [27/Sep/2025:12:42:58 +0000] "GET /api/v1/user/home HTTP/1.1" 200 257 "http://localhost:3000/" "Mozilla/5.0 (X11; Linux x86_64) AppleWebKit/537.36 (KHTML, like Gecko) Chrome/132.0.0.0 Safari/537.36"
::1 - - [27/Sep/2025:12:42:58 +0000] "GET /api/v1/user/getImg HTTP/1.1" 200 174 "http://localhost:3000/" "Mozilla/5.0 (X11; Linux x86_64) AppleWebKit/537.36 (KHTML, like Gecko) Chrome/132.0.0.0 Safari/537.36"
::1 - - [27/Sep/2025:12:42:58 +0000] "GET /api/v1/user/getImg HTTP/1.1" 200 174 "http://localhost:3000/" "Mozilla/5.0 (X11; Linux x86_64) AppleWebKit/537.36 (KHTML, like Gecko) Chrome/132.0.0.0 Safari/537.36"
::1 - - [27/Sep/2025:12:42:58 +0000] "GET /api/v1/user/home HTTP/1.1" 200 257 "http://localhost:3000/" "Mozilla/5.0 (X11; Linux x86_64) AppleWebKit/537.36 (KHTML, like Gecko) Chrome/132.0.0.0 Safari/537.36"
::1 - - [27/Sep/2025:12:42:58 +0000] "GET /api/v1/user/getInstructor?page=1&limit=5&searchTerm=&category= HTTP/1.1" 200 2055 "http://localhost:3000/" "Mozilla/5.0 (X11; Linux x86_64) AppleWebKit/537.36 (KHTML, like Gecko) Chrome/132.0.0.0 Safari/537.36"
::1 - - [27/Sep/2025:12:42:58 +0000] "GET /api/v1/user/getInstructor?page=1&limit=5&searchTerm=&category= HTTP/1.1" 200 2055 "http://localhost:3000/" "Mozilla/5.0 (X11; Linux x86_64) AppleWebKit/537.36 (KHTML, like Gecko) Chrome/132.0.0.0 Safari/537.36"
::ffff:127.0.0.1 - - [27/Sep/2025:12:43:11 +0000] "GET /api/v1/user/getInstructorData?id=67375415e0ee19a15a41924d&token=eyJhbGciOiJIUzI1NiIsInR5cCI6IkpXVCJ9.eyJpZCI6IjY4YWViZDg1ZmM1N2M2YmFhMWY2ZDgwMSIsImVtYWlsIjoiamtAZ21haWwuY29tIiwicm9sZSI6IlVzZXIiLCJpYXQiOjE3NTg5NzY5NzQsImV4cCI6MTc1ODk3ODQ3NH0.roR2B-tJDOmrYHlsAJ5O9PIUVftnhCezlT4aAoFER7s HTTP/1.1" 200 4021 "-" "axios/1.11.0"
::1 - - [27/Sep/2025:12:43:12 +0000] "GET /api/v1/user/getImg HTTP/1.1" 304 - "http://localhost:3000/" "Mozilla/5.0 (X11; Linux x86_64) AppleWebKit/537.36 (KHTML, like Gecko) Chrome/132.0.0.0 Safari/537.36"
::1 - - [27/Sep/2025:12:43:13 +0000] "GET /api/v1/user/getImg HTTP/1.1" 304 - "http://localhost:3000/" "Mozilla/5.0 (X11; Linux x86_64) AppleWebKit/537.36 (KHTML, like Gecko) Chrome/132.0.0.0 Safari/537.36"
::1 - - [27/Sep/2025:12:43:31 +0000] "GET /api/v1/user/home HTTP/1.1" 304 - "http://localhost:3000/" "Mozilla/5.0 (X11; Linux x86_64) AppleWebKit/537.36 (KHTML, like Gecko) Chrome/132.0.0.0 Safari/537.36"
::1 - - [27/Sep/2025:12:43:31 +0000] "GET /api/v1/user/getImg HTTP/1.1" 304 - "http://localhost:3000/" "Mozilla/5.0 (X11; Linux x86_64) AppleWebKit/537.36 (KHTML, like Gecko) Chrome/132.0.0.0 Safari/537.36"
::1 - - [27/Sep/2025:12:43:31 +0000] "GET /api/v1/user/getInstructor?page=1&limit=5&searchTerm=&category= HTTP/1.1" 304 - "http://localhost:3000/" "Mozilla/5.0 (X11; Linux x86_64) AppleWebKit/537.36 (KHTML, like Gecko) Chrome/132.0.0.0 Safari/537.36"
::ffff:127.0.0.1 - - [27/Sep/2025:12:43:38 +0000] "GET /api/v1/user/getInstructorData?id=67375415e0ee19a15a41924d&token=eyJhbGciOiJIUzI1NiIsInR5cCI6IkpXVCJ9.eyJpZCI6IjY4YWViZDg1ZmM1N2M2YmFhMWY2ZDgwMSIsImVtYWlsIjoiamtAZ21haWwuY29tIiwicm9sZSI6IlVzZXIiLCJpYXQiOjE3NTg5NzY5NzQsImV4cCI6MTc1ODk3ODQ3NH0.roR2B-tJDOmrYHlsAJ5O9PIUVftnhCezlT4aAoFER7s HTTP/1.1" 200 4021 "-" "axios/1.11.0"
::1 - - [27/Sep/2025:12:43:42 +0000] "GET /api/v1/user/getImg HTTP/1.1" 304 - "http://localhost:3000/" "Mozilla/5.0 (X11; Linux x86_64) AppleWebKit/537.36 (KHTML, like Gecko) Chrome/132.0.0.0 Safari/537.36"
::1 - - [27/Sep/2025:12:43:42 +0000] "GET /api/v1/user/getImg HTTP/1.1" 304 - "http://localhost:3000/" "Mozilla/5.0 (X11; Linux x86_64) AppleWebKit/537.36 (KHTML, like Gecko) Chrome/132.0.0.0 Safari/537.36"
::1 - - [27/Sep/2025:12:43:57 +0000] "GET /api/v1/user/getImg HTTP/1.1" 304 - "http://localhost:3000/" "Mozilla/5.0 (X11; Linux x86_64) AppleWebKit/537.36 (KHTML, like Gecko) Chrome/132.0.0.0 Safari/537.36"
::1 - - [27/Sep/2025:12:43:57 +0000] "GET /api/v1/user/getImg HTTP/1.1" 304 - "http://localhost:3000/" "Mozilla/5.0 (X11; Linux x86_64) AppleWebKit/537.36 (KHTML, like Gecko) Chrome/132.0.0.0 Safari/537.36"
::1 - - [27/Sep/2025:12:43:57 +0000] "GET /api/v1/user/getCourse?courseId=68d2411483e36484e6953424 HTTP/1.1" 304 - "http://localhost:3000/" "Mozilla/5.0 (X11; Linux x86_64) AppleWebKit/537.36 (KHTML, like Gecko) Chrome/132.0.0.0 Safari/537.36"
::1 - - [27/Sep/2025:12:43:57 +0000] "GET /api/v1/user/getCourse?courseId=68d2411483e36484e6953424 HTTP/1.1" 304 - "http://localhost:3000/" "Mozilla/5.0 (X11; Linux x86_64) AppleWebKit/537.36 (KHTML, like Gecko) Chrome/132.0.0.0 Safari/537.36"
::1 - - [27/Sep/2025:12:47:14 +0000] "GET /api/v1/user/getImg HTTP/1.1" 304 - "http://localhost:3000/" "Mozilla/5.0 (X11; Linux x86_64) AppleWebKit/537.36 (KHTML, like Gecko) Chrome/132.0.0.0 Safari/537.36"
::1 - - [27/Sep/2025:12:47:14 +0000] "GET /api/v1/user/getCourse?courseId=68d2411483e36484e6953424 HTTP/1.1" 304 - "http://localhost:3000/" "Mozilla/5.0 (X11; Linux x86_64) AppleWebKit/537.36 (KHTML, like Gecko) Chrome/132.0.0.0 Safari/537.36"
::1 - - [27/Sep/2025:12:47:40 +0000] "GET /api/v1/user/getImg HTTP/1.1" 304 - "http://localhost:3000/" "Mozilla/5.0 (X11; Linux x86_64) AppleWebKit/537.36 (KHTML, like Gecko) Chrome/132.0.0.0 Safari/537.36"
::1 - - [27/Sep/2025:12:47:40 +0000] "GET /api/v1/user/getCourse?courseId=68d2411483e36484e6953424 HTTP/1.1" 304 - "http://localhost:3000/" "Mozilla/5.0 (X11; Linux x86_64) AppleWebKit/537.36 (KHTML, like Gecko) Chrome/132.0.0.0 Safari/537.36"
::ffff:127.0.0.1 - - [27/Sep/2025:12:49:29 +0000] "GET /api/v1/user/getInstructorData?id=67375415e0ee19a15a41924d&token=eyJhbGciOiJIUzI1NiIsInR5cCI6IkpXVCJ9.eyJpZCI6IjY4YWViZDg1ZmM1N2M2YmFhMWY2ZDgwMSIsImVtYWlsIjoiamtAZ21haWwuY29tIiwicm9sZSI6IlVzZXIiLCJpYXQiOjE3NTg5NzY5NzQsImV4cCI6MTc1ODk3ODQ3NH0.roR2B-tJDOmrYHlsAJ5O9PIUVftnhCezlT4aAoFER7s HTTP/1.1" 200 4021 "-" "axios/1.11.0"
::1 - - [27/Sep/2025:12:49:48 +0000] "GET /api/v1/user/getImg HTTP/1.1" 304 - "http://localhost:3000/" "Mozilla/5.0 (X11; Linux x86_64) AppleWebKit/537.36 (KHTML, like Gecko) Chrome/132.0.0.0 Safari/537.36"
::1 - - [27/Sep/2025:12:50:01 +0000] "GET /api/v1/user/getImg HTTP/1.1" 304 - "http://localhost:3000/" "Mozilla/5.0 (X11; Linux x86_64) AppleWebKit/537.36 (KHTML, like Gecko) Chrome/132.0.0.0 Safari/537.36"
::1 - - [27/Sep/2025:12:50:01 +0000] "GET /api/v1/user/getCourse?courseId=68d2411483e36484e6953424 HTTP/1.1" 304 - "http://localhost:3000/" "Mozilla/5.0 (X11; Linux x86_64) AppleWebKit/537.36 (KHTML, like Gecko) Chrome/132.0.0.0 Safari/537.36"
::1 - - [27/Sep/2025:12:50:01 +0000] "GET /api/v1/user/getImg HTTP/1.1" 304 - "http://localhost:3000/" "Mozilla/5.0 (X11; Linux x86_64) AppleWebKit/537.36 (KHTML, like Gecko) Chrome/132.0.0.0 Safari/537.36"
::1 - - [27/Sep/2025:12:50:01 +0000] "GET /api/v1/user/getCourse?courseId=68d2411483e36484e6953424 HTTP/1.1" 304 - "http://localhost:3000/" "Mozilla/5.0 (X11; Linux x86_64) AppleWebKit/537.36 (KHTML, like Gecko) Chrome/132.0.0.0 Safari/537.36"
::1 - - [27/Sep/2025:12:50:33 +0000] "OPTIONS /api/v1/user/setImg HTTP/1.1" 204 0 "http://localhost:3000/" "Mozilla/5.0 (X11; Linux x86_64) AppleWebKit/537.36 (KHTML, like Gecko) Chrome/132.0.0.0 Safari/537.36"
::1 - - [27/Sep/2025:12:50:33 +0000] "GET /api/v1/user/getImg HTTP/1.1" 304 - "http://localhost:3000/" "Mozilla/5.0 (X11; Linux x86_64) AppleWebKit/537.36 (KHTML, like Gecko) Chrome/132.0.0.0 Safari/537.36"
::1 - - [27/Sep/2025:12:50:33 +0000] "GET /api/v1/user/userDetails HTTP/1.1" 304 - "http://localhost:3000/" "Mozilla/5.0 (X11; Linux x86_64) AppleWebKit/537.36 (KHTML, like Gecko) Chrome/132.0.0.0 Safari/537.36"
::1 - - [27/Sep/2025:12:50:33 +0000] "POST /api/v1/user/setImg HTTP/1.1" 200 174 "http://localhost:3000/" "Mozilla/5.0 (X11; Linux x86_64) AppleWebKit/537.36 (KHTML, like Gecko) Chrome/132.0.0.0 Safari/537.36"
::1 - - [27/Sep/2025:12:50:49 +0000] "GET /api/v1/user/getImg HTTP/1.1" 304 - "http://localhost:3000/" "Mozilla/5.0 (X11; Linux x86_64) AppleWebKit/537.36 (KHTML, like Gecko) Chrome/132.0.0.0 Safari/537.36"
::1 - - [27/Sep/2025:12:50:49 +0000] "GET /api/v1/user/home HTTP/1.1" 304 - "http://localhost:3000/" "Mozilla/5.0 (X11; Linux x86_64) AppleWebKit/537.36 (KHTML, like Gecko) Chrome/132.0.0.0 Safari/537.36"
::1 - - [27/Sep/2025:12:50:49 +0000] "GET /api/v1/user/getInstructor?page=1&limit=5&searchTerm=&category= HTTP/1.1" 304 - "http://localhost:3000/" "Mozilla/5.0 (X11; Linux x86_64) AppleWebKit/537.36 (KHTML, like Gecko) Chrome/132.0.0.0 Safari/537.36"
::1 - - [27/Sep/2025:12:50:49 +0000] "GET /api/v1/user/getImg HTTP/1.1" 304 - "http://localhost:3000/" "Mozilla/5.0 (X11; Linux x86_64) AppleWebKit/537.36 (KHTML, like Gecko) Chrome/132.0.0.0 Safari/537.36"
::1 - - [27/Sep/2025:12:50:49 +0000] "GET /api/v1/user/home HTTP/1.1" 304 - "http://localhost:3000/" "Mozilla/5.0 (X11; Linux x86_64) AppleWebKit/537.36 (KHTML, like Gecko) Chrome/132.0.0.0 Safari/537.36"
::1 - - [27/Sep/2025:12:50:49 +0000] "GET /api/v1/user/getInstructor?page=1&limit=5&searchTerm=&category= HTTP/1.1" 304 - "http://localhost:3000/" "Mozilla/5.0 (X11; Linux x86_64) AppleWebKit/537.36 (KHTML, like Gecko) Chrome/132.0.0.0 Safari/537.36"
::1 - - [27/Sep/2025:12:52:21 +0000] "OPTIONS /api/v1/user/setImg HTTP/1.1" 204 0 "http://localhost:3000/" "Mozilla/5.0 (X11; Linux x86_64) AppleWebKit/537.36 (KHTML, like Gecko) Chrome/132.0.0.0 Safari/537.36"
::1 - - [27/Sep/2025:12:52:22 +0000] "GET /api/v1/user/getImg HTTP/1.1" 304 - "http://localhost:3000/" "Mozilla/5.0 (X11; Linux x86_64) AppleWebKit/537.36 (KHTML, like Gecko) Chrome/132.0.0.0 Safari/537.36"
::1 - - [27/Sep/2025:12:52:22 +0000] "POST /api/v1/user/setImg HTTP/1.1" 200 174 "http://localhost:3000/" "Mozilla/5.0 (X11; Linux x86_64) AppleWebKit/537.36 (KHTML, like Gecko) Chrome/132.0.0.0 Safari/537.36"
::1 - - [27/Sep/2025:12:52:22 +0000] "GET /api/v1/user/userDetails HTTP/1.1" 304 - "http://localhost:3000/" "Mozilla/5.0 (X11; Linux x86_64) AppleWebKit/537.36 (KHTML, like Gecko) Chrome/132.0.0.0 Safari/537.36"
::1 - - [27/Sep/2025:12:53:01 +0000] "OPTIONS /api/v1/user/setImg HTTP/1.1" 204 0 "http://localhost:3000/" "Mozilla/5.0 (X11; Linux x86_64) AppleWebKit/537.36 (KHTML, like Gecko) Chrome/132.0.0.0 Safari/537.36"
::1 - - [27/Sep/2025:12:53:01 +0000] "POST /api/v1/user/setImg HTTP/1.1" 200 174 "http://localhost:3000/" "Mozilla/5.0 (X11; Linux x86_64) AppleWebKit/537.36 (KHTML, like Gecko) Chrome/132.0.0.0 Safari/537.36"
::1 - - [27/Sep/2025:12:53:01 +0000] "POST /api/v1/user/setImg HTTP/1.1" 200 174 "http://localhost:3000/" "Mozilla/5.0 (X11; Linux x86_64) AppleWebKit/537.36 (KHTML, like Gecko) Chrome/132.0.0.0 Safari/537.36"
::1 - - [27/Sep/2025:12:53:04 +0000] "POST /api/v1/user/setImg HTTP/1.1" 200 174 "http://localhost:3000/" "Mozilla/5.0 (X11; Linux x86_64) AppleWebKit/537.36 (KHTML, like Gecko) Chrome/132.0.0.0 Safari/537.36"
::1 - - [27/Sep/2025:12:53:04 +0000] "GET /api/v1/user/getImg HTTP/1.1" 304 - "http://localhost:3000/" "Mozilla/5.0 (X11; Linux x86_64) AppleWebKit/537.36 (KHTML, like Gecko) Chrome/132.0.0.0 Safari/537.36"
::1 - - [27/Sep/2025:12:53:04 +0000] "GET /api/v1/user/userDetails HTTP/1.1" 304 - "http://localhost:3000/" "Mozilla/5.0 (X11; Linux x86_64) AppleWebKit/537.36 (KHTML, like Gecko) Chrome/132.0.0.0 Safari/537.36"
::1 - - [27/Sep/2025:12:55:31 +0000] "OPTIONS /api/v1/user/setImg HTTP/1.1" 204 0 "http://localhost:3000/" "Mozilla/5.0 (X11; Linux x86_64) AppleWebKit/537.36 (KHTML, like Gecko) Chrome/132.0.0.0 Safari/537.36"
::1 - - [27/Sep/2025:12:55:31 +0000] "OPTIONS /api/v1/user/setImg HTTP/1.1" 204 0 "http://localhost:3000/" "Mozilla/5.0 (X11; Linux x86_64) AppleWebKit/537.36 (KHTML, like Gecko) Chrome/132.0.0.0 Safari/537.36"
::1 - - [27/Sep/2025:12:55:32 +0000] "POST /api/v1/user/setImg HTTP/1.1" 200 174 "http://localhost:3000/" "Mozilla/5.0 (X11; Linux x86_64) AppleWebKit/537.36 (KHTML, like Gecko) Chrome/132.0.0.0 Safari/537.36"
::1 - - [27/Sep/2025:12:55:32 +0000] "POST /api/v1/user/setImg HTTP/1.1" 200 174 "http://localhost:3000/" "Mozilla/5.0 (X11; Linux x86_64) AppleWebKit/537.36 (KHTML, like Gecko) Chrome/132.0.0.0 Safari/537.36"
::1 - - [27/Sep/2025:12:55:33 +0000] "POST /api/v1/user/setImg HTTP/1.1" 200 174 "http://localhost:3000/" "Mozilla/5.0 (X11; Linux x86_64) AppleWebKit/537.36 (KHTML, like Gecko) Chrome/132.0.0.0 Safari/537.36"
::1 - - [27/Sep/2025:12:55:33 +0000] "POST /api/v1/user/setImg HTTP/1.1" 200 174 "http://localhost:3000/" "Mozilla/5.0 (X11; Linux x86_64) AppleWebKit/537.36 (KHTML, like Gecko) Chrome/132.0.0.0 Safari/537.36"
::1 - - [27/Sep/2025:12:55:50 +0000] "OPTIONS /api/v1/user/setImg HTTP/1.1" 204 0 "http://localhost:3000/" "Mozilla/5.0 (X11; Linux x86_64) AppleWebKit/537.36 (KHTML, like Gecko) Chrome/132.0.0.0 Safari/537.36"
::1 - - [27/Sep/2025:12:55:50 +0000] "OPTIONS /api/v1/user/setImg HTTP/1.1" 204 0 "http://localhost:3000/" "Mozilla/5.0 (X11; Linux x86_64) AppleWebKit/537.36 (KHTML, like Gecko) Chrome/132.0.0.0 Safari/537.36"
::1 - - [27/Sep/2025:12:55:51 +0000] "POST /api/v1/user/setImg HTTP/1.1" 200 174 "http://localhost:3000/" "Mozilla/5.0 (X11; Linux x86_64) AppleWebKit/537.36 (KHTML, like Gecko) Chrome/132.0.0.0 Safari/537.36"
::1 - - [27/Sep/2025:12:55:51 +0000] "POST /api/v1/user/setImg HTTP/1.1" 200 174 "http://localhost:3000/" "Mozilla/5.0 (X11; Linux x86_64) AppleWebKit/537.36 (KHTML, like Gecko) Chrome/132.0.0.0 Safari/537.36"
::1 - - [27/Sep/2025:12:57:29 +0000] "GET /api/v1/user/home HTTP/1.1" 304 - "http://localhost:3000/" "Mozilla/5.0 (X11; Linux x86_64) AppleWebKit/537.36 (KHTML, like Gecko) Chrome/132.0.0.0 Safari/537.36"
::1 - - [27/Sep/2025:12:57:29 +0000] "GET /api/v1/user/getImg HTTP/1.1" 304 - "http://localhost:3000/" "Mozilla/5.0 (X11; Linux x86_64) AppleWebKit/537.36 (KHTML, like Gecko) Chrome/132.0.0.0 Safari/537.36"
::1 - - [27/Sep/2025:12:57:29 +0000] "GET /api/v1/user/getInstructor?page=1&limit=5&searchTerm=&category= HTTP/1.1" 304 - "http://localhost:3000/" "Mozilla/5.0 (X11; Linux x86_64) AppleWebKit/537.36 (KHTML, like Gecko) Chrome/132.0.0.0 Safari/537.36"
::1 - - [27/Sep/2025:12:57:36 +0000] "OPTIONS /api/v1/user/setImg HTTP/1.1" 204 0 "http://localhost:3000/" "Mozilla/5.0 (X11; Linux x86_64) AppleWebKit/537.36 (KHTML, like Gecko) Chrome/132.0.0.0 Safari/537.36"
::1 - - [27/Sep/2025:12:57:36 +0000] "POST /api/v1/user/setImg HTTP/1.1" 200 174 "http://localhost:3000/" "Mozilla/5.0 (X11; Linux x86_64) AppleWebKit/537.36 (KHTML, like Gecko) Chrome/132.0.0.0 Safari/537.36"
::1 - - [27/Sep/2025:12:57:36 +0000] "GET /api/v1/user/getImg HTTP/1.1" 304 - "http://localhost:3000/" "Mozilla/5.0 (X11; Linux x86_64) AppleWebKit/537.36 (KHTML, like Gecko) Chrome/132.0.0.0 Safari/537.36"
::1 - - [27/Sep/2025:12:57:36 +0000] "GET /api/v1/user/userDetails HTTP/1.1" 304 - "http://localhost:3000/" "Mozilla/5.0 (X11; Linux x86_64) AppleWebKit/537.36 (KHTML, like Gecko) Chrome/132.0.0.0 Safari/537.36"
::ffff:127.0.0.1 - - [27/Sep/2025:12:57:45 +0000] "GET /api/v1/user/getSlots?token=eyJhbGciOiJIUzI1NiIsInR5cCI6IkpXVCJ9.eyJpZCI6IjY4YWViZDg1ZmM1N2M2YmFhMWY2ZDgwMSIsImVtYWlsIjoiamtAZ21haWwuY29tIiwicm9sZSI6IlVzZXIiLCJpYXQiOjE3NTg5NzY5NzQsImV4cCI6MTc1ODk3ODQ3NH0.roR2B-tJDOmrYHlsAJ5O9PIUVftnhCezlT4aAoFER7s HTTP/1.1" 200 5282 "-" "axios/1.11.0"
::1 - - [27/Sep/2025:12:57:46 +0000] "GET /api/v1/user/getImg HTTP/1.1" 304 - "http://localhost:3000/" "Mozilla/5.0 (X11; Linux x86_64) AppleWebKit/537.36 (KHTML, like Gecko) Chrome/132.0.0.0 Safari/537.36"
::1 - - [27/Sep/2025:13:38:10 +0000] "GET /api/v1/user/getImg HTTP/1.1" 401 27 "http://localhost:3000/" "Mozilla/5.0 (X11; Linux x86_64) AppleWebKit/537.36 (KHTML, like Gecko) Chrome/132.0.0.0 Safari/537.36"
::1 - - [27/Sep/2025:13:38:10 +0000] "GET /api/v1/user/getInstructor?page=1&limit=5&searchTerm=&category= HTTP/1.1" 401 27 "http://localhost:3000/" "Mozilla/5.0 (X11; Linux x86_64) AppleWebKit/537.36 (KHTML, like Gecko) Chrome/132.0.0.0 Safari/537.36"
::1 - - [27/Sep/2025:13:38:10 +0000] "GET /api/v1/user/home HTTP/1.1" 401 27 "http://localhost:3000/" "Mozilla/5.0 (X11; Linux x86_64) AppleWebKit/537.36 (KHTML, like Gecko) Chrome/132.0.0.0 Safari/537.36"
::1 - - [27/Sep/2025:13:38:10 +0000] "GET /api/v1/user/getImg HTTP/1.1" 401 27 "http://localhost:3000/" "Mozilla/5.0 (X11; Linux x86_64) AppleWebKit/537.36 (KHTML, like Gecko) Chrome/132.0.0.0 Safari/537.36"
::1 - - [27/Sep/2025:13:38:10 +0000] "GET /api/v1/user/home HTTP/1.1" 401 27 "http://localhost:3000/" "Mozilla/5.0 (X11; Linux x86_64) AppleWebKit/537.36 (KHTML, like Gecko) Chrome/132.0.0.0 Safari/537.36"
::1 - - [27/Sep/2025:13:38:10 +0000] "GET /api/v1/user/getInstructor?page=1&limit=5&searchTerm=&category= HTTP/1.1" 401 27 "http://localhost:3000/" "Mozilla/5.0 (X11; Linux x86_64) AppleWebKit/537.36 (KHTML, like Gecko) Chrome/132.0.0.0 Safari/537.36"
::1 - - [27/Sep/2025:13:38:10 +0000] "POST /api/v1/user/refreshToken HTTP/1.1" 200 43 "http://localhost:3000/" "Mozilla/5.0 (X11; Linux x86_64) AppleWebKit/537.36 (KHTML, like Gecko) Chrome/132.0.0.0 Safari/537.36"
::1 - - [27/Sep/2025:13:38:10 +0000] "POST /api/v1/user/refreshToken HTTP/1.1" 200 43 "http://localhost:3000/" "Mozilla/5.0 (X11; Linux x86_64) AppleWebKit/537.36 (KHTML, like Gecko) Chrome/132.0.0.0 Safari/537.36"
::1 - - [27/Sep/2025:13:38:10 +0000] "POST /api/v1/user/refreshToken HTTP/1.1" 200 43 "http://localhost:3000/" "Mozilla/5.0 (X11; Linux x86_64) AppleWebKit/537.36 (KHTML, like Gecko) Chrome/132.0.0.0 Safari/537.36"
::1 - - [27/Sep/2025:13:38:10 +0000] "POST /api/v1/user/refreshToken HTTP/1.1" 200 43 "http://localhost:3000/" "Mozilla/5.0 (X11; Linux x86_64) AppleWebKit/537.36 (KHTML, like Gecko) Chrome/132.0.0.0 Safari/537.36"
::1 - - [27/Sep/2025:13:38:10 +0000] "POST /api/v1/user/refreshToken HTTP/1.1" 200 43 "http://localhost:3000/" "Mozilla/5.0 (X11; Linux x86_64) AppleWebKit/537.36 (KHTML, like Gecko) Chrome/132.0.0.0 Safari/537.36"
::1 - - [27/Sep/2025:13:38:10 +0000] "POST /api/v1/user/refreshToken HTTP/1.1" 200 43 "http://localhost:3000/" "Mozilla/5.0 (X11; Linux x86_64) AppleWebKit/537.36 (KHTML, like Gecko) Chrome/132.0.0.0 Safari/537.36"
::ffff:127.0.0.1 - - [27/Sep/2025:13:38:14 +0000] "GET /api/v1/user/getSlots?token=eyJhbGciOiJIUzI1NiIsInR5cCI6IkpXVCJ9.eyJpZCI6IjY4YWViZDg1ZmM1N2M2YmFhMWY2ZDgwMSIsImVtYWlsIjoiamtAZ21haWwuY29tIiwicm9sZSI6IlVzZXIiLCJpYXQiOjE3NTg5NzY5NzQsImV4cCI6MTc1ODk3ODQ3NH0.roR2B-tJDOmrYHlsAJ5O9PIUVftnhCezlT4aAoFER7s HTTP/1.1" 401 27 "-" "axios/1.11.0"
::ffff:127.0.0.1 - - [27/Sep/2025:13:38:14 +0000] "POST /api/v1/user/refreshToken HTTP/1.1" 200 43 "-" "axios/1.11.0"
::1 - - [27/Sep/2025:13:38:17 +0000] "GET /api/v1/user/getImg HTTP/1.1" 401 27 "http://localhost:3000/" "Mozilla/5.0 (X11; Linux x86_64) AppleWebKit/537.36 (KHTML, like Gecko) Chrome/132.0.0.0 Safari/537.36"
::1 - - [27/Sep/2025:13:38:17 +0000] "OPTIONS /api/v1/user/setImg HTTP/1.1" 204 0 "http://localhost:3000/" "Mozilla/5.0 (X11; Linux x86_64) AppleWebKit/537.36 (KHTML, like Gecko) Chrome/132.0.0.0 Safari/537.36"
::1 - - [27/Sep/2025:13:38:17 +0000] "GET /api/v1/user/userDetails HTTP/1.1" 401 27 "http://localhost:3000/" "Mozilla/5.0 (X11; Linux x86_64) AppleWebKit/537.36 (KHTML, like Gecko) Chrome/132.0.0.0 Safari/537.36"
::1 - - [27/Sep/2025:13:38:17 +0000] "POST /api/v1/user/setImg HTTP/1.1" 401 27 "http://localhost:3000/" "Mozilla/5.0 (X11; Linux x86_64) AppleWebKit/537.36 (KHTML, like Gecko) Chrome/132.0.0.0 Safari/537.36"
::1 - - [27/Sep/2025:13:38:17 +0000] "POST /api/v1/user/refreshToken HTTP/1.1" 200 43 "http://localhost:3000/" "Mozilla/5.0 (X11; Linux x86_64) AppleWebKit/537.36 (KHTML, like Gecko) Chrome/132.0.0.0 Safari/537.36"
::1 - - [27/Sep/2025:13:38:17 +0000] "POST /api/v1/user/refreshToken HTTP/1.1" 200 43 "http://localhost:3000/" "Mozilla/5.0 (X11; Linux x86_64) AppleWebKit/537.36 (KHTML, like Gecko) Chrome/132.0.0.0 Safari/537.36"
::1 - - [27/Sep/2025:13:38:17 +0000] "POST /api/v1/user/refreshToken HTTP/1.1" 200 43 "http://localhost:3000/" "Mozilla/5.0 (X11; Linux x86_64) AppleWebKit/537.36 (KHTML, like Gecko) Chrome/132.0.0.0 Safari/537.36"
::1 - - [27/Sep/2025:13:38:47 +0000] "OPTIONS /api/v1/user/login HTTP/1.1" 204 0 "http://localhost:3000/" "Mozilla/5.0 (X11; Linux x86_64) AppleWebKit/537.36 (KHTML, like Gecko) Chrome/132.0.0.0 Safari/537.36"
::1 - - [27/Sep/2025:13:38:47 +0000] "POST /api/v1/user/login HTTP/1.1" 200 553 "http://localhost:3000/" "Mozilla/5.0 (X11; Linux x86_64) AppleWebKit/537.36 (KHTML, like Gecko) Chrome/132.0.0.0 Safari/537.36"
::1 - - [27/Sep/2025:13:38:48 +0000] "GET /api/v1/user/getImg HTTP/1.1" 200 174 "http://localhost:3000/" "Mozilla/5.0 (X11; Linux x86_64) AppleWebKit/537.36 (KHTML, like Gecko) Chrome/132.0.0.0 Safari/537.36"
::1 - - [27/Sep/2025:13:38:48 +0000] "GET /api/v1/user/home HTTP/1.1" 200 257 "http://localhost:3000/" "Mozilla/5.0 (X11; Linux x86_64) AppleWebKit/537.36 (KHTML, like Gecko) Chrome/132.0.0.0 Safari/537.36"
::1 - - [27/Sep/2025:13:38:48 +0000] "GET /api/v1/user/getImg HTTP/1.1" 200 174 "http://localhost:3000/" "Mozilla/5.0 (X11; Linux x86_64) AppleWebKit/537.36 (KHTML, like Gecko) Chrome/132.0.0.0 Safari/537.36"
::1 - - [27/Sep/2025:13:38:48 +0000] "GET /api/v1/user/home HTTP/1.1" 200 257 "http://localhost:3000/" "Mozilla/5.0 (X11; Linux x86_64) AppleWebKit/537.36 (KHTML, like Gecko) Chrome/132.0.0.0 Safari/537.36"
::1 - - [27/Sep/2025:13:38:48 +0000] "GET /api/v1/user/getInstructor?page=1&limit=5&searchTerm=&category= HTTP/1.1" 200 2055 "http://localhost:3000/" "Mozilla/5.0 (X11; Linux x86_64) AppleWebKit/537.36 (KHTML, like Gecko) Chrome/132.0.0.0 Safari/537.36"
::1 - - [27/Sep/2025:13:38:48 +0000] "GET /api/v1/user/getInstructor?page=1&limit=5&searchTerm=&category= HTTP/1.1" 200 2055 "http://localhost:3000/" "Mozilla/5.0 (X11; Linux x86_64) AppleWebKit/537.36 (KHTML, like Gecko) Chrome/132.0.0.0 Safari/537.36"
::1 - - [27/Sep/2025:13:47:42 +0000] "OPTIONS /api/v1/user/setImg HTTP/1.1" 204 0 "http://localhost:3000/" "Mozilla/5.0 (X11; Linux x86_64) AppleWebKit/537.36 (KHTML, like Gecko) Chrome/132.0.0.0 Safari/537.36"
::1 - - [27/Sep/2025:13:47:42 +0000] "OPTIONS /api/v1/user/setImg HTTP/1.1" 204 0 "http://localhost:3000/" "Mozilla/5.0 (X11; Linux x86_64) AppleWebKit/537.36 (KHTML, like Gecko) Chrome/132.0.0.0 Safari/537.36"
::1 - - [27/Sep/2025:13:47:42 +0000] "GET /api/v1/user/getImg HTTP/1.1" 200 174 "http://localhost:3000/" "Mozilla/5.0 (X11; Linux x86_64) AppleWebKit/537.36 (KHTML, like Gecko) Chrome/132.0.0.0 Safari/537.36"
::1 - - [27/Sep/2025:13:47:42 +0000] "POST /api/v1/user/setImg HTTP/1.1" 200 174 "http://localhost:3000/" "Mozilla/5.0 (X11; Linux x86_64) AppleWebKit/537.36 (KHTML, like Gecko) Chrome/132.0.0.0 Safari/537.36"
::1 - - [27/Sep/2025:13:47:42 +0000] "GET /api/v1/user/getImg HTTP/1.1" 200 174 "http://localhost:3000/" "Mozilla/5.0 (X11; Linux x86_64) AppleWebKit/537.36 (KHTML, like Gecko) Chrome/132.0.0.0 Safari/537.36"
::1 - - [27/Sep/2025:13:47:42 +0000] "POST /api/v1/user/setImg HTTP/1.1" 200 174 "http://localhost:3000/" "Mozilla/5.0 (X11; Linux x86_64) AppleWebKit/537.36 (KHTML, like Gecko) Chrome/132.0.0.0 Safari/537.36"
::1 - - [27/Sep/2025:13:47:42 +0000] "GET /api/v1/user/userDetails HTTP/1.1" 200 291 "http://localhost:3000/" "Mozilla/5.0 (X11; Linux x86_64) AppleWebKit/537.36 (KHTML, like Gecko) Chrome/132.0.0.0 Safari/537.36"
::1 - - [27/Sep/2025:13:47:42 +0000] "GET /api/v1/user/userDetails HTTP/1.1" 200 291 "http://localhost:3000/" "Mozilla/5.0 (X11; Linux x86_64) AppleWebKit/537.36 (KHTML, like Gecko) Chrome/132.0.0.0 Safari/537.36"
::1 - - [27/Sep/2025:13:48:16 +0000] "GET /api/v1/user/getImg HTTP/1.1" 200 174 "http://localhost:3000/" "Mozilla/5.0 (X11; Linux x86_64) AppleWebKit/537.36 (KHTML, like Gecko) Chrome/132.0.0.0 Safari/537.36"
::1 - - [27/Sep/2025:13:48:16 +0000] "GET /api/v1/user/home HTTP/1.1" 200 257 "http://localhost:3000/" "Mozilla/5.0 (X11; Linux x86_64) AppleWebKit/537.36 (KHTML, like Gecko) Chrome/132.0.0.0 Safari/537.36"
::1 - - [27/Sep/2025:13:48:16 +0000] "GET /api/v1/user/getImg HTTP/1.1" 200 174 "http://localhost:3000/" "Mozilla/5.0 (X11; Linux x86_64) AppleWebKit/537.36 (KHTML, like Gecko) Chrome/132.0.0.0 Safari/537.36"
::1 - - [27/Sep/2025:13:48:16 +0000] "GET /api/v1/user/home HTTP/1.1" 200 257 "http://localhost:3000/" "Mozilla/5.0 (X11; Linux x86_64) AppleWebKit/537.36 (KHTML, like Gecko) Chrome/132.0.0.0 Safari/537.36"
::1 - - [27/Sep/2025:13:48:16 +0000] "GET /api/v1/user/getInstructor?page=1&limit=5&searchTerm=&category= HTTP/1.1" 200 2055 "http://localhost:3000/" "Mozilla/5.0 (X11; Linux x86_64) AppleWebKit/537.36 (KHTML, like Gecko) Chrome/132.0.0.0 Safari/537.36"
::1 - - [27/Sep/2025:13:48:16 +0000] "GET /api/v1/user/getInstructor?page=1&limit=5&searchTerm=&category= HTTP/1.1" 200 2055 "http://localhost:3000/" "Mozilla/5.0 (X11; Linux x86_64) AppleWebKit/537.36 (KHTML, like Gecko) Chrome/132.0.0.0 Safari/537.36"
::ffff:127.0.0.1 - - [27/Sep/2025:13:49:05 +0000] "GET /api/v1/user/getInstructorData?id=67375415e0ee19a15a41924d&token=eyJhbGciOiJIUzI1NiIsInR5cCI6IkpXVCJ9.eyJpZCI6IjY4YWViZDg1ZmM1N2M2YmFhMWY2ZDgwMSIsImVtYWlsIjoiamtAZ21haWwuY29tIiwicm9sZSI6IlVzZXIiLCJpYXQiOjE3NTg5ODAzMjcsImV4cCI6MTc1ODk4MTgyN30.68QtiqKjHgzk-biq4fRFMgTx9xpTpUQ26ZypFBmzZwE HTTP/1.1" 200 4021 "-" "axios/1.11.0"
::1 - - [27/Sep/2025:13:49:05 +0000] "GET /api/v1/user/getImg HTTP/1.1" 200 174 "http://localhost:3000/" "Mozilla/5.0 (X11; Linux x86_64) AppleWebKit/537.36 (KHTML, like Gecko) Chrome/132.0.0.0 Safari/537.36"
::1 - - [27/Sep/2025:13:49:05 +0000] "GET /api/v1/user/getImg HTTP/1.1" 200 174 "http://localhost:3000/" "Mozilla/5.0 (X11; Linux x86_64) AppleWebKit/537.36 (KHTML, like Gecko) Chrome/132.0.0.0 Safari/537.36"
::1 - - [27/Sep/2025:13:49:30 +0000] "OPTIONS /api/v1/chat/accessChat HTTP/1.1" 204 0 "http://localhost:3000/" "Mozilla/5.0 (X11; Linux x86_64) AppleWebKit/537.36 (KHTML, like Gecko) Chrome/132.0.0.0 Safari/537.36"
::1 - - [27/Sep/2025:13:49:30 +0000] "POST /api/v1/chat/accessChat HTTP/1.1" 200 256 "http://localhost:3000/" "Mozilla/5.0 (X11; Linux x86_64) AppleWebKit/537.36 (KHTML, like Gecko) Chrome/132.0.0.0 Safari/537.36"
::1 - - [27/Sep/2025:13:49:33 +0000] "GET /api/v1/chat/fetchChats HTTP/1.1" 200 2269 "http://localhost:3000/" "Mozilla/5.0 (X11; Linux x86_64) AppleWebKit/537.36 (KHTML, like Gecko) Chrome/132.0.0.0 Safari/537.36"
::1 - - [27/Sep/2025:13:49:33 +0000] "GET /api/v1/chat/fetchChats HTTP/1.1" 200 2269 "http://localhost:3000/" "Mozilla/5.0 (X11; Linux x86_64) AppleWebKit/537.36 (KHTML, like Gecko) Chrome/132.0.0.0 Safari/537.36"
::1 - - [27/Sep/2025:13:49:33 +0000] "GET /api/v1/chat/fetchMessage?chatId=68aebdfafc57c6baa1f6d803 HTTP/1.1" 200 3008 "http://localhost:3000/" "Mozilla/5.0 (X11; Linux x86_64) AppleWebKit/537.36 (KHTML, like Gecko) Chrome/132.0.0.0 Safari/537.36"
::1 - - [27/Sep/2025:13:49:33 +0000] "GET /api/v1/chat/fetchMessage?chatId=68aebdfafc57c6baa1f6d803 HTTP/1.1" 200 3008 "http://localhost:3000/" "Mozilla/5.0 (X11; Linux x86_64) AppleWebKit/537.36 (KHTML, like Gecko) Chrome/132.0.0.0 Safari/537.36"
::1 - - [27/Sep/2025:13:53:09 +0000] "GET /api/v1/user/getImg HTTP/1.1" 200 174 "http://localhost:3000/" "Mozilla/5.0 (X11; Linux x86_64) AppleWebKit/537.36 (KHTML, like Gecko) Chrome/132.0.0.0 Safari/537.36"
::1 - - [27/Sep/2025:13:53:09 +0000] "GET /api/v1/user/getImg HTTP/1.1" 200 174 "http://localhost:3000/" "Mozilla/5.0 (X11; Linux x86_64) AppleWebKit/537.36 (KHTML, like Gecko) Chrome/132.0.0.0 Safari/537.36"
::ffff:127.0.0.1 - - [27/Sep/2025:13:58:10 +0000] "GET /api/v1/user/getInstructorData?id=67375415e0ee19a15a41924d&token=eyJhbGciOiJIUzI1NiIsInR5cCI6IkpXVCJ9.eyJpZCI6IjY4YWViZDg1ZmM1N2M2YmFhMWY2ZDgwMSIsImVtYWlsIjoiamtAZ21haWwuY29tIiwicm9sZSI6IlVzZXIiLCJpYXQiOjE3NTg5ODAzMjcsImV4cCI6MTc1ODk4MTgyN30.68QtiqKjHgzk-biq4fRFMgTx9xpTpUQ26ZypFBmzZwE HTTP/1.1" 200 4021 "-" "axios/1.11.0"
::ffff:127.0.0.1 - - [27/Sep/2025:13:58:28 +0000] "GET /api/v1/user/getInstructorData?id=67375415e0ee19a15a41924d&token=eyJhbGciOiJIUzI1NiIsInR5cCI6IkpXVCJ9.eyJpZCI6IjY4YWViZDg1ZmM1N2M2YmFhMWY2ZDgwMSIsImVtYWlsIjoiamtAZ21haWwuY29tIiwicm9sZSI6IlVzZXIiLCJpYXQiOjE3NTg5ODAzMjcsImV4cCI6MTc1ODk4MTgyN30.68QtiqKjHgzk-biq4fRFMgTx9xpTpUQ26ZypFBmzZwE HTTP/1.1" 200 4021 "-" "axios/1.11.0"
::ffff:127.0.0.1 - - [27/Sep/2025:13:58:45 +0000] "GET /api/v1/user/getInstructorData?id=67375415e0ee19a15a41924d&token=eyJhbGciOiJIUzI1NiIsInR5cCI6IkpXVCJ9.eyJpZCI6IjY4YWViZDg1ZmM1N2M2YmFhMWY2ZDgwMSIsImVtYWlsIjoiamtAZ21haWwuY29tIiwicm9sZSI6IlVzZXIiLCJpYXQiOjE3NTg5ODAzMjcsImV4cCI6MTc1ODk4MTgyN30.68QtiqKjHgzk-biq4fRFMgTx9xpTpUQ26ZypFBmzZwE HTTP/1.1" 200 4021 "-" "axios/1.11.0"
::ffff:127.0.0.1 - - [27/Sep/2025:13:58:57 +0000] "GET /api/v1/user/getSlots?token=eyJhbGciOiJIUzI1NiIsInR5cCI6IkpXVCJ9.eyJpZCI6IjY4YWViZDg1ZmM1N2M2YmFhMWY2ZDgwMSIsImVtYWlsIjoiamtAZ21haWwuY29tIiwicm9sZSI6IlVzZXIiLCJpYXQiOjE3NTg5ODAzMjcsImV4cCI6MTc1ODk4MTgyN30.68QtiqKjHgzk-biq4fRFMgTx9xpTpUQ26ZypFBmzZwE HTTP/1.1" 200 5282 "-" "axios/1.11.0"
::1 - - [27/Sep/2025:13:58:59 +0000] "GET /api/v1/user/getImg HTTP/1.1" 200 174 "http://localhost:3000/" "Mozilla/5.0 (X11; Linux x86_64) AppleWebKit/537.36 (KHTML, like Gecko) Chrome/132.0.0.0 Safari/537.36"
::ffff:127.0.0.1 - - [27/Sep/2025:14:09:52 +0000] "GET /api/v1/user/getSlots?token=eyJhbGciOiJIUzI1NiIsInR5cCI6IkpXVCJ9.eyJpZCI6IjY4YWViZDg1ZmM1N2M2YmFhMWY2ZDgwMSIsImVtYWlsIjoiamtAZ21haWwuY29tIiwicm9sZSI6IlVzZXIiLCJpYXQiOjE3NTg5ODAzMjcsImV4cCI6MTc1ODk4MTgyN30.68QtiqKjHgzk-biq4fRFMgTx9xpTpUQ26ZypFBmzZwE HTTP/1.1" 401 27 "-" "axios/1.11.0"
::ffff:127.0.0.1 - - [27/Sep/2025:14:09:52 +0000] "POST /api/v1/user/refreshToken HTTP/1.1" 200 43 "-" "axios/1.11.0"
::ffff:127.0.0.1 - - [27/Sep/2025:14:10:11 +0000] "GET /api/v1/user/getSlots?token=eyJhbGciOiJIUzI1NiIsInR5cCI6IkpXVCJ9.eyJpZCI6IjY4YWViZDg1ZmM1N2M2YmFhMWY2ZDgwMSIsImVtYWlsIjoiamtAZ21haWwuY29tIiwicm9sZSI6IlVzZXIiLCJpYXQiOjE3NTg5ODAzMjcsImV4cCI6MTc1ODk4MTgyN30.68QtiqKjHgzk-biq4fRFMgTx9xpTpUQ26ZypFBmzZwE HTTP/1.1" 401 27 "-" "axios/1.11.0"
::ffff:127.0.0.1 - - [27/Sep/2025:14:10:11 +0000] "POST /api/v1/user/refreshToken HTTP/1.1" 200 43 "-" "axios/1.11.0"
::ffff:127.0.0.1 - - [27/Sep/2025:14:12:24 +0000] "GET /api/v1/user/getSlots?token=eyJhbGciOiJIUzI1NiIsInR5cCI6IkpXVCJ9.eyJpZCI6IjY4YWViZDg1ZmM1N2M2YmFhMWY2ZDgwMSIsImVtYWlsIjoiamtAZ21haWwuY29tIiwicm9sZSI6IlVzZXIiLCJpYXQiOjE3NTg5ODAzMjcsImV4cCI6MTc1ODk4MTgyN30.68QtiqKjHgzk-biq4fRFMgTx9xpTpUQ26ZypFBmzZwE HTTP/1.1" 401 27 "-" "axios/1.11.0"
::ffff:127.0.0.1 - - [27/Sep/2025:14:12:24 +0000] "POST /api/v1/user/refreshToken HTTP/1.1" 200 43 "-" "axios/1.11.0"
::ffff:127.0.0.1 - - [27/Sep/2025:14:12:26 +0000] "GET /api/v1/user/getSlots?token=eyJhbGciOiJIUzI1NiIsInR5cCI6IkpXVCJ9.eyJpZCI6IjY4YWViZDg1ZmM1N2M2YmFhMWY2ZDgwMSIsImVtYWlsIjoiamtAZ21haWwuY29tIiwicm9sZSI6IlVzZXIiLCJpYXQiOjE3NTg5ODAzMjcsImV4cCI6MTc1ODk4MTgyN30.68QtiqKjHgzk-biq4fRFMgTx9xpTpUQ26ZypFBmzZwE HTTP/1.1" 401 27 "-" "axios/1.11.0"
::ffff:127.0.0.1 - - [27/Sep/2025:14:12:26 +0000] "POST /api/v1/user/refreshToken HTTP/1.1" 200 43 "-" "axios/1.11.0"
::ffff:127.0.0.1 - - [27/Sep/2025:14:12:26 +0000] "GET /api/v1/user/getSlots?token=eyJhbGciOiJIUzI1NiIsInR5cCI6IkpXVCJ9.eyJpZCI6IjY4YWViZDg1ZmM1N2M2YmFhMWY2ZDgwMSIsImVtYWlsIjoiamtAZ21haWwuY29tIiwicm9sZSI6IlVzZXIiLCJpYXQiOjE3NTg5ODAzMjcsImV4cCI6MTc1ODk4MTgyN30.68QtiqKjHgzk-biq4fRFMgTx9xpTpUQ26ZypFBmzZwE HTTP/1.1" 401 27 "-" "axios/1.11.0"
::ffff:127.0.0.1 - - [27/Sep/2025:14:12:26 +0000] "GET /api/v1/user/getSlots?token=eyJhbGciOiJIUzI1NiIsInR5cCI6IkpXVCJ9.eyJpZCI6IjY4YWViZDg1ZmM1N2M2YmFhMWY2ZDgwMSIsImVtYWlsIjoiamtAZ21haWwuY29tIiwicm9sZSI6IlVzZXIiLCJpYXQiOjE3NTg5ODAzMjcsImV4cCI6MTc1ODk4MTgyN30.68QtiqKjHgzk-biq4fRFMgTx9xpTpUQ26ZypFBmzZwE HTTP/1.1" 401 27 "-" "axios/1.11.0"
::ffff:127.0.0.1 - - [27/Sep/2025:14:12:26 +0000] "POST /api/v1/user/refreshToken HTTP/1.1" 200 43 "-" "axios/1.11.0"
::ffff:127.0.0.1 - - [27/Sep/2025:14:12:26 +0000] "POST /api/v1/user/refreshToken HTTP/1.1" 200 43 "-" "axios/1.11.0"
::ffff:127.0.0.1 - - [27/Sep/2025:14:12:26 +0000] "GET /api/v1/user/getSlots?token=eyJhbGciOiJIUzI1NiIsInR5cCI6IkpXVCJ9.eyJpZCI6IjY4YWViZDg1ZmM1N2M2YmFhMWY2ZDgwMSIsImVtYWlsIjoiamtAZ21haWwuY29tIiwicm9sZSI6IlVzZXIiLCJpYXQiOjE3NTg5ODAzMjcsImV4cCI6MTc1ODk4MTgyN30.68QtiqKjHgzk-biq4fRFMgTx9xpTpUQ26ZypFBmzZwE HTTP/1.1" 401 27 "-" "axios/1.11.0"
::ffff:127.0.0.1 - - [27/Sep/2025:14:12:26 +0000] "GET /api/v1/user/getSlots?token=eyJhbGciOiJIUzI1NiIsInR5cCI6IkpXVCJ9.eyJpZCI6IjY4YWViZDg1ZmM1N2M2YmFhMWY2ZDgwMSIsImVtYWlsIjoiamtAZ21haWwuY29tIiwicm9sZSI6IlVzZXIiLCJpYXQiOjE3NTg5ODAzMjcsImV4cCI6MTc1ODk4MTgyN30.68QtiqKjHgzk-biq4fRFMgTx9xpTpUQ26ZypFBmzZwE HTTP/1.1" 401 27 "-" "axios/1.11.0"
::ffff:127.0.0.1 - - [27/Sep/2025:14:12:27 +0000] "POST /api/v1/user/refreshToken HTTP/1.1" 200 43 "-" "axios/1.11.0"
::ffff:127.0.0.1 - - [27/Sep/2025:14:12:27 +0000] "POST /api/v1/user/refreshToken HTTP/1.1" 200 43 "-" "axios/1.11.0"
::ffff:127.0.0.1 - - [27/Sep/2025:14:12:49 +0000] "GET /api/v1/user/getInstructorData?id=67375415e0ee19a15a41924d&token=eyJhbGciOiJIUzI1NiIsInR5cCI6IkpXVCJ9.eyJpZCI6IjY4YWViZDg1ZmM1N2M2YmFhMWY2ZDgwMSIsImVtYWlsIjoiamtAZ21haWwuY29tIiwicm9sZSI6IlVzZXIiLCJpYXQiOjE3NTg5ODAzMjcsImV4cCI6MTc1ODk4MTgyN30.68QtiqKjHgzk-biq4fRFMgTx9xpTpUQ26ZypFBmzZwE HTTP/1.1" 401 27 "-" "axios/1.11.0"
::ffff:127.0.0.1 - - [27/Sep/2025:14:12:49 +0000] "POST /api/v1/user/refreshToken HTTP/1.1" 200 43 "-" "axios/1.11.0"
::1 - - [27/Sep/2025:14:13:20 +0000] "OPTIONS /api/v1/user/login HTTP/1.1" 204 0 "http://localhost:3000/" "Mozilla/5.0 (X11; Linux x86_64) AppleWebKit/537.36 (KHTML, like Gecko) Chrome/132.0.0.0 Safari/537.36"
::1 - - [27/Sep/2025:14:13:20 +0000] "POST /api/v1/user/login HTTP/1.1" 200 553 "http://localhost:3000/" "Mozilla/5.0 (X11; Linux x86_64) AppleWebKit/537.36 (KHTML, like Gecko) Chrome/132.0.0.0 Safari/537.36"
::1 - - [27/Sep/2025:14:13:25 +0000] "GET /api/v1/user/getImg HTTP/1.1" 200 174 "http://localhost:3000/" "Mozilla/5.0 (X11; Linux x86_64) AppleWebKit/537.36 (KHTML, like Gecko) Chrome/132.0.0.0 Safari/537.36"
::1 - - [27/Sep/2025:14:13:25 +0000] "GET /api/v1/user/getImg HTTP/1.1" 200 174 "http://localhost:3000/" "Mozilla/5.0 (X11; Linux x86_64) AppleWebKit/537.36 (KHTML, like Gecko) Chrome/132.0.0.0 Safari/537.36"
::1 - - [27/Sep/2025:14:13:25 +0000] "GET /api/v1/user/home HTTP/1.1" 200 257 "http://localhost:3000/" "Mozilla/5.0 (X11; Linux x86_64) AppleWebKit/537.36 (KHTML, like Gecko) Chrome/132.0.0.0 Safari/537.36"
::1 - - [27/Sep/2025:14:13:25 +0000] "GET /api/v1/user/home HTTP/1.1" 200 257 "http://localhost:3000/" "Mozilla/5.0 (X11; Linux x86_64) AppleWebKit/537.36 (KHTML, like Gecko) Chrome/132.0.0.0 Safari/537.36"
::1 - - [27/Sep/2025:14:13:25 +0000] "GET /api/v1/user/getInstructor?page=1&limit=5&searchTerm=&category= HTTP/1.1" 200 2055 "http://localhost:3000/" "Mozilla/5.0 (X11; Linux x86_64) AppleWebKit/537.36 (KHTML, like Gecko) Chrome/132.0.0.0 Safari/537.36"
::1 - - [27/Sep/2025:14:13:25 +0000] "GET /api/v1/user/getInstructor?page=1&limit=5&searchTerm=&category= HTTP/1.1" 200 2055 "http://localhost:3000/" "Mozilla/5.0 (X11; Linux x86_64) AppleWebKit/537.36 (KHTML, like Gecko) Chrome/132.0.0.0 Safari/537.36"
::ffff:127.0.0.1 - - [27/Sep/2025:14:13:31 +0000] "GET /api/v1/user/getSlots?token=eyJhbGciOiJIUzI1NiIsInR5cCI6IkpXVCJ9.eyJpZCI6IjY4YWViZDg1ZmM1N2M2YmFhMWY2ZDgwMSIsImVtYWlsIjoiamtAZ21haWwuY29tIiwicm9sZSI6IlVzZXIiLCJpYXQiOjE3NTg5ODI0MDAsImV4cCI6MTc1ODk4MzkwMH0.J8tqSWrehMtXkAqlX5n9U4SPyFqfU51sfKP0TJ_M08k HTTP/1.1" 200 5282 "-" "axios/1.11.0"
::1 - - [27/Sep/2025:14:13:35 +0000] "GET /api/v1/user/getImg HTTP/1.1" 200 174 "http://localhost:3000/" "Mozilla/5.0 (X11; Linux x86_64) AppleWebKit/537.36 (KHTML, like Gecko) Chrome/132.0.0.0 Safari/537.36"
::ffff:127.0.0.1 - - [27/Sep/2025:14:16:00 +0000] "GET /api/v1/user/getSlots?token=eyJhbGciOiJIUzI1NiIsInR5cCI6IkpXVCJ9.eyJpZCI6IjY4YWViZDg1ZmM1N2M2YmFhMWY2ZDgwMSIsImVtYWlsIjoiamtAZ21haWwuY29tIiwicm9sZSI6IlVzZXIiLCJpYXQiOjE3NTg5ODI0MDAsImV4cCI6MTc1ODk4MzkwMH0.J8tqSWrehMtXkAqlX5n9U4SPyFqfU51sfKP0TJ_M08k HTTP/1.1" 200 5282 "-" "axios/1.11.0"
::ffff:127.0.0.1 - - [27/Sep/2025:14:16:00 +0000] "GET /api/v1/user/getSlots?token=eyJhbGciOiJIUzI1NiIsInR5cCI6IkpXVCJ9.eyJpZCI6IjY4YWViZDg1ZmM1N2M2YmFhMWY2ZDgwMSIsImVtYWlsIjoiamtAZ21haWwuY29tIiwicm9sZSI6IlVzZXIiLCJpYXQiOjE3NTg5ODI0MDAsImV4cCI6MTc1ODk4MzkwMH0.J8tqSWrehMtXkAqlX5n9U4SPyFqfU51sfKP0TJ_M08k HTTP/1.1" 200 5282 "-" "axios/1.11.0"
::1 - - [27/Sep/2025:14:16:03 +0000] "GET /api/v1/user/getImg HTTP/1.1" 200 174 "http://localhost:3000/" "Mozilla/5.0 (X11; Linux x86_64) AppleWebKit/537.36 (KHTML, like Gecko) Chrome/132.0.0.0 Safari/537.36"
::ffff:127.0.0.1 - - [27/Sep/2025:14:21:12 +0000] "GET /api/v1/user/getSlots?token=eyJhbGciOiJIUzI1NiIsInR5cCI6IkpXVCJ9.eyJpZCI6IjY4YWViZDg1ZmM1N2M2YmFhMWY2ZDgwMSIsImVtYWlsIjoiamtAZ21haWwuY29tIiwicm9sZSI6IlVzZXIiLCJpYXQiOjE3NTg5ODI0MDAsImV4cCI6MTc1ODk4MzkwMH0.J8tqSWrehMtXkAqlX5n9U4SPyFqfU51sfKP0TJ_M08k HTTP/1.1" 200 5282 "-" "axios/1.11.0"
::ffff:127.0.0.1 - - [27/Sep/2025:14:24:08 +0000] "GET /api/v1/user/getSlots?token=eyJhbGciOiJIUzI1NiIsInR5cCI6IkpXVCJ9.eyJpZCI6IjY4YWViZDg1ZmM1N2M2YmFhMWY2ZDgwMSIsImVtYWlsIjoiamtAZ21haWwuY29tIiwicm9sZSI6IlVzZXIiLCJpYXQiOjE3NTg5ODI0MDAsImV4cCI6MTc1ODk4MzkwMH0.J8tqSWrehMtXkAqlX5n9U4SPyFqfU51sfKP0TJ_M08k HTTP/1.1" 200 5282 "-" "axios/1.11.0"
::ffff:127.0.0.1 - - [27/Sep/2025:14:24:13 +0000] "GET /api/v1/user/getSlots?token=eyJhbGciOiJIUzI1NiIsInR5cCI6IkpXVCJ9.eyJpZCI6IjY4YWViZDg1ZmM1N2M2YmFhMWY2ZDgwMSIsImVtYWlsIjoiamtAZ21haWwuY29tIiwicm9sZSI6IlVzZXIiLCJpYXQiOjE3NTg5ODI0MDAsImV4cCI6MTc1ODk4MzkwMH0.J8tqSWrehMtXkAqlX5n9U4SPyFqfU51sfKP0TJ_M08k HTTP/1.1" 200 5282 "-" "axios/1.11.0"
::1 - - [27/Sep/2025:14:24:14 +0000] "GET /api/v1/user/getImg HTTP/1.1" 200 174 "http://localhost:3000/" "Mozilla/5.0 (X11; Linux x86_64) AppleWebKit/537.36 (KHTML, like Gecko) Chrome/132.0.0.0 Safari/537.36"
::ffff:127.0.0.1 - - [27/Sep/2025:14:24:29 +0000] "GET /api/v1/user/getSlots?token=eyJhbGciOiJIUzI1NiIsInR5cCI6IkpXVCJ9.eyJpZCI6IjY4YWViZDg1ZmM1N2M2YmFhMWY2ZDgwMSIsImVtYWlsIjoiamtAZ21haWwuY29tIiwicm9sZSI6IlVzZXIiLCJpYXQiOjE3NTg5ODI0MDAsImV4cCI6MTc1ODk4MzkwMH0.J8tqSWrehMtXkAqlX5n9U4SPyFqfU51sfKP0TJ_M08k HTTP/1.1" 200 5282 "-" "axios/1.11.0"
