::ffff:127.0.0.1 - - [24/Sep/2025:09:16:49 +0000] "GET /api/v1/user/getInstructorData?id=67375415e0ee19a15a41924d&token=eyJhbGciOiJIUzI1NiIsInR5cCI6IkpXVCJ9.eyJpZCI6IjY4YWViZDg1ZmM1N2M2YmFhMWY2ZDgwMSIsImVtYWlsIjoiamtAZ21haWwuY29tIiwicm9sZSI6IlVzZXIiLCJpYXQiOjE3NTg3MDQwODMsImV4cCI6MTc1ODcwNTU4M30.M1Qz_NLZ-6k-zaMHcX6XRDLVHLm9NKeU4JFFevGE1Qk HTTP/1.1" 200 3608 "-" "axios/1.11.0"
::ffff:127.0.0.1 - - [24/Sep/2025:09:16:49 +0000] "GET /api/v1/user/getInstructorData?id=67375415e0ee19a15a41924d&token=eyJhbGciOiJIUzI1NiIsInR5cCI6IkpXVCJ9.eyJpZCI6IjY4YWViZDg1ZmM1N2M2YmFhMWY2ZDgwMSIsImVtYWlsIjoiamtAZ21haWwuY29tIiwicm9sZSI6IlVzZXIiLCJpYXQiOjE3NTg3MDQwODMsImV4cCI6MTc1ODcwNTU4M30.M1Qz_NLZ-6k-zaMHcX6XRDLVHLm9NKeU4JFFevGE1Qk HTTP/1.1" 200 3608 "-" "axios/1.11.0"
::ffff:127.0.0.1 - - [24/Sep/2025:09:16:49 +0000] "GET /api/v1/user/getInstructorData?id=67375415e0ee19a15a41924d&token=eyJhbGciOiJIUzI1NiIsInR5cCI6IkpXVCJ9.eyJpZCI6IjY4YWViZDg1ZmM1N2M2YmFhMWY2ZDgwMSIsImVtYWlsIjoiamtAZ21haWwuY29tIiwicm9sZSI6IlVzZXIiLCJpYXQiOjE3NTg3MDQwODMsImV4cCI6MTc1ODcwNTU4M30.M1Qz_NLZ-6k-zaMHcX6XRDLVHLm9NKeU4JFFevGE1Qk HTTP/1.1" 200 3608 "-" "axios/1.11.0"
::1 - - [24/Sep/2025:09:16:51 +0000] "GET /api/v1/user/getImg HTTP/1.1" 304 - "http://localhost:3000/" "Mozilla/5.0 (X11; Linux x86_64) AppleWebKit/537.36 (KHTML, like Gecko) Chrome/132.0.0.0 Safari/537.36"
::1 - - [24/Sep/2025:09:16:56 +0000] "GET /api/v1/user/home HTTP/1.1" 304 - "http://localhost:3000/" "Mozilla/5.0 (X11; Linux x86_64) AppleWebKit/537.36 (KHTML, like Gecko) Chrome/132.0.0.0 Safari/537.36"
::1 - - [24/Sep/2025:09:16:56 +0000] "GET /api/v1/user/getImg HTTP/1.1" 304 - "http://localhost:3000/" "Mozilla/5.0 (X11; Linux x86_64) AppleWebKit/537.36 (KHTML, like Gecko) Chrome/132.0.0.0 Safari/537.36"
::1 - - [24/Sep/2025:09:16:56 +0000] "GET /api/v1/user/home HTTP/1.1" 304 - "http://localhost:3000/" "Mozilla/5.0 (X11; Linux x86_64) AppleWebKit/537.36 (KHTML, like Gecko) Chrome/132.0.0.0 Safari/537.36"
::1 - - [24/Sep/2025:09:16:56 +0000] "GET /api/v1/user/getImg HTTP/1.1" 304 - "http://localhost:3000/" "Mozilla/5.0 (X11; Linux x86_64) AppleWebKit/537.36 (KHTML, like Gecko) Chrome/132.0.0.0 Safari/537.36"
::1 - - [24/Sep/2025:09:16:56 +0000] "GET /api/v1/user/getInstructor?page=1&limit=5&searchTerm=&category= HTTP/1.1" 304 - "http://localhost:3000/" "Mozilla/5.0 (X11; Linux x86_64) AppleWebKit/537.36 (KHTML, like Gecko) Chrome/132.0.0.0 Safari/537.36"
::1 - - [24/Sep/2025:09:16:56 +0000] "GET /api/v1/user/getInstructor?page=1&limit=5&searchTerm=&category= HTTP/1.1" 304 - "http://localhost:3000/" "Mozilla/5.0 (X11; Linux x86_64) AppleWebKit/537.36 (KHTML, like Gecko) Chrome/132.0.0.0 Safari/537.36"
::ffff:127.0.0.1 - - [24/Sep/2025:09:17:05 +0000] "GET /api/v1/user/getInstructorData?id=67375415e0ee19a15a41924d&token=eyJhbGciOiJIUzI1NiIsInR5cCI6IkpXVCJ9.eyJpZCI6IjY4YWViZDg1ZmM1N2M2YmFhMWY2ZDgwMSIsImVtYWlsIjoiamtAZ21haWwuY29tIiwicm9sZSI6IlVzZXIiLCJpYXQiOjE3NTg3MDQwODMsImV4cCI6MTc1ODcwNTU4M30.M1Qz_NLZ-6k-zaMHcX6XRDLVHLm9NKeU4JFFevGE1Qk HTTP/1.1" 200 3608 "-" "axios/1.11.0"
::1 - - [24/Sep/2025:09:17:05 +0000] "GET /api/v1/user/getImg HTTP/1.1" 304 - "http://localhost:3000/" "Mozilla/5.0 (X11; Linux x86_64) AppleWebKit/537.36 (KHTML, like Gecko) Chrome/132.0.0.0 Safari/537.36"
::1 - - [24/Sep/2025:09:17:05 +0000] "GET /api/v1/user/getImg HTTP/1.1" 304 - "http://localhost:3000/" "Mozilla/5.0 (X11; Linux x86_64) AppleWebKit/537.36 (KHTML, like Gecko) Chrome/132.0.0.0 Safari/537.36"
::1 - - [24/Sep/2025:09:17:10 +0000] "GET /api/v1/user/getImg HTTP/1.1" 304 - "http://localhost:3000/" "Mozilla/5.0 (X11; Linux x86_64) AppleWebKit/537.36 (KHTML, like Gecko) Chrome/132.0.0.0 Safari/537.36"
::1 - - [24/Sep/2025:09:17:10 +0000] "GET /api/v1/user/home HTTP/1.1" 304 - "http://localhost:3000/" "Mozilla/5.0 (X11; Linux x86_64) AppleWebKit/537.36 (KHTML, like Gecko) Chrome/132.0.0.0 Safari/537.36"
::1 - - [24/Sep/2025:09:17:10 +0000] "GET /api/v1/user/getInstructor?page=1&limit=5&searchTerm=&category= HTTP/1.1" 304 - "http://localhost:3000/" "Mozilla/5.0 (X11; Linux x86_64) AppleWebKit/537.36 (KHTML, like Gecko) Chrome/132.0.0.0 Safari/537.36"
::1 - - [24/Sep/2025:09:17:10 +0000] "GET /api/v1/user/getImg HTTP/1.1" 304 - "http://localhost:3000/" "Mozilla/5.0 (X11; Linux x86_64) AppleWebKit/537.36 (KHTML, like Gecko) Chrome/132.0.0.0 Safari/537.36"
::1 - - [24/Sep/2025:09:17:10 +0000] "GET /api/v1/user/home HTTP/1.1" 304 - "http://localhost:3000/" "Mozilla/5.0 (X11; Linux x86_64) AppleWebKit/537.36 (KHTML, like Gecko) Chrome/132.0.0.0 Safari/537.36"
::1 - - [24/Sep/2025:09:17:10 +0000] "GET /api/v1/user/getInstructor?page=1&limit=5&searchTerm=&category= HTTP/1.1" 304 - "http://localhost:3000/" "Mozilla/5.0 (X11; Linux x86_64) AppleWebKit/537.36 (KHTML, like Gecko) Chrome/132.0.0.0 Safari/537.36"
::ffff:127.0.0.1 - - [24/Sep/2025:09:19:13 +0000] "GET /api/v1/user/getInstructorData?id=67375415e0ee19a15a41924d&token=eyJhbGciOiJIUzI1NiIsInR5cCI6IkpXVCJ9.eyJpZCI6IjY4YWViZDg1ZmM1N2M2YmFhMWY2ZDgwMSIsImVtYWlsIjoiamtAZ21haWwuY29tIiwicm9sZSI6IlVzZXIiLCJpYXQiOjE3NTg3MDQwODMsImV4cCI6MTc1ODcwNTU4M30.M1Qz_NLZ-6k-zaMHcX6XRDLVHLm9NKeU4JFFevGE1Qk HTTP/1.1" 200 3608 "-" "axios/1.11.0"
::1 - - [24/Sep/2025:09:19:14 +0000] "GET /api/v1/user/getImg HTTP/1.1" 304 - "http://localhost:3000/" "Mozilla/5.0 (X11; Linux x86_64) AppleWebKit/537.36 (KHTML, like Gecko) Chrome/132.0.0.0 Safari/537.36"
::1 - - [24/Sep/2025:09:19:14 +0000] "GET /api/v1/user/getImg HTTP/1.1" 304 - "http://localhost:3000/" "Mozilla/5.0 (X11; Linux x86_64) AppleWebKit/537.36 (KHTML, like Gecko) Chrome/132.0.0.0 Safari/537.36"
::ffff:127.0.0.1 - - [24/Sep/2025:09:20:33 +0000] "GET /api/v1/user/getInstructorData?id=67375415e0ee19a15a41924d&token=eyJhbGciOiJIUzI1NiIsInR5cCI6IkpXVCJ9.eyJpZCI6IjY4YWViZDg1ZmM1N2M2YmFhMWY2ZDgwMSIsImVtYWlsIjoiamtAZ21haWwuY29tIiwicm9sZSI6IlVzZXIiLCJpYXQiOjE3NTg3MDQwODMsImV4cCI6MTc1ODcwNTU4M30.M1Qz_NLZ-6k-zaMHcX6XRDLVHLm9NKeU4JFFevGE1Qk HTTP/1.1" 401 27 "-" "axios/1.11.0"
::ffff:127.0.0.1 - - [24/Sep/2025:09:20:33 +0000] "POST /api/v1/user/refreshToken HTTP/1.1" 200 43 "-" "axios/1.11.0"
::ffff:127.0.0.1 - - [24/Sep/2025:09:20:36 +0000] "GET /api/v1/user/getInstructorData?id=67375415e0ee19a15a41924d&token=eyJhbGciOiJIUzI1NiIsInR5cCI6IkpXVCJ9.eyJpZCI6IjY4YWViZDg1ZmM1N2M2YmFhMWY2ZDgwMSIsImVtYWlsIjoiamtAZ21haWwuY29tIiwicm9sZSI6IlVzZXIiLCJpYXQiOjE3NTg3MDQwODMsImV4cCI6MTc1ODcwNTU4M30.M1Qz_NLZ-6k-zaMHcX6XRDLVHLm9NKeU4JFFevGE1Qk HTTP/1.1" 401 27 "-" "axios/1.11.0"
::ffff:127.0.0.1 - - [24/Sep/2025:09:20:36 +0000] "POST /api/v1/user/refreshToken HTTP/1.1" 200 43 "-" "axios/1.11.0"
::1 - - [24/Sep/2025:09:20:40 +0000] "GET /api/v1/user/getImg HTTP/1.1" 401 27 "http://localhost:3000/" "Mozilla/5.0 (X11; Linux x86_64) AppleWebKit/537.36 (KHTML, like Gecko) Chrome/132.0.0.0 Safari/537.36"
::1 - - [24/Sep/2025:09:20:40 +0000] "GET /api/v1/user/home HTTP/1.1" 401 27 "http://localhost:3000/" "Mozilla/5.0 (X11; Linux x86_64) AppleWebKit/537.36 (KHTML, like Gecko) Chrome/132.0.0.0 Safari/537.36"
::1 - - [24/Sep/2025:09:20:40 +0000] "GET /api/v1/user/getInstructor?page=1&limit=5&searchTerm=&category= HTTP/1.1" 401 27 "http://localhost:3000/" "Mozilla/5.0 (X11; Linux x86_64) AppleWebKit/537.36 (KHTML, like Gecko) Chrome/132.0.0.0 Safari/537.36"
::1 - - [24/Sep/2025:09:20:40 +0000] "POST /api/v1/user/refreshToken HTTP/1.1" 200 43 "http://localhost:3000/" "Mozilla/5.0 (X11; Linux x86_64) AppleWebKit/537.36 (KHTML, like Gecko) Chrome/132.0.0.0 Safari/537.36"
::1 - - [24/Sep/2025:09:20:40 +0000] "POST /api/v1/user/refreshToken HTTP/1.1" 200 43 "http://localhost:3000/" "Mozilla/5.0 (X11; Linux x86_64) AppleWebKit/537.36 (KHTML, like Gecko) Chrome/132.0.0.0 Safari/537.36"
::1 - - [24/Sep/2025:09:20:40 +0000] "POST /api/v1/user/refreshToken HTTP/1.1" 200 43 "http://localhost:3000/" "Mozilla/5.0 (X11; Linux x86_64) AppleWebKit/537.36 (KHTML, like Gecko) Chrome/132.0.0.0 Safari/537.36"
::1 - - [24/Sep/2025:12:00:38 +0000] "OPTIONS /api/v1/user/login HTTP/1.1" 204 0 "http://localhost:3000/" "Mozilla/5.0 (X11; Linux x86_64) AppleWebKit/537.36 (KHTML, like Gecko) Chrome/132.0.0.0 Safari/537.36"
::1 - - [24/Sep/2025:12:00:38 +0000] "POST /api/v1/user/login HTTP/1.1" 200 553 "http://localhost:3000/" "Mozilla/5.0 (X11; Linux x86_64) AppleWebKit/537.36 (KHTML, like Gecko) Chrome/132.0.0.0 Safari/537.36"
::1 - - [24/Sep/2025:12:00:51 +0000] "GET /api/v1/user/getImg HTTP/1.1" 200 174 "http://localhost:3000/" "Mozilla/5.0 (X11; Linux x86_64) AppleWebKit/537.36 (KHTML, like Gecko) Chrome/132.0.0.0 Safari/537.36"
::1 - - [24/Sep/2025:12:00:51 +0000] "GET /api/v1/user/home HTTP/1.1" 200 257 "http://localhost:3000/" "Mozilla/5.0 (X11; Linux x86_64) AppleWebKit/537.36 (KHTML, like Gecko) Chrome/132.0.0.0 Safari/537.36"
::1 - - [24/Sep/2025:12:00:51 +0000] "GET /api/v1/user/home HTTP/1.1" 200 257 "http://localhost:3000/" "Mozilla/5.0 (X11; Linux x86_64) AppleWebKit/537.36 (KHTML, like Gecko) Chrome/132.0.0.0 Safari/537.36"
::1 - - [24/Sep/2025:12:00:51 +0000] "GET /api/v1/user/getImg HTTP/1.1" 200 174 "http://localhost:3000/" "Mozilla/5.0 (X11; Linux x86_64) AppleWebKit/537.36 (KHTML, like Gecko) Chrome/132.0.0.0 Safari/537.36"
::1 - - [24/Sep/2025:12:00:51 +0000] "GET /api/v1/user/getInstructor?page=1&limit=5&searchTerm=&category= HTTP/1.1" 200 2055 "http://localhost:3000/" "Mozilla/5.0 (X11; Linux x86_64) AppleWebKit/537.36 (KHTML, like Gecko) Chrome/132.0.0.0 Safari/537.36"
::1 - - [24/Sep/2025:12:00:51 +0000] "GET /api/v1/user/getInstructor?page=1&limit=5&searchTerm=&category= HTTP/1.1" 200 2055 "http://localhost:3000/" "Mozilla/5.0 (X11; Linux x86_64) AppleWebKit/537.36 (KHTML, like Gecko) Chrome/132.0.0.0 Safari/537.36"
::ffff:127.0.0.1 - - [24/Sep/2025:12:01:20 +0000] "GET /api/v1/user/getInstructorData?id=67375415e0ee19a15a41924d&token=eyJhbGciOiJIUzI1NiIsInR5cCI6IkpXVCJ9.eyJpZCI6IjY4YWViZDg1ZmM1N2M2YmFhMWY2ZDgwMSIsImVtYWlsIjoiamtAZ21haWwuY29tIiwicm9sZSI6IlVzZXIiLCJpYXQiOjE3NTg3MTUyMzgsImV4cCI6MTc1ODcxNjczOH0.1m2ZDFixBB0WW0EbUKcsya59XB7yQ9BL_lE3Y_omzuI HTTP/1.1" 200 3608 "-" "axios/1.11.0"
::ffff:127.0.0.1 - - [24/Sep/2025:12:01:20 +0000] "GET /api/v1/user/getInstructorData?id=67375415e0ee19a15a41924d&token=eyJhbGciOiJIUzI1NiIsInR5cCI6IkpXVCJ9.eyJpZCI6IjY4YWViZDg1ZmM1N2M2YmFhMWY2ZDgwMSIsImVtYWlsIjoiamtAZ21haWwuY29tIiwicm9sZSI6IlVzZXIiLCJpYXQiOjE3NTg3MTUyMzgsImV4cCI6MTc1ODcxNjczOH0.1m2ZDFixBB0WW0EbUKcsya59XB7yQ9BL_lE3Y_omzuI HTTP/1.1" 200 3608 "-" "axios/1.11.0"
::1 - - [24/Sep/2025:12:01:22 +0000] "GET /api/v1/user/getImg HTTP/1.1" 200 174 "http://localhost:3000/" "Mozilla/5.0 (X11; Linux x86_64) AppleWebKit/537.36 (KHTML, like Gecko) Chrome/132.0.0.0 Safari/537.36"
::1 - - [24/Sep/2025:12:01:22 +0000] "GET /api/v1/user/getImg HTTP/1.1" 200 174 "http://localhost:3000/" "Mozilla/5.0 (X11; Linux x86_64) AppleWebKit/537.36 (KHTML, like Gecko) Chrome/132.0.0.0 Safari/537.36"
::ffff:127.0.0.1 - - [24/Sep/2025:13:32:53 +0000] "GET /api/v1/user/getInstructorData?id=67375415e0ee19a15a41924d&token=eyJhbGciOiJIUzI1NiIsInR5cCI6IkpXVCJ9.eyJpZCI6IjY4YWViZDg1ZmM1N2M2YmFhMWY2ZDgwMSIsImVtYWlsIjoiamtAZ21haWwuY29tIiwicm9sZSI6IlVzZXIiLCJpYXQiOjE3NTg3MTUyMzgsImV4cCI6MTc1ODcxNjczOH0.1m2ZDFixBB0WW0EbUKcsya59XB7yQ9BL_lE3Y_omzuI HTTP/1.1" 401 27 "-" "axios/1.11.0"
::ffff:127.0.0.1 - - [24/Sep/2025:13:32:53 +0000] "POST /api/v1/user/refreshToken HTTP/1.1" 200 43 "-" "axios/1.11.0"
::ffff:127.0.0.1 - - [24/Sep/2025:13:33:32 +0000] "GET /api/v1/user/getInstructorData?id=67375415e0ee19a15a41924d&token=eyJhbGciOiJIUzI1NiIsInR5cCI6IkpXVCJ9.eyJpZCI6IjY4YWViZDg1ZmM1N2M2YmFhMWY2ZDgwMSIsImVtYWlsIjoiamtAZ21haWwuY29tIiwicm9sZSI6IlVzZXIiLCJpYXQiOjE3NTg3MTUyMzgsImV4cCI6MTc1ODcxNjczOH0.1m2ZDFixBB0WW0EbUKcsya59XB7yQ9BL_lE3Y_omzuI HTTP/1.1" 401 27 "-" "axios/1.11.0"
::ffff:127.0.0.1 - - [24/Sep/2025:13:33:32 +0000] "POST /api/v1/user/refreshToken HTTP/1.1" 200 43 "-" "axios/1.11.0"
::ffff:127.0.0.1 - - [24/Sep/2025:13:33:35 +0000] "GET /api/v1/user/getInstructorData?id=67375415e0ee19a15a41924d&token=eyJhbGciOiJIUzI1NiIsInR5cCI6IkpXVCJ9.eyJpZCI6IjY4YWViZDg1ZmM1N2M2YmFhMWY2ZDgwMSIsImVtYWlsIjoiamtAZ21haWwuY29tIiwicm9sZSI6IlVzZXIiLCJpYXQiOjE3NTg3MTUyMzgsImV4cCI6MTc1ODcxNjczOH0.1m2ZDFixBB0WW0EbUKcsya59XB7yQ9BL_lE3Y_omzuI HTTP/1.1" 401 27 "-" "axios/1.11.0"
::ffff:127.0.0.1 - - [24/Sep/2025:13:33:35 +0000] "POST /api/v1/user/refreshToken HTTP/1.1" 200 43 "-" "axios/1.11.0"
::ffff:127.0.0.1 - - [24/Sep/2025:13:33:37 +0000] "GET /api/v1/user/getInstructorData?id=67375415e0ee19a15a41924d&token=eyJhbGciOiJIUzI1NiIsInR5cCI6IkpXVCJ9.eyJpZCI6IjY4YWViZDg1ZmM1N2M2YmFhMWY2ZDgwMSIsImVtYWlsIjoiamtAZ21haWwuY29tIiwicm9sZSI6IlVzZXIiLCJpYXQiOjE3NTg3MTUyMzgsImV4cCI6MTc1ODcxNjczOH0.1m2ZDFixBB0WW0EbUKcsya59XB7yQ9BL_lE3Y_omzuI HTTP/1.1" 401 27 "-" "axios/1.11.0"
::ffff:127.0.0.1 - - [24/Sep/2025:13:33:37 +0000] "POST /api/v1/user/refreshToken HTTP/1.1" 200 43 "-" "axios/1.11.0"
::ffff:127.0.0.1 - - [24/Sep/2025:13:33:42 +0000] "GET /api/v1/user/getInstructorData?id=67375415e0ee19a15a41924d&token=eyJhbGciOiJIUzI1NiIsInR5cCI6IkpXVCJ9.eyJpZCI6IjY4YWViZDg1ZmM1N2M2YmFhMWY2ZDgwMSIsImVtYWlsIjoiamtAZ21haWwuY29tIiwicm9sZSI6IlVzZXIiLCJpYXQiOjE3NTg3MTUyMzgsImV4cCI6MTc1ODcxNjczOH0.1m2ZDFixBB0WW0EbUKcsya59XB7yQ9BL_lE3Y_omzuI HTTP/1.1" 401 27 "-" "axios/1.11.0"
::ffff:127.0.0.1 - - [24/Sep/2025:13:33:43 +0000] "POST /api/v1/user/refreshToken HTTP/1.1" 200 43 "-" "axios/1.11.0"
::ffff:127.0.0.1 - - [24/Sep/2025:13:34:41 +0000] "GET /api/v1/user/getInstructorData?id=67375415e0ee19a15a41924d&token=eyJhbGciOiJIUzI1NiIsInR5cCI6IkpXVCJ9.eyJpZCI6IjY4YWViZDg1ZmM1N2M2YmFhMWY2ZDgwMSIsImVtYWlsIjoiamtAZ21haWwuY29tIiwicm9sZSI6IlVzZXIiLCJpYXQiOjE3NTg3MTUyMzgsImV4cCI6MTc1ODcxNjczOH0.1m2ZDFixBB0WW0EbUKcsya59XB7yQ9BL_lE3Y_omzuI HTTP/1.1" 401 27 "-" "axios/1.11.0"
::ffff:127.0.0.1 - - [24/Sep/2025:13:34:41 +0000] "POST /api/v1/user/refreshToken HTTP/1.1" 200 43 "-" "axios/1.11.0"
::1 - - [24/Sep/2025:19:26:25 +0000] "GET /api/v1/user/getImg HTTP/1.1" 401 27 "http://localhost:3000/" "Mozilla/5.0 (X11; Linux x86_64) AppleWebKit/537.36 (KHTML, like Gecko) Chrome/132.0.0.0 Safari/537.36"
::1 - - [24/Sep/2025:19:26:25 +0000] "GET /api/v1/user/getImg HTTP/1.1" 401 27 "http://localhost:3000/" "Mozilla/5.0 (X11; Linux x86_64) AppleWebKit/537.36 (KHTML, like Gecko) Chrome/132.0.0.0 Safari/537.36"
::1 - - [24/Sep/2025:19:26:25 +0000] "GET /api/v1/user/home HTTP/1.1" 401 27 "http://localhost:3000/" "Mozilla/5.0 (X11; Linux x86_64) AppleWebKit/537.36 (KHTML, like Gecko) Chrome/132.0.0.0 Safari/537.36"
::1 - - [24/Sep/2025:19:26:25 +0000] "GET /api/v1/user/getInstructor?page=1&limit=5&searchTerm=&category= HTTP/1.1" 401 27 "http://localhost:3000/" "Mozilla/5.0 (X11; Linux x86_64) AppleWebKit/537.36 (KHTML, like Gecko) Chrome/132.0.0.0 Safari/537.36"
::1 - - [24/Sep/2025:19:26:25 +0000] "GET /api/v1/user/home HTTP/1.1" 401 27 "http://localhost:3000/" "Mozilla/5.0 (X11; Linux x86_64) AppleWebKit/537.36 (KHTML, like Gecko) Chrome/132.0.0.0 Safari/537.36"
::1 - - [24/Sep/2025:19:26:25 +0000] "GET /api/v1/user/getInstructor?page=1&limit=5&searchTerm=&category= HTTP/1.1" 401 27 "http://localhost:3000/" "Mozilla/5.0 (X11; Linux x86_64) AppleWebKit/537.36 (KHTML, like Gecko) Chrome/132.0.0.0 Safari/537.36"
::1 - - [24/Sep/2025:19:27:00 +0000] "OPTIONS /api/v1/user/login HTTP/1.1" 204 0 "http://localhost:3000/" "Mozilla/5.0 (X11; Linux x86_64) AppleWebKit/537.36 (KHTML, like Gecko) Chrome/132.0.0.0 Safari/537.36"
::1 - - [24/Sep/2025:19:27:26 +0000] "OPTIONS /api/v1/user/login HTTP/1.1" 204 0 "http://localhost:3000/" "Mozilla/5.0 (X11; Linux x86_64) AppleWebKit/537.36 (KHTML, like Gecko) Chrome/132.0.0.0 Safari/537.36"
::1 - - [24/Sep/2025:19:27:37 +0000] "OPTIONS /api/v1/user/login HTTP/1.1" 204 0 "http://localhost:3000/" "Mozilla/5.0 (X11; Linux x86_64) AppleWebKit/537.36 (KHTML, like Gecko) Chrome/132.0.0.0 Safari/537.36"
::1 - - [24/Sep/2025:19:27:38 +0000] "POST /api/v1/user/login HTTP/1.1" 200 553 "http://localhost:3000/" "Mozilla/5.0 (X11; Linux x86_64) AppleWebKit/537.36 (KHTML, like Gecko) Chrome/132.0.0.0 Safari/537.36"
::1 - - [24/Sep/2025:19:27:39 +0000] "GET /api/v1/user/getImg HTTP/1.1" 200 174 "http://localhost:3000/" "Mozilla/5.0 (X11; Linux x86_64) AppleWebKit/537.36 (KHTML, like Gecko) Chrome/132.0.0.0 Safari/537.36"
::1 - - [24/Sep/2025:19:27:39 +0000] "GET /api/v1/user/home HTTP/1.1" 200 257 "http://localhost:3000/" "Mozilla/5.0 (X11; Linux x86_64) AppleWebKit/537.36 (KHTML, like Gecko) Chrome/132.0.0.0 Safari/537.36"
::1 - - [24/Sep/2025:19:27:39 +0000] "GET /api/v1/user/getImg HTTP/1.1" 200 174 "http://localhost:3000/" "Mozilla/5.0 (X11; Linux x86_64) AppleWebKit/537.36 (KHTML, like Gecko) Chrome/132.0.0.0 Safari/537.36"
::1 - - [24/Sep/2025:19:27:39 +0000] "GET /api/v1/user/home HTTP/1.1" 200 257 "http://localhost:3000/" "Mozilla/5.0 (X11; Linux x86_64) AppleWebKit/537.36 (KHTML, like Gecko) Chrome/132.0.0.0 Safari/537.36"
::1 - - [24/Sep/2025:19:27:39 +0000] "GET /api/v1/user/getInstructor?page=1&limit=5&searchTerm=&category= HTTP/1.1" 200 2055 "http://localhost:3000/" "Mozilla/5.0 (X11; Linux x86_64) AppleWebKit/537.36 (KHTML, like Gecko) Chrome/132.0.0.0 Safari/537.36"
::1 - - [24/Sep/2025:19:27:39 +0000] "GET /api/v1/user/getInstructor?page=1&limit=5&searchTerm=&category= HTTP/1.1" 200 2055 "http://localhost:3000/" "Mozilla/5.0 (X11; Linux x86_64) AppleWebKit/537.36 (KHTML, like Gecko) Chrome/132.0.0.0 Safari/537.36"
::ffff:127.0.0.1 - - [24/Sep/2025:19:27:51 +0000] "GET /api/v1/user/getInstructorData?id=67375415e0ee19a15a41924d&token=eyJhbGciOiJIUzI1NiIsInR5cCI6IkpXVCJ9.eyJpZCI6IjY4YWViZDg1ZmM1N2M2YmFhMWY2ZDgwMSIsImVtYWlsIjoiamtAZ21haWwuY29tIiwicm9sZSI6IlVzZXIiLCJpYXQiOjE3NTg3NDIwNTgsImV4cCI6MTc1ODc0MzU1OH0.Ye-ogcqMvgCRjZ8yigcZos1cR7hy8jVb5wLUugD1bu8 HTTP/1.1" 200 3608 "-" "axios/1.11.0"
::1 - - [24/Sep/2025:19:27:52 +0000] "GET /api/v1/user/getImg HTTP/1.1" 200 174 "http://localhost:3000/" "Mozilla/5.0 (X11; Linux x86_64) AppleWebKit/537.36 (KHTML, like Gecko) Chrome/132.0.0.0 Safari/537.36"
::1 - - [24/Sep/2025:19:27:52 +0000] "GET /api/v1/user/getImg HTTP/1.1" 200 174 "http://localhost:3000/" "Mozilla/5.0 (X11; Linux x86_64) AppleWebKit/537.36 (KHTML, like Gecko) Chrome/132.0.0.0 Safari/537.36"
::1 - - [24/Sep/2025:19:28:02 +0000] "GET /api/v1/user/getCourse?courseId=68d2411483e36484e6953424 HTTP/1.1" 404 160 "http://localhost:3000/" "Mozilla/5.0 (X11; Linux x86_64) AppleWebKit/537.36 (KHTML, like Gecko) Chrome/132.0.0.0 Safari/537.36"
::1 - - [24/Sep/2025:19:28:02 +0000] "GET /api/v1/user/getCourse?courseId=68d2411483e36484e6953424 HTTP/1.1" 404 160 "http://localhost:3000/" "Mozilla/5.0 (X11; Linux x86_64) AppleWebKit/537.36 (KHTML, like Gecko) Chrome/132.0.0.0 Safari/537.36"
::1 - - [24/Sep/2025:19:28:55 +0000] "GET /api/v1/user/getCourse?courseId=68d2411483e36484e6953424 HTTP/1.1" 200 2860 "http://localhost:3000/" "Mozilla/5.0 (X11; Linux x86_64) AppleWebKit/537.36 (KHTML, like Gecko) Chrome/132.0.0.0 Safari/537.36"
::1 - - [24/Sep/2025:19:30:12 +0000] "GET /api/v1/user/getCourse?courseId=68d2411483e36484e6953424 HTTP/1.1" 304 - "http://localhost:3000/" "Mozilla/5.0 (X11; Linux x86_64) AppleWebKit/537.36 (KHTML, like Gecko) Chrome/132.0.0.0 Safari/537.36"
::1 - - [24/Sep/2025:19:30:13 +0000] "GET /api/v1/user/getCourse?courseId=68d2411483e36484e6953424 HTTP/1.1" 304 - "http://localhost:3000/" "Mozilla/5.0 (X11; Linux x86_64) AppleWebKit/537.36 (KHTML, like Gecko) Chrome/132.0.0.0 Safari/537.36"
::1 - - [24/Sep/2025:19:30:28 +0000] "GET /api/v1/user/getCourse?courseId=68d2411483e36484e6953424 HTTP/1.1" 304 - "http://localhost:3000/" "Mozilla/5.0 (X11; Linux x86_64) AppleWebKit/537.36 (KHTML, like Gecko) Chrome/132.0.0.0 Safari/537.36"
::1 - - [24/Sep/2025:19:30:29 +0000] "GET /api/v1/user/getCourse?courseId=68d2411483e36484e6953424 HTTP/1.1" 304 - "http://localhost:3000/" "Mozilla/5.0 (X11; Linux x86_64) AppleWebKit/537.36 (KHTML, like Gecko) Chrome/132.0.0.0 Safari/537.36"
::1 - - [24/Sep/2025:19:30:54 +0000] "GET /api/v1/user/getCourse?courseId=68d2411483e36484e6953424 HTTP/1.1" 304 - "http://localhost:3000/" "Mozilla/5.0 (X11; Linux x86_64) AppleWebKit/537.36 (KHTML, like Gecko) Chrome/132.0.0.0 Safari/537.36"
::1 - - [24/Sep/2025:19:30:55 +0000] "GET /api/v1/user/getCourse?courseId=68d2411483e36484e6953424 HTTP/1.1" 304 - "http://localhost:3000/" "Mozilla/5.0 (X11; Linux x86_64) AppleWebKit/537.36 (KHTML, like Gecko) Chrome/132.0.0.0 Safari/537.36"
::1 - - [24/Sep/2025:19:31:13 +0000] "GET /api/v1/user/getCourse?courseId=68d2411483e36484e6953424 HTTP/1.1" 304 - "http://localhost:3000/" "Mozilla/5.0 (X11; Linux x86_64) AppleWebKit/537.36 (KHTML, like Gecko) Chrome/132.0.0.0 Safari/537.36"
::1 - - [24/Sep/2025:19:31:20 +0000] "GET /api/v1/user/getCourse?courseId=68d2411483e36484e6953424 HTTP/1.1" 304 - "http://localhost:3000/" "Mozilla/5.0 (X11; Linux x86_64) AppleWebKit/537.36 (KHTML, like Gecko) Chrome/132.0.0.0 Safari/537.36"
::1 - - [24/Sep/2025:19:31:21 +0000] "GET /api/v1/user/getCourse?courseId=68d2411483e36484e6953424 HTTP/1.1" 304 - "http://localhost:3000/" "Mozilla/5.0 (X11; Linux x86_64) AppleWebKit/537.36 (KHTML, like Gecko) Chrome/132.0.0.0 Safari/537.36"
::1 - - [24/Sep/2025:19:31:23 +0000] "GET /api/v1/user/getCourse?courseId=68d2411483e36484e6953424 HTTP/1.1" 304 - "http://localhost:3000/" "Mozilla/5.0 (X11; Linux x86_64) AppleWebKit/537.36 (KHTML, like Gecko) Chrome/132.0.0.0 Safari/537.36"
::1 - - [24/Sep/2025:19:31:28 +0000] "GET /api/v1/user/getCourse?courseId=68d2411483e36484e6953424 HTTP/1.1" 304 - "http://localhost:3000/" "Mozilla/5.0 (X11; Linux x86_64) AppleWebKit/537.36 (KHTML, like Gecko) Chrome/132.0.0.0 Safari/537.36"
::1 - - [24/Sep/2025:19:31:29 +0000] "GET /api/v1/user/getCourse?courseId=68d2411483e36484e6953424 HTTP/1.1" 304 - "http://localhost:3000/" "Mozilla/5.0 (X11; Linux x86_64) AppleWebKit/537.36 (KHTML, like Gecko) Chrome/132.0.0.0 Safari/537.36"
::1 - - [24/Sep/2025:19:31:44 +0000] "GET /api/v1/user/getCourse?courseId=68d2411483e36484e6953424 HTTP/1.1" 304 - "http://localhost:3000/" "Mozilla/5.0 (X11; Linux x86_64) AppleWebKit/537.36 (KHTML, like Gecko) Chrome/132.0.0.0 Safari/537.36"
::1 - - [24/Sep/2025:19:31:45 +0000] "GET /api/v1/user/getCourse?courseId=68d2411483e36484e6953424 HTTP/1.1" 304 - "http://localhost:3000/" "Mozilla/5.0 (X11; Linux x86_64) AppleWebKit/537.36 (KHTML, like Gecko) Chrome/132.0.0.0 Safari/537.36"
::1 - - [24/Sep/2025:19:31:48 +0000] "GET /api/v1/user/getCourse?courseId=68d2411483e36484e6953424 HTTP/1.1" 304 - "http://localhost:3000/" "Mozilla/5.0 (X11; Linux x86_64) AppleWebKit/537.36 (KHTML, like Gecko) Chrome/132.0.0.0 Safari/537.36"
::1 - - [24/Sep/2025:19:31:49 +0000] "GET /api/v1/user/getCourse?courseId=68d2411483e36484e6953424 HTTP/1.1" 304 - "http://localhost:3000/" "Mozilla/5.0 (X11; Linux x86_64) AppleWebKit/537.36 (KHTML, like Gecko) Chrome/132.0.0.0 Safari/537.36"
::1 - - [24/Sep/2025:19:31:53 +0000] "GET /api/v1/user/getCourse?courseId=68d2411483e36484e6953424 HTTP/1.1" 304 - "http://localhost:3000/" "Mozilla/5.0 (X11; Linux x86_64) AppleWebKit/537.36 (KHTML, like Gecko) Chrome/132.0.0.0 Safari/537.36"
::1 - - [24/Sep/2025:19:32:01 +0000] "GET /api/v1/user/getCourse?courseId=68d2411483e36484e6953424 HTTP/1.1" 304 - "http://localhost:3000/" "Mozilla/5.0 (X11; Linux x86_64) AppleWebKit/537.36 (KHTML, like Gecko) Chrome/132.0.0.0 Safari/537.36"
::1 - - [24/Sep/2025:19:32:13 +0000] "GET /api/v1/user/getCourse?courseId=68d2411483e36484e6953424 HTTP/1.1" 304 - "http://localhost:3000/" "Mozilla/5.0 (X11; Linux x86_64) AppleWebKit/537.36 (KHTML, like Gecko) Chrome/132.0.0.0 Safari/537.36"
::1 - - [24/Sep/2025:19:34:29 +0000] "GET /api/v1/user/getCourse?courseId=68d2411483e36484e6953424 HTTP/1.1" 304 - "http://localhost:3000/" "Mozilla/5.0 (X11; Linux x86_64) AppleWebKit/537.36 (KHTML, like Gecko) Chrome/132.0.0.0 Safari/537.36"
::1 - - [24/Sep/2025:19:34:31 +0000] "GET /api/v1/user/getCourse?courseId=68d2411483e36484e6953424 HTTP/1.1" 304 - "http://localhost:3000/" "Mozilla/5.0 (X11; Linux x86_64) AppleWebKit/537.36 (KHTML, like Gecko) Chrome/132.0.0.0 Safari/537.36"
::1 - - [24/Sep/2025:19:34:32 +0000] "GET /api/v1/user/getCourse?courseId=68d2411483e36484e6953424 HTTP/1.1" 304 - "http://localhost:3000/" "Mozilla/5.0 (X11; Linux x86_64) AppleWebKit/537.36 (KHTML, like Gecko) Chrome/132.0.0.0 Safari/537.36"
::1 - - [24/Sep/2025:19:34:34 +0000] "GET /api/v1/user/getCourse?courseId=68d2411483e36484e6953424 HTTP/1.1" 304 - "http://localhost:3000/" "Mozilla/5.0 (X11; Linux x86_64) AppleWebKit/537.36 (KHTML, like Gecko) Chrome/132.0.0.0 Safari/537.36"
::1 - - [24/Sep/2025:19:34:35 +0000] "GET /api/v1/user/getCourse?courseId=68d2411483e36484e6953424 HTTP/1.1" 304 - "http://localhost:3000/" "Mozilla/5.0 (X11; Linux x86_64) AppleWebKit/537.36 (KHTML, like Gecko) Chrome/132.0.0.0 Safari/537.36"
::1 - - [24/Sep/2025:19:34:36 +0000] "GET /api/v1/user/getCourse?courseId=68d2411483e36484e6953424 HTTP/1.1" 304 - "http://localhost:3000/" "Mozilla/5.0 (X11; Linux x86_64) AppleWebKit/537.36 (KHTML, like Gecko) Chrome/132.0.0.0 Safari/537.36"
::1 - - [24/Sep/2025:19:35:59 +0000] "GET /api/v1/user/getCourse?courseId=68d2411483e36484e6953424 HTTP/1.1" 304 - "http://localhost:3000/" "Mozilla/5.0 (X11; Linux x86_64) AppleWebKit/537.36 (KHTML, like Gecko) Chrome/132.0.0.0 Safari/537.36"
::1 - - [24/Sep/2025:19:42:24 +0000] "GET /api/v1/user/getCourse?courseId=68d2411483e36484e6953424 HTTP/1.1" 304 - "http://localhost:3000/" "Mozilla/5.0 (X11; Linux x86_64) AppleWebKit/537.36 (KHTML, like Gecko) Chrome/132.0.0.0 Safari/537.36"
::1 - - [25/Sep/2025:07:52:35 +0000] "OPTIONS /api/v1/user/login HTTP/1.1" 204 0 "http://localhost:3000/" "Mozilla/5.0 (X11; Linux x86_64) AppleWebKit/537.36 (KHTML, like Gecko) Chrome/132.0.0.0 Safari/537.36"
::1 - - [25/Sep/2025:07:53:12 +0000] "OPTIONS /api/v1/user/login HTTP/1.1" 204 0 "http://localhost:3000/" "Mozilla/5.0 (X11; Linux x86_64) AppleWebKit/537.36 (KHTML, like Gecko) Chrome/132.0.0.0 Safari/537.36"
::1 - - [25/Sep/2025:07:53:25 +0000] "OPTIONS /api/v1/user/login HTTP/1.1" 204 0 "http://localhost:3000/" "Mozilla/5.0 (X11; Linux x86_64) AppleWebKit/537.36 (KHTML, like Gecko) Chrome/132.0.0.0 Safari/537.36"
::1 - - [25/Sep/2025:07:53:27 +0000] "POST /api/v1/user/login HTTP/1.1" 200 553 "http://localhost:3000/" "Mozilla/5.0 (X11; Linux x86_64) AppleWebKit/537.36 (KHTML, like Gecko) Chrome/132.0.0.0 Safari/537.36"
::1 - - [25/Sep/2025:07:53:31 +0000] "GET /api/v1/user/getImg HTTP/1.1" 200 174 "http://localhost:3000/" "Mozilla/5.0 (X11; Linux x86_64) AppleWebKit/537.36 (KHTML, like Gecko) Chrome/132.0.0.0 Safari/537.36"
::1 - - [25/Sep/2025:07:53:31 +0000] "GET /api/v1/user/getImg HTTP/1.1" 200 174 "http://localhost:3000/" "Mozilla/5.0 (X11; Linux x86_64) AppleWebKit/537.36 (KHTML, like Gecko) Chrome/132.0.0.0 Safari/537.36"
::1 - - [25/Sep/2025:07:53:31 +0000] "GET /api/v1/user/home HTTP/1.1" 200 257 "http://localhost:3000/" "Mozilla/5.0 (X11; Linux x86_64) AppleWebKit/537.36 (KHTML, like Gecko) Chrome/132.0.0.0 Safari/537.36"
::1 - - [25/Sep/2025:07:53:31 +0000] "GET /api/v1/user/home HTTP/1.1" 200 257 "http://localhost:3000/" "Mozilla/5.0 (X11; Linux x86_64) AppleWebKit/537.36 (KHTML, like Gecko) Chrome/132.0.0.0 Safari/537.36"
::1 - - [25/Sep/2025:07:53:31 +0000] "GET /api/v1/user/getInstructor?page=1&limit=5&searchTerm=&category= HTTP/1.1" 200 2055 "http://localhost:3000/" "Mozilla/5.0 (X11; Linux x86_64) AppleWebKit/537.36 (KHTML, like Gecko) Chrome/132.0.0.0 Safari/537.36"
::1 - - [25/Sep/2025:07:53:31 +0000] "GET /api/v1/user/getInstructor?page=1&limit=5&searchTerm=&category= HTTP/1.1" 200 2055 "http://localhost:3000/" "Mozilla/5.0 (X11; Linux x86_64) AppleWebKit/537.36 (KHTML, like Gecko) Chrome/132.0.0.0 Safari/537.36"
::ffff:127.0.0.1 - - [25/Sep/2025:07:53:38 +0000] "GET /api/v1/user/getInstructorData?id=67375415e0ee19a15a41924d&token=eyJhbGciOiJIUzI1NiIsInR5cCI6IkpXVCJ9.eyJpZCI6IjY4YWViZDg1ZmM1N2M2YmFhMWY2ZDgwMSIsImVtYWlsIjoiamtAZ21haWwuY29tIiwicm9sZSI6IlVzZXIiLCJpYXQiOjE3NTg3ODY4MDcsImV4cCI6MTc1ODc4ODMwN30.1Q-cn1l1VE09RBHwBc5QPJWMvBU8Vt7r-0k_BF94Tlg HTTP/1.1" 200 3608 "-" "axios/1.11.0"
::1 - - [25/Sep/2025:07:53:39 +0000] "GET /api/v1/user/getImg HTTP/1.1" 200 174 "http://localhost:3000/" "Mozilla/5.0 (X11; Linux x86_64) AppleWebKit/537.36 (KHTML, like Gecko) Chrome/132.0.0.0 Safari/537.36"
::1 - - [25/Sep/2025:07:53:39 +0000] "GET /api/v1/user/getImg HTTP/1.1" 200 174 "http://localhost:3000/" "Mozilla/5.0 (X11; Linux x86_64) AppleWebKit/537.36 (KHTML, like Gecko) Chrome/132.0.0.0 Safari/537.36"
::1 - - [25/Sep/2025:07:53:45 +0000] "GET /api/v1/user/getCourse?courseId=68d2411483e36484e6953424 HTTP/1.1" 200 2860 "http://localhost:3000/" "Mozilla/5.0 (X11; Linux x86_64) AppleWebKit/537.36 (KHTML, like Gecko) Chrome/132.0.0.0 Safari/537.36"
::1 - - [25/Sep/2025:07:53:45 +0000] "GET /api/v1/user/getCourse?courseId=68d2411483e36484e6953424 HTTP/1.1" 200 2860 "http://localhost:3000/" "Mozilla/5.0 (X11; Linux x86_64) AppleWebKit/537.36 (KHTML, like Gecko) Chrome/132.0.0.0 Safari/537.36"
::1 - - [25/Sep/2025:07:53:59 +0000] "OPTIONS /api/v1/user/create-course-checkout-session HTTP/1.1" 204 0 "http://localhost:3000/" "Mozilla/5.0 (X11; Linux x86_64) AppleWebKit/537.36 (KHTML, like Gecko) Chrome/132.0.0.0 Safari/537.36"
::1 - - [25/Sep/2025:10:09:31 +0000] "GET /api/v1/user/getImg HTTP/1.1" 401 27 "http://localhost:3000/" "Mozilla/5.0 (X11; Linux x86_64) AppleWebKit/537.36 (KHTML, like Gecko) Chrome/132.0.0.0 Safari/537.36"
::1 - - [25/Sep/2025:10:09:31 +0000] "GET /api/v1/user/getImg HTTP/1.1" 401 27 "http://localhost:3000/" "Mozilla/5.0 (X11; Linux x86_64) AppleWebKit/537.36 (KHTML, like Gecko) Chrome/132.0.0.0 Safari/537.36"
::1 - - [25/Sep/2025:10:09:31 +0000] "POST /api/v1/user/refreshToken HTTP/1.1" 200 43 "http://localhost:3000/" "Mozilla/5.0 (X11; Linux x86_64) AppleWebKit/537.36 (KHTML, like Gecko) Chrome/132.0.0.0 Safari/537.36"
::1 - - [25/Sep/2025:10:09:31 +0000] "POST /api/v1/user/refreshToken HTTP/1.1" 200 43 "http://localhost:3000/" "Mozilla/5.0 (X11; Linux x86_64) AppleWebKit/537.36 (KHTML, like Gecko) Chrome/132.0.0.0 Safari/537.36"
::ffff:127.0.0.1 - - [25/Sep/2025:10:09:37 +0000] "GET /api/v1/user/getInstructorData?id=67375415e0ee19a15a41924d&token=eyJhbGciOiJIUzI1NiIsInR5cCI6IkpXVCJ9.eyJpZCI6IjY4YWViZDg1ZmM1N2M2YmFhMWY2ZDgwMSIsImVtYWlsIjoiamtAZ21haWwuY29tIiwicm9sZSI6IlVzZXIiLCJpYXQiOjE3NTg3ODY4MDcsImV4cCI6MTc1ODc4ODMwN30.1Q-cn1l1VE09RBHwBc5QPJWMvBU8Vt7r-0k_BF94Tlg HTTP/1.1" 401 27 "-" "axios/1.11.0"
::ffff:127.0.0.1 - - [25/Sep/2025:10:09:37 +0000] "POST /api/v1/user/refreshToken HTTP/1.1" 200 43 "-" "axios/1.11.0"
::1 - - [25/Sep/2025:10:09:53 +0000] "GET /api/v1/user/getImg HTTP/1.1" 401 27 "http://localhost:3000/" "Mozilla/5.0 (X11; Linux x86_64) AppleWebKit/537.36 (KHTML, like Gecko) Chrome/132.0.0.0 Safari/537.36"
::1 - - [25/Sep/2025:10:09:53 +0000] "POST /api/v1/user/refreshToken HTTP/1.1" 200 43 "http://localhost:3000/" "Mozilla/5.0 (X11; Linux x86_64) AppleWebKit/537.36 (KHTML, like Gecko) Chrome/132.0.0.0 Safari/537.36"
::1 - - [25/Sep/2025:10:09:53 +0000] "GET /api/v1/user/getInstructor?page=1&limit=5&searchTerm=&category= HTTP/1.1" 401 27 "http://localhost:3000/" "Mozilla/5.0 (X11; Linux x86_64) AppleWebKit/537.36 (KHTML, like Gecko) Chrome/132.0.0.0 Safari/537.36"
::1 - - [25/Sep/2025:10:09:53 +0000] "GET /api/v1/user/home HTTP/1.1" 401 27 "http://localhost:3000/" "Mozilla/5.0 (X11; Linux x86_64) AppleWebKit/537.36 (KHTML, like Gecko) Chrome/132.0.0.0 Safari/537.36"
::1 - - [25/Sep/2025:10:09:53 +0000] "POST /api/v1/user/refreshToken HTTP/1.1" 200 43 "http://localhost:3000/" "Mozilla/5.0 (X11; Linux x86_64) AppleWebKit/537.36 (KHTML, like Gecko) Chrome/132.0.0.0 Safari/537.36"
::1 - - [25/Sep/2025:10:09:53 +0000] "POST /api/v1/user/refreshToken HTTP/1.1" 200 43 "http://localhost:3000/" "Mozilla/5.0 (X11; Linux x86_64) AppleWebKit/537.36 (KHTML, like Gecko) Chrome/132.0.0.0 Safari/537.36"
::1 - - [25/Sep/2025:10:10:35 +0000] "OPTIONS /api/v1/user/login HTTP/1.1" 204 0 "http://localhost:3000/" "Mozilla/5.0 (X11; Linux x86_64) AppleWebKit/537.36 (KHTML, like Gecko) Chrome/132.0.0.0 Safari/537.36"
::1 - - [25/Sep/2025:10:10:35 +0000] "POST /api/v1/user/login HTTP/1.1" 200 553 "http://localhost:3000/" "Mozilla/5.0 (X11; Linux x86_64) AppleWebKit/537.36 (KHTML, like Gecko) Chrome/132.0.0.0 Safari/537.36"
::1 - - [25/Sep/2025:10:10:36 +0000] "GET /api/v1/user/getImg HTTP/1.1" 200 174 "http://localhost:3000/" "Mozilla/5.0 (X11; Linux x86_64) AppleWebKit/537.36 (KHTML, like Gecko) Chrome/132.0.0.0 Safari/537.36"
::1 - - [25/Sep/2025:10:10:36 +0000] "GET /api/v1/user/getImg HTTP/1.1" 200 174 "http://localhost:3000/" "Mozilla/5.0 (X11; Linux x86_64) AppleWebKit/537.36 (KHTML, like Gecko) Chrome/132.0.0.0 Safari/537.36"
::1 - - [25/Sep/2025:10:10:36 +0000] "GET /api/v1/user/home HTTP/1.1" 200 257 "http://localhost:3000/" "Mozilla/5.0 (X11; Linux x86_64) AppleWebKit/537.36 (KHTML, like Gecko) Chrome/132.0.0.0 Safari/537.36"
::1 - - [25/Sep/2025:10:10:36 +0000] "GET /api/v1/user/home HTTP/1.1" 200 257 "http://localhost:3000/" "Mozilla/5.0 (X11; Linux x86_64) AppleWebKit/537.36 (KHTML, like Gecko) Chrome/132.0.0.0 Safari/537.36"
::1 - - [25/Sep/2025:10:10:36 +0000] "GET /api/v1/user/getInstructor?page=1&limit=5&searchTerm=&category= HTTP/1.1" 200 2055 "http://localhost:3000/" "Mozilla/5.0 (X11; Linux x86_64) AppleWebKit/537.36 (KHTML, like Gecko) Chrome/132.0.0.0 Safari/537.36"
::1 - - [25/Sep/2025:10:10:37 +0000] "GET /api/v1/user/getInstructor?page=1&limit=5&searchTerm=&category= HTTP/1.1" 200 2055 "http://localhost:3000/" "Mozilla/5.0 (X11; Linux x86_64) AppleWebKit/537.36 (KHTML, like Gecko) Chrome/132.0.0.0 Safari/537.36"
::ffff:127.0.0.1 - - [25/Sep/2025:10:10:40 +0000] "GET /api/v1/user/getInstructorData?id=67375415e0ee19a15a41924d&token=eyJhbGciOiJIUzI1NiIsInR5cCI6IkpXVCJ9.eyJpZCI6IjY4YWViZDg1ZmM1N2M2YmFhMWY2ZDgwMSIsImVtYWlsIjoiamtAZ21haWwuY29tIiwicm9sZSI6IlVzZXIiLCJpYXQiOjE3NTg3OTUwMzUsImV4cCI6MTc1ODc5NjUzNX0._I-fuyrEoORoo8sc7JrRGISyOdjMobLAXoHq5VjK8gE HTTP/1.1" 200 3628 "-" "axios/1.11.0"
::1 - - [25/Sep/2025:10:10:40 +0000] "GET /api/v1/user/getImg HTTP/1.1" 200 174 "http://localhost:3000/" "Mozilla/5.0 (X11; Linux x86_64) AppleWebKit/537.36 (KHTML, like Gecko) Chrome/132.0.0.0 Safari/537.36"
::1 - - [25/Sep/2025:10:10:41 +0000] "GET /api/v1/user/getImg HTTP/1.1" 200 174 "http://localhost:3000/" "Mozilla/5.0 (X11; Linux x86_64) AppleWebKit/537.36 (KHTML, like Gecko) Chrome/132.0.0.0 Safari/537.36"
::1 - - [25/Sep/2025:10:10:44 +0000] "GET /api/v1/user/getCourse?courseId=68d2411483e36484e6953424 HTTP/1.1" 200 2880 "http://localhost:3000/" "Mozilla/5.0 (X11; Linux x86_64) AppleWebKit/537.36 (KHTML, like Gecko) Chrome/132.0.0.0 Safari/537.36"
::1 - - [25/Sep/2025:10:10:44 +0000] "GET /api/v1/user/getCourse?courseId=68d2411483e36484e6953424 HTTP/1.1" 200 2880 "http://localhost:3000/" "Mozilla/5.0 (X11; Linux x86_64) AppleWebKit/537.36 (KHTML, like Gecko) Chrome/132.0.0.0 Safari/537.36"
::1 - - [25/Sep/2025:10:10:51 +0000] "OPTIONS /api/v1/user/create-course-checkout-session HTTP/1.1" 204 0 "http://localhost:3000/" "Mozilla/5.0 (X11; Linux x86_64) AppleWebKit/537.36 (KHTML, like Gecko) Chrome/132.0.0.0 Safari/537.36"
::1 - - [25/Sep/2025:10:13:32 +0000] "GET /api/v1/user/getCourse?courseId=68d2411483e36484e6953424 HTTP/1.1" 200 2880 "http://localhost:3000/" "Mozilla/5.0 (X11; Linux x86_64) AppleWebKit/537.36 (KHTML, like Gecko) Chrome/132.0.0.0 Safari/537.36"
::1 - - [25/Sep/2025:10:13:39 +0000] "OPTIONS /api/v1/user/create-course-checkout-session HTTP/1.1" 204 0 "http://localhost:3000/" "Mozilla/5.0 (X11; Linux x86_64) AppleWebKit/537.36 (KHTML, like Gecko) Chrome/132.0.0.0 Safari/537.36"
::1 - - [25/Sep/2025:10:13:39 +0000] "POST /api/v1/user/create-course-checkout-session HTTP/1.1" 500 1275 "http://localhost:3000/" "Mozilla/5.0 (X11; Linux x86_64) AppleWebKit/537.36 (KHTML, like Gecko) Chrome/132.0.0.0 Safari/537.36"
::1 - - [25/Sep/2025:10:14:50 +0000] "OPTIONS /api/v1/user/login HTTP/1.1" 204 0 "http://localhost:3000/" "Mozilla/5.0 (X11; Linux x86_64) AppleWebKit/537.36 (KHTML, like Gecko) Chrome/132.0.0.0 Safari/537.36"
::1 - - [25/Sep/2025:10:14:50 +0000] "POST /api/v1/user/login HTTP/1.1" 200 553 "http://localhost:3000/" "Mozilla/5.0 (X11; Linux x86_64) AppleWebKit/537.36 (KHTML, like Gecko) Chrome/132.0.0.0 Safari/537.36"
::1 - - [25/Sep/2025:10:14:51 +0000] "GET /api/v1/user/getImg HTTP/1.1" 200 174 "http://localhost:3000/" "Mozilla/5.0 (X11; Linux x86_64) AppleWebKit/537.36 (KHTML, like Gecko) Chrome/132.0.0.0 Safari/537.36"
::1 - - [25/Sep/2025:10:14:52 +0000] "GET /api/v1/user/home HTTP/1.1" 200 257 "http://localhost:3000/" "Mozilla/5.0 (X11; Linux x86_64) AppleWebKit/537.36 (KHTML, like Gecko) Chrome/132.0.0.0 Safari/537.36"
::1 - - [25/Sep/2025:10:14:52 +0000] "GET /api/v1/user/home HTTP/1.1" 200 257 "http://localhost:3000/" "Mozilla/5.0 (X11; Linux x86_64) AppleWebKit/537.36 (KHTML, like Gecko) Chrome/132.0.0.0 Safari/537.36"
::1 - - [25/Sep/2025:10:14:52 +0000] "GET /api/v1/user/getImg HTTP/1.1" 200 174 "http://localhost:3000/" "Mozilla/5.0 (X11; Linux x86_64) AppleWebKit/537.36 (KHTML, like Gecko) Chrome/132.0.0.0 Safari/537.36"
::1 - - [25/Sep/2025:10:14:52 +0000] "GET /api/v1/user/getInstructor?page=1&limit=5&searchTerm=&category= HTTP/1.1" 200 2055 "http://localhost:3000/" "Mozilla/5.0 (X11; Linux x86_64) AppleWebKit/537.36 (KHTML, like Gecko) Chrome/132.0.0.0 Safari/537.36"
::1 - - [25/Sep/2025:10:14:52 +0000] "GET /api/v1/user/getInstructor?page=1&limit=5&searchTerm=&category= HTTP/1.1" 200 2055 "http://localhost:3000/" "Mozilla/5.0 (X11; Linux x86_64) AppleWebKit/537.36 (KHTML, like Gecko) Chrome/132.0.0.0 Safari/537.36"
::ffff:127.0.0.1 - - [25/Sep/2025:10:14:54 +0000] "GET /api/v1/user/getInstructorData?id=67375415e0ee19a15a41924d&token=eyJhbGciOiJIUzI1NiIsInR5cCI6IkpXVCJ9.eyJpZCI6IjY4YWViZDg1ZmM1N2M2YmFhMWY2ZDgwMSIsImVtYWlsIjoiamtAZ21haWwuY29tIiwicm9sZSI6IlVzZXIiLCJpYXQiOjE3NTg3OTUyOTAsImV4cCI6MTc1ODc5Njc5MH0.UaoZewtgrdv5Fwkd3RUPjSL_dPJbIyP9GENnGHst9Lk HTTP/1.1" 200 3628 "-" "axios/1.11.0"
::1 - - [25/Sep/2025:10:14:55 +0000] "GET /api/v1/user/getImg HTTP/1.1" 200 174 "http://localhost:3000/" "Mozilla/5.0 (X11; Linux x86_64) AppleWebKit/537.36 (KHTML, like Gecko) Chrome/132.0.0.0 Safari/537.36"
::1 - - [25/Sep/2025:10:14:55 +0000] "GET /api/v1/user/getImg HTTP/1.1" 200 174 "http://localhost:3000/" "Mozilla/5.0 (X11; Linux x86_64) AppleWebKit/537.36 (KHTML, like Gecko) Chrome/132.0.0.0 Safari/537.36"
::1 - - [25/Sep/2025:10:14:58 +0000] "GET /api/v1/user/getCourse?courseId=68d2411483e36484e6953424 HTTP/1.1" 200 2880 "http://localhost:3000/" "Mozilla/5.0 (X11; Linux x86_64) AppleWebKit/537.36 (KHTML, like Gecko) Chrome/132.0.0.0 Safari/537.36"
::1 - - [25/Sep/2025:10:14:58 +0000] "GET /api/v1/user/getCourse?courseId=68d2411483e36484e6953424 HTTP/1.1" 200 2880 "http://localhost:3000/" "Mozilla/5.0 (X11; Linux x86_64) AppleWebKit/537.36 (KHTML, like Gecko) Chrome/132.0.0.0 Safari/537.36"
::1 - - [25/Sep/2025:10:15:00 +0000] "OPTIONS /api/v1/user/create-course-checkout-session HTTP/1.1" 204 0 "http://localhost:3000/" "Mozilla/5.0 (X11; Linux x86_64) AppleWebKit/537.36 (KHTML, like Gecko) Chrome/132.0.0.0 Safari/537.36"
::1 - - [25/Sep/2025:10:15:01 +0000] "POST /api/v1/user/create-course-checkout-session HTTP/1.1" 200 494 "http://localhost:3000/" "Mozilla/5.0 (X11; Linux x86_64) AppleWebKit/537.36 (KHTML, like Gecko) Chrome/132.0.0.0 Safari/537.36"
::1 - - [25/Sep/2025:10:15:49 +0000] "GET /api/v1/user/getImg HTTP/1.1" 200 174 "http://localhost:3000/" "Mozilla/5.0 (X11; Linux x86_64) AppleWebKit/537.36 (KHTML, like Gecko) Chrome/132.0.0.0 Safari/537.36"
::1 - - [25/Sep/2025:10:17:18 +0000] "GET /api/v1/user/getImg HTTP/1.1" 200 174 "http://localhost:3000/" "Mozilla/5.0 (X11; Linux x86_64) AppleWebKit/537.36 (KHTML, like Gecko) Chrome/132.0.0.0 Safari/537.36"
::1 - - [25/Sep/2025:10:17:18 +0000] "GET /api/v1/user/home HTTP/1.1" 200 257 "http://localhost:3000/" "Mozilla/5.0 (X11; Linux x86_64) AppleWebKit/537.36 (KHTML, like Gecko) Chrome/132.0.0.0 Safari/537.36"
::1 - - [25/Sep/2025:10:17:18 +0000] "GET /api/v1/user/getImg HTTP/1.1" 200 174 "http://localhost:3000/" "Mozilla/5.0 (X11; Linux x86_64) AppleWebKit/537.36 (KHTML, like Gecko) Chrome/132.0.0.0 Safari/537.36"
::1 - - [25/Sep/2025:10:17:18 +0000] "GET /api/v1/user/getInstructor?page=1&limit=5&searchTerm=&category= HTTP/1.1" 200 2055 "http://localhost:3000/" "Mozilla/5.0 (X11; Linux x86_64) AppleWebKit/537.36 (KHTML, like Gecko) Chrome/132.0.0.0 Safari/537.36"
::1 - - [25/Sep/2025:10:17:18 +0000] "GET /api/v1/user/home HTTP/1.1" 200 257 "http://localhost:3000/" "Mozilla/5.0 (X11; Linux x86_64) AppleWebKit/537.36 (KHTML, like Gecko) Chrome/132.0.0.0 Safari/537.36"
::1 - - [25/Sep/2025:10:17:18 +0000] "GET /api/v1/user/getInstructor?page=1&limit=5&searchTerm=&category= HTTP/1.1" 200 2055 "http://localhost:3000/" "Mozilla/5.0 (X11; Linux x86_64) AppleWebKit/537.36 (KHTML, like Gecko) Chrome/132.0.0.0 Safari/537.36"
::ffff:127.0.0.1 - - [25/Sep/2025:10:17:20 +0000] "GET /api/v1/user/getInstructorData?id=67375415e0ee19a15a41924d&token=eyJhbGciOiJIUzI1NiIsInR5cCI6IkpXVCJ9.eyJpZCI6IjY4YWViZDg1ZmM1N2M2YmFhMWY2ZDgwMSIsImVtYWlsIjoiamtAZ21haWwuY29tIiwicm9sZSI6IlVzZXIiLCJpYXQiOjE3NTg3OTUyOTAsImV4cCI6MTc1ODc5Njc5MH0.UaoZewtgrdv5Fwkd3RUPjSL_dPJbIyP9GENnGHst9Lk HTTP/1.1" 200 3628 "-" "axios/1.11.0"
::1 - - [25/Sep/2025:10:17:20 +0000] "GET /api/v1/user/getImg HTTP/1.1" 200 174 "http://localhost:3000/" "Mozilla/5.0 (X11; Linux x86_64) AppleWebKit/537.36 (KHTML, like Gecko) Chrome/132.0.0.0 Safari/537.36"
::1 - - [25/Sep/2025:10:17:20 +0000] "GET /api/v1/user/getImg HTTP/1.1" 200 174 "http://localhost:3000/" "Mozilla/5.0 (X11; Linux x86_64) AppleWebKit/537.36 (KHTML, like Gecko) Chrome/132.0.0.0 Safari/537.36"
::1 - - [25/Sep/2025:10:17:23 +0000] "GET /api/v1/user/getCourse?courseId=68d2411483e36484e6953424 HTTP/1.1" 200 2880 "http://localhost:3000/" "Mozilla/5.0 (X11; Linux x86_64) AppleWebKit/537.36 (KHTML, like Gecko) Chrome/132.0.0.0 Safari/537.36"
::1 - - [25/Sep/2025:10:17:23 +0000] "GET /api/v1/user/getCourse?courseId=68d2411483e36484e6953424 HTTP/1.1" 200 2880 "http://localhost:3000/" "Mozilla/5.0 (X11; Linux x86_64) AppleWebKit/537.36 (KHTML, like Gecko) Chrome/132.0.0.0 Safari/537.36"
::1 - - [25/Sep/2025:10:17:25 +0000] "OPTIONS /api/v1/user/create-course-checkout-session HTTP/1.1" 204 0 "http://localhost:3000/" "Mozilla/5.0 (X11; Linux x86_64) AppleWebKit/537.36 (KHTML, like Gecko) Chrome/132.0.0.0 Safari/537.36"
::1 - - [25/Sep/2025:10:17:26 +0000] "POST /api/v1/user/create-course-checkout-session HTTP/1.1" 200 494 "http://localhost:3000/" "Mozilla/5.0 (X11; Linux x86_64) AppleWebKit/537.36 (KHTML, like Gecko) Chrome/132.0.0.0 Safari/537.36"
::1 - - [25/Sep/2025:10:18:00 +0000] "GET /api/v1/user/getImg HTTP/1.1" 200 174 "http://localhost:3000/" "Mozilla/5.0 (X11; Linux x86_64) AppleWebKit/537.36 (KHTML, like Gecko) Chrome/132.0.0.0 Safari/537.36"
::1 - - [25/Sep/2025:10:23:26 +0000] "GET /api/v1/user/home HTTP/1.1" 304 - "http://localhost:3000/" "Mozilla/5.0 (X11; Linux x86_64) AppleWebKit/537.36 (KHTML, like Gecko) Chrome/132.0.0.0 Safari/537.36"
::1 - - [25/Sep/2025:10:23:26 +0000] "GET /api/v1/user/getImg HTTP/1.1" 304 - "http://localhost:3000/" "Mozilla/5.0 (X11; Linux x86_64) AppleWebKit/537.36 (KHTML, like Gecko) Chrome/132.0.0.0 Safari/537.36"
::1 - - [25/Sep/2025:10:23:26 +0000] "GET /api/v1/user/getInstructor?page=1&limit=5&searchTerm=&category= HTTP/1.1" 304 - "http://localhost:3000/" "Mozilla/5.0 (X11; Linux x86_64) AppleWebKit/537.36 (KHTML, like Gecko) Chrome/132.0.0.0 Safari/537.36"
::1 - - [25/Sep/2025:10:23:52 +0000] "OPTIONS /api/v1/instructor/login HTTP/1.1" 204 0 "http://localhost:3000/" "Mozilla/5.0 (X11; Linux x86_64) AppleWebKit/537.36 (KHTML, like Gecko) Chrome/132.0.0.0 Safari/537.36"
::1 - - [25/Sep/2025:10:23:53 +0000] "POST /api/v1/instructor/login HTTP/1.1" 200 561 "http://localhost:3000/" "Mozilla/5.0 (X11; Linux x86_64) AppleWebKit/537.36 (KHTML, like Gecko) Chrome/132.0.0.0 Safari/537.36"
::1 - - [25/Sep/2025:10:23:59 +0000] "GET /api/v1/instructor/getImg HTTP/1.1" 200 161 "http://localhost:3000/" "Mozilla/5.0 (X11; Linux x86_64) AppleWebKit/537.36 (KHTML, like Gecko) Chrome/132.0.0.0 Safari/537.36"
::1 - - [25/Sep/2025:10:23:59 +0000] "GET /api/v1/instructor/getImg HTTP/1.1" 304 - "http://localhost:3000/" "Mozilla/5.0 (X11; Linux x86_64) AppleWebKit/537.36 (KHTML, like Gecko) Chrome/132.0.0.0 Safari/537.36"
::1 - - [25/Sep/2025:10:23:59 +0000] "GET /api/v1/instructor/getWallet?token=eyJhbGciOiJIUzI1NiIsInR5cCI6IkpXVCJ9.eyJpZCI6IjY3Mzc1NDE1ZTBlZTE5YTE1YTQxOTI0ZCIsImVtYWlsIjoicmFzaGFhQGdtYWlsLmNvbSIsInJvbGUiOiJJbnN0cnVjdG9yIiwiaWF0IjoxNzU4Nzk1ODMzLCJleHAiOjE3NTg3OTczMzN9.QbGqhou5bp0jdsjpM5ceta37Ln-Aqx1jVtgOTGien3w HTTP/1.1" 200 35446 "http://localhost:3000/" "Mozilla/5.0 (X11; Linux x86_64) AppleWebKit/537.36 (KHTML, like Gecko) Chrome/132.0.0.0 Safari/537.36"
::1 - - [25/Sep/2025:10:23:59 +0000] "GET /api/v1/instructor/getWallet?token=eyJhbGciOiJIUzI1NiIsInR5cCI6IkpXVCJ9.eyJpZCI6IjY3Mzc1NDE1ZTBlZTE5YTE1YTQxOTI0ZCIsImVtYWlsIjoicmFzaGFhQGdtYWlsLmNvbSIsInJvbGUiOiJJbnN0cnVjdG9yIiwiaWF0IjoxNzU4Nzk1ODMzLCJleHAiOjE3NTg3OTczMzN9.QbGqhou5bp0jdsjpM5ceta37Ln-Aqx1jVtgOTGien3w HTTP/1.1" 304 - "http://localhost:3000/" "Mozilla/5.0 (X11; Linux x86_64) AppleWebKit/537.36 (KHTML, like Gecko) Chrome/132.0.0.0 Safari/537.36"
::1 - - [25/Sep/2025:10:23:59 +0000] "GET /api/v1/instructor/getEvents HTTP/1.1" 200 1347 "http://localhost:3000/" "Mozilla/5.0 (X11; Linux x86_64) AppleWebKit/537.36 (KHTML, like Gecko) Chrome/132.0.0.0 Safari/537.36"
::1 - - [25/Sep/2025:10:23:59 +0000] "GET /api/v1/instructor/getEvents HTTP/1.1" 304 - "http://localhost:3000/" "Mozilla/5.0 (X11; Linux x86_64) AppleWebKit/537.36 (KHTML, like Gecko) Chrome/132.0.0.0 Safari/537.36"
::1 - - [25/Sep/2025:10:24:26 +0000] "GET /api/v1/instructor/courseData HTTP/1.1" 200 1120 "http://localhost:3000/" "Mozilla/5.0 (X11; Linux x86_64) AppleWebKit/537.36 (KHTML, like Gecko) Chrome/132.0.0.0 Safari/537.36"
::1 - - [25/Sep/2025:10:24:26 +0000] "GET /api/v1/instructor/getImg HTTP/1.1" 304 - "http://localhost:3000/" "Mozilla/5.0 (X11; Linux x86_64) AppleWebKit/537.36 (KHTML, like Gecko) Chrome/132.0.0.0 Safari/537.36"
::1 - - [25/Sep/2025:10:24:26 +0000] "GET /api/v1/instructor/getImg HTTP/1.1" 304 - "http://localhost:3000/" "Mozilla/5.0 (X11; Linux x86_64) AppleWebKit/537.36 (KHTML, like Gecko) Chrome/132.0.0.0 Safari/537.36"
::1 - - [25/Sep/2025:10:24:26 +0000] "GET /api/v1/instructor/courseData HTTP/1.1" 304 - "http://localhost:3000/" "Mozilla/5.0 (X11; Linux x86_64) AppleWebKit/537.36 (KHTML, like Gecko) Chrome/132.0.0.0 Safari/537.36"
::1 - - [25/Sep/2025:10:24:31 +0000] "GET /api/v1/instructor/getImg HTTP/1.1" 304 - "http://localhost:3000/" "Mozilla/5.0 (X11; Linux x86_64) AppleWebKit/537.36 (KHTML, like Gecko) Chrome/132.0.0.0 Safari/537.36"
::1 - - [25/Sep/2025:10:24:31 +0000] "GET /api/v1/instructor/getImg HTTP/1.1" 304 - "http://localhost:3000/" "Mozilla/5.0 (X11; Linux x86_64) AppleWebKit/537.36 (KHTML, like Gecko) Chrome/132.0.0.0 Safari/537.36"
::1 - - [25/Sep/2025:10:24:31 +0000] "GET /api/v1/instructor/getSlot HTTP/1.1" 500 854 "http://localhost:3000/" "Mozilla/5.0 (X11; Linux x86_64) AppleWebKit/537.36 (KHTML, like Gecko) Chrome/132.0.0.0 Safari/537.36"
::1 - - [25/Sep/2025:10:24:31 +0000] "GET /api/v1/instructor/getSlot HTTP/1.1" 500 854 "http://localhost:3000/" "Mozilla/5.0 (X11; Linux x86_64) AppleWebKit/537.36 (KHTML, like Gecko) Chrome/132.0.0.0 Safari/537.36"
::1 - - [25/Sep/2025:10:24:31 +0000] "GET /api/v1/instructor/BundleData HTTP/1.1" 200 1990 "http://localhost:3000/" "Mozilla/5.0 (X11; Linux x86_64) AppleWebKit/537.36 (KHTML, like Gecko) Chrome/132.0.0.0 Safari/537.36"
::1 - - [25/Sep/2025:10:24:31 +0000] "GET /api/v1/instructor/BundleData HTTP/1.1" 304 - "http://localhost:3000/" "Mozilla/5.0 (X11; Linux x86_64) AppleWebKit/537.36 (KHTML, like Gecko) Chrome/132.0.0.0 Safari/537.36"
::1 - - [25/Sep/2025:10:25:25 +0000] "GET /api/v1/instructor/getImg HTTP/1.1" 200 161 "http://localhost:3000/" "Mozilla/5.0 (X11; Linux x86_64) AppleWebKit/537.36 (KHTML, like Gecko) Chrome/132.0.0.0 Safari/537.36"
::1 - - [25/Sep/2025:10:25:25 +0000] "GET /api/v1/instructor/BundleData HTTP/1.1" 200 1990 "http://localhost:3000/" "Mozilla/5.0 (X11; Linux x86_64) AppleWebKit/537.36 (KHTML, like Gecko) Chrome/132.0.0.0 Safari/537.36"
::1 - - [25/Sep/2025:10:25:25 +0000] "GET /api/v1/instructor/getSlot HTTP/1.1" 500 854 "http://localhost:3000/" "Mozilla/5.0 (X11; Linux x86_64) AppleWebKit/537.36 (KHTML, like Gecko) Chrome/132.0.0.0 Safari/537.36"
::1 - - [25/Sep/2025:10:25:54 +0000] "GET /api/v1/instructor/getImg HTTP/1.1" 200 161 "http://localhost:3000/" "Mozilla/5.0 (X11; Linux x86_64) AppleWebKit/537.36 (KHTML, like Gecko) Chrome/132.0.0.0 Safari/537.36"
::1 - - [25/Sep/2025:10:25:54 +0000] "GET /api/v1/instructor/getImg HTTP/1.1" 200 161 "http://localhost:3000/" "Mozilla/5.0 (X11; Linux x86_64) AppleWebKit/537.36 (KHTML, like Gecko) Chrome/132.0.0.0 Safari/537.36"
::1 - - [25/Sep/2025:10:25:54 +0000] "GET /api/v1/instructor/getEvents HTTP/1.1" 200 1347 "http://localhost:3000/" "Mozilla/5.0 (X11; Linux x86_64) AppleWebKit/537.36 (KHTML, like Gecko) Chrome/132.0.0.0 Safari/537.36"
::1 - - [25/Sep/2025:10:25:54 +0000] "GET /api/v1/instructor/getEvents HTTP/1.1" 200 1347 "http://localhost:3000/" "Mozilla/5.0 (X11; Linux x86_64) AppleWebKit/537.36 (KHTML, like Gecko) Chrome/132.0.0.0 Safari/537.36"
::1 - - [25/Sep/2025:10:26:05 +0000] "GET /api/v1/instructor/getImg HTTP/1.1" 200 161 "http://localhost:3000/" "Mozilla/5.0 (X11; Linux x86_64) AppleWebKit/537.36 (KHTML, like Gecko) Chrome/132.0.0.0 Safari/537.36"
::1 - - [25/Sep/2025:10:26:05 +0000] "GET /api/v1/instructor/getImg HTTP/1.1" 200 161 "http://localhost:3000/" "Mozilla/5.0 (X11; Linux x86_64) AppleWebKit/537.36 (KHTML, like Gecko) Chrome/132.0.0.0 Safari/537.36"
