::1 - - [09/Sep/2025:14:04:18 +0000] "GET /api/v1/user/home HTTP/1.1" - - "http://localhost:3000/" "Mozilla/5.0 (X11; Linux x86_64) AppleWebKit/537.36 (KHTML, like Gecko) Chrome/132.0.0.0 Safari/537.36"
::1 - - [09/Sep/2025:14:04:18 +0000] "GET /api/v1/user/getInstructor?page=1&limit=5&searchTerm=&category= HTTP/1.1" - - "http://localhost:3000/" "Mozilla/5.0 (X11; Linux x86_64) AppleWebKit/537.36 (KHTML, like Gecko) Chrome/132.0.0.0 Safari/537.36"
::1 - - [09/Sep/2025:14:04:18 +0000] "GET /api/v1/user/getImg HTTP/1.1" - - "http://localhost:3000/" "Mozilla/5.0 (X11; Linux x86_64) AppleWebKit/537.36 (KHTML, like Gecko) Chrome/132.0.0.0 Safari/537.36"
::1 - - [09/Sep/2025:14:04:19 +0000] "GET /api/v1/user/getInstructor?page=1&limit=5&searchTerm=&category= HTTP/1.1" 200 1908 "http://localhost:3000/" "Mozilla/5.0 (X11; Linux x86_64) AppleWebKit/537.36 (KHTML, like Gecko) Chrome/132.0.0.0 Safari/537.36"
::1 - - [09/Sep/2025:14:04:19 +0000] "GET /api/v1/user/getImg HTTP/1.1" 200 174 "http://localhost:3000/" "Mozilla/5.0 (X11; Linux x86_64) AppleWebKit/537.36 (KHTML, like Gecko) Chrome/132.0.0.0 Safari/537.36"
::1 - - [09/Sep/2025:14:04:19 +0000] "GET /api/v1/user/home HTTP/1.1" 200 98 "http://localhost:3000/" "Mozilla/5.0 (X11; Linux x86_64) AppleWebKit/537.36 (KHTML, like Gecko) Chrome/132.0.0.0 Safari/537.36"
::ffff:127.0.0.1 - - [09/Sep/2025:14:04:22 +0000] "GET /api/v1/user/getInstructorData?id=67375415e0ee19a15a41924d&token=eyJhbGciOiJIUzI1NiIsInR5cCI6IkpXVCJ9.eyJpZCI6IjY4YWViZDg1ZmM1N2M2YmFhMWY2ZDgwMSIsImVtYWlsIjoiamtAZ21haWwuY29tIiwicm9sZSI6IlVzZXIiLCJpYXQiOjE3NTc0MjY0NDMsImV4cCI6MTc1NzQyNzk0M30.zBAcKZzx8MtzWGU-FQFX2NnN21i-Oq0G-KDdmbg2Vb8 HTTP/1.1" 200 3196 "-" "axios/1.11.0"
::1 - - [09/Sep/2025:14:04:22 +0000] "GET /api/v1/user/getImg HTTP/1.1" 304 - "http://localhost:3000/" "Mozilla/5.0 (X11; Linux x86_64) AppleWebKit/537.36 (KHTML, like Gecko) Chrome/132.0.0.0 Safari/537.36"
::1 - - [09/Sep/2025:14:04:22 +0000] "GET /api/v1/user/getImg HTTP/1.1" 304 - "http://localhost:3000/" "Mozilla/5.0 (X11; Linux x86_64) AppleWebKit/537.36 (KHTML, like Gecko) Chrome/132.0.0.0 Safari/537.36"
::1 - - [09/Sep/2025:14:04:24 +0000] "OPTIONS /api/v1/user/create-checkout-session HTTP/1.1" 204 0 "http://localhost:3000/" "Mozilla/5.0 (X11; Linux x86_64) AppleWebKit/537.36 (KHTML, like Gecko) Chrome/132.0.0.0 Safari/537.36"
::1 - - [09/Sep/2025:14:04:25 +0000] "POST /api/v1/user/create-checkout-session HTTP/1.1" 200 454 "http://localhost:3000/" "Mozilla/5.0 (X11; Linux x86_64) AppleWebKit/537.36 (KHTML, like Gecko) Chrome/132.0.0.0 Safari/537.36"
::1 - - [09/Sep/2025:14:05:03 +0000] "GET /api/v1/user/getImg HTTP/1.1" 304 - "http://localhost:3000/" "Mozilla/5.0 (X11; Linux x86_64) AppleWebKit/537.36 (KHTML, like Gecko) Chrome/132.0.0.0 Safari/537.36"
::ffff:127.0.0.1 - - [09/Sep/2025:14:06:05 +0000] "GET /api/v1/user/getInstructorData?id=67374c88e0ee19a15a419249&token=eyJhbGciOiJIUzI1NiIsInR5cCI6IkpXVCJ9.eyJpZCI6IjY4YWViZDg1ZmM1N2M2YmFhMWY2ZDgwMSIsImVtYWlsIjoiamtAZ21haWwuY29tIiwicm9sZSI6IlVzZXIiLCJpYXQiOjE3NTc0MjY0NDMsImV4cCI6MTc1NzQyNzk0M30.zBAcKZzx8MtzWGU-FQFX2NnN21i-Oq0G-KDdmbg2Vb8 HTTP/1.1" 200 2521 "-" "axios/1.11.0"
::1 - - [09/Sep/2025:14:06:07 +0000] "GET /api/v1/user/getImg HTTP/1.1" 304 - "http://localhost:3000/" "Mozilla/5.0 (X11; Linux x86_64) AppleWebKit/537.36 (KHTML, like Gecko) Chrome/132.0.0.0 Safari/537.36"
::1 - - [09/Sep/2025:14:06:11 +0000] "GET /api/v1/user/getImg HTTP/1.1" 304 - "http://localhost:3000/" "Mozilla/5.0 (X11; Linux x86_64) AppleWebKit/537.36 (KHTML, like Gecko) Chrome/132.0.0.0 Safari/537.36"
::1 - - [09/Sep/2025:14:06:16 +0000] "GET /api/v1/user/getImg HTTP/1.1" 304 - "http://localhost:3000/" "Mozilla/5.0 (X11; Linux x86_64) AppleWebKit/537.36 (KHTML, like Gecko) Chrome/132.0.0.0 Safari/537.36"
::1 - - [09/Sep/2025:14:06:16 +0000] "GET /api/v1/user/getInstructor?page=1&limit=5&searchTerm=&category= HTTP/1.1" 304 - "http://localhost:3000/" "Mozilla/5.0 (X11; Linux x86_64) AppleWebKit/537.36 (KHTML, like Gecko) Chrome/132.0.0.0 Safari/537.36"
::1 - - [09/Sep/2025:14:06:16 +0000] "GET /api/v1/user/home HTTP/1.1" 304 - "http://localhost:3000/" "Mozilla/5.0 (X11; Linux x86_64) AppleWebKit/537.36 (KHTML, like Gecko) Chrome/132.0.0.0 Safari/537.36"
::ffff:127.0.0.1 - - [09/Sep/2025:14:06:18 +0000] "GET /api/v1/user/getInstructorData?id=67375415e0ee19a15a41924d&token=eyJhbGciOiJIUzI1NiIsInR5cCI6IkpXVCJ9.eyJpZCI6IjY4YWViZDg1ZmM1N2M2YmFhMWY2ZDgwMSIsImVtYWlsIjoiamtAZ21haWwuY29tIiwicm9sZSI6IlVzZXIiLCJpYXQiOjE3NTc0MjY0NDMsImV4cCI6MTc1NzQyNzk0M30.zBAcKZzx8MtzWGU-FQFX2NnN21i-Oq0G-KDdmbg2Vb8 HTTP/1.1" 200 3196 "-" "axios/1.11.0"
::1 - - [09/Sep/2025:14:06:18 +0000] "GET /api/v1/user/getImg HTTP/1.1" 304 - "http://localhost:3000/" "Mozilla/5.0 (X11; Linux x86_64) AppleWebKit/537.36 (KHTML, like Gecko) Chrome/132.0.0.0 Safari/537.36"
::1 - - [09/Sep/2025:14:06:18 +0000] "GET /api/v1/user/getImg HTTP/1.1" 304 - "http://localhost:3000/" "Mozilla/5.0 (X11; Linux x86_64) AppleWebKit/537.36 (KHTML, like Gecko) Chrome/132.0.0.0 Safari/537.36"
::1 - - [09/Sep/2025:14:06:20 +0000] "OPTIONS /api/v1/user/create-checkout-session HTTP/1.1" 204 0 "http://localhost:3000/" "Mozilla/5.0 (X11; Linux x86_64) AppleWebKit/537.36 (KHTML, like Gecko) Chrome/132.0.0.0 Safari/537.36"
::1 - - [09/Sep/2025:14:06:20 +0000] "POST /api/v1/user/create-checkout-session HTTP/1.1" 500 1296 "http://localhost:3000/" "Mozilla/5.0 (X11; Linux x86_64) AppleWebKit/537.36 (KHTML, like Gecko) Chrome/132.0.0.0 Safari/537.36"
::1 - - [09/Sep/2025:14:07:33 +0000] "GET /api/v1/user/getImg HTTP/1.1" 304 - "http://localhost:3000/" "Mozilla/5.0 (X11; Linux x86_64) AppleWebKit/537.36 (KHTML, like Gecko) Chrome/132.0.0.0 Safari/537.36"
::1 - - [09/Sep/2025:14:07:33 +0000] "GET /api/v1/user/home HTTP/1.1" 304 - "http://localhost:3000/" "Mozilla/5.0 (X11; Linux x86_64) AppleWebKit/537.36 (KHTML, like Gecko) Chrome/132.0.0.0 Safari/537.36"
::1 - - [09/Sep/2025:14:07:33 +0000] "GET /api/v1/user/getInstructor?page=1&limit=5&searchTerm=&category= HTTP/1.1" 304 - "http://localhost:3000/" "Mozilla/5.0 (X11; Linux x86_64) AppleWebKit/537.36 (KHTML, like Gecko) Chrome/132.0.0.0 Safari/537.36"
::1 - - [09/Sep/2025:14:07:33 +0000] "GET /api/v1/user/getImg HTTP/1.1" 304 - "http://localhost:3000/" "Mozilla/5.0 (X11; Linux x86_64) AppleWebKit/537.36 (KHTML, like Gecko) Chrome/132.0.0.0 Safari/537.36"
::1 - - [09/Sep/2025:14:07:33 +0000] "GET /api/v1/user/home HTTP/1.1" 304 - "http://localhost:3000/" "Mozilla/5.0 (X11; Linux x86_64) AppleWebKit/537.36 (KHTML, like Gecko) Chrome/132.0.0.0 Safari/537.36"
::1 - - [09/Sep/2025:14:07:33 +0000] "GET /api/v1/user/getInstructor?page=1&limit=5&searchTerm=&category= HTTP/1.1" 304 - "http://localhost:3000/" "Mozilla/5.0 (X11; Linux x86_64) AppleWebKit/537.36 (KHTML, like Gecko) Chrome/132.0.0.0 Safari/537.36"
::1 - - [09/Sep/2025:14:07:36 +0000] "GET /api/v1/user/getImg HTTP/1.1" 304 - "http://localhost:3000/" "Mozilla/5.0 (X11; Linux x86_64) AppleWebKit/537.36 (KHTML, like Gecko) Chrome/132.0.0.0 Safari/537.36"
::1 - - [09/Sep/2025:14:07:36 +0000] "GET /api/v1/user/home HTTP/1.1" 304 - "http://localhost:3000/" "Mozilla/5.0 (X11; Linux x86_64) AppleWebKit/537.36 (KHTML, like Gecko) Chrome/132.0.0.0 Safari/537.36"
::1 - - [09/Sep/2025:14:07:36 +0000] "GET /api/v1/user/getInstructor?page=1&limit=5&searchTerm=&category= HTTP/1.1" 304 - "http://localhost:3000/" "Mozilla/5.0 (X11; Linux x86_64) AppleWebKit/537.36 (KHTML, like Gecko) Chrome/132.0.0.0 Safari/537.36"
::1 - - [09/Sep/2025:14:07:43 +0000] "GET /api/v1/user/home HTTP/1.1" 304 - "http://localhost:3000/" "Mozilla/5.0 (X11; Linux x86_64) AppleWebKit/537.36 (KHTML, like Gecko) Chrome/132.0.0.0 Safari/537.36"
::1 - - [09/Sep/2025:14:07:43 +0000] "GET /api/v1/user/getImg HTTP/1.1" 304 - "http://localhost:3000/" "Mozilla/5.0 (X11; Linux x86_64) AppleWebKit/537.36 (KHTML, like Gecko) Chrome/132.0.0.0 Safari/537.36"
::1 - - [09/Sep/2025:14:07:43 +0000] "GET /api/v1/user/getInstructor?page=1&limit=5&searchTerm=&category= HTTP/1.1" 304 - "http://localhost:3000/" "Mozilla/5.0 (X11; Linux x86_64) AppleWebKit/537.36 (KHTML, like Gecko) Chrome/132.0.0.0 Safari/537.36"
::ffff:127.0.0.1 - - [09/Sep/2025:14:07:46 +0000] "GET /api/v1/user/getInstructorData?id=67375415e0ee19a15a41924d&token=eyJhbGciOiJIUzI1NiIsInR5cCI6IkpXVCJ9.eyJpZCI6IjY4YWViZDg1ZmM1N2M2YmFhMWY2ZDgwMSIsImVtYWlsIjoiamtAZ21haWwuY29tIiwicm9sZSI6IlVzZXIiLCJpYXQiOjE3NTc0MjY0NDMsImV4cCI6MTc1NzQyNzk0M30.zBAcKZzx8MtzWGU-FQFX2NnN21i-Oq0G-KDdmbg2Vb8 HTTP/1.1" 200 3196 "-" "axios/1.11.0"
::1 - - [09/Sep/2025:14:07:46 +0000] "GET /api/v1/user/getImg HTTP/1.1" 304 - "http://localhost:3000/" "Mozilla/5.0 (X11; Linux x86_64) AppleWebKit/537.36 (KHTML, like Gecko) Chrome/132.0.0.0 Safari/537.36"
::1 - - [09/Sep/2025:14:07:46 +0000] "GET /api/v1/user/getImg HTTP/1.1" 304 - "http://localhost:3000/" "Mozilla/5.0 (X11; Linux x86_64) AppleWebKit/537.36 (KHTML, like Gecko) Chrome/132.0.0.0 Safari/537.36"
::1 - - [09/Sep/2025:14:07:55 +0000] "OPTIONS /api/v1/user/create-checkout-session HTTP/1.1" 204 0 "http://localhost:3000/" "Mozilla/5.0 (X11; Linux x86_64) AppleWebKit/537.36 (KHTML, like Gecko) Chrome/132.0.0.0 Safari/537.36"
::1 - - [09/Sep/2025:14:07:55 +0000] "POST /api/v1/user/create-checkout-session HTTP/1.1" 500 1296 "http://localhost:3000/" "Mozilla/5.0 (X11; Linux x86_64) AppleWebKit/537.36 (KHTML, like Gecko) Chrome/132.0.0.0 Safari/537.36"
::1 - - [09/Sep/2025:14:09:11 +0000] "OPTIONS /api/v1/user/login HTTP/1.1" 204 0 "http://localhost:3000/" "Mozilla/5.0 (X11; Linux x86_64) AppleWebKit/537.36 (KHTML, like Gecko) Chrome/132.0.0.0 Safari/537.36"
::1 - - [09/Sep/2025:14:09:11 +0000] "POST /api/v1/user/login HTTP/1.1" 200 76 "http://localhost:3000/" "Mozilla/5.0 (X11; Linux x86_64) AppleWebKit/537.36 (KHTML, like Gecko) Chrome/132.0.0.0 Safari/537.36"
::1 - - [09/Sep/2025:14:09:21 +0000] "OPTIONS /api/v1/user/login HTTP/1.1" 204 0 "http://localhost:3000/" "Mozilla/5.0 (X11; Linux x86_64) AppleWebKit/537.36 (KHTML, like Gecko) Chrome/132.0.0.0 Safari/537.36"
::1 - - [09/Sep/2025:14:09:21 +0000] "POST /api/v1/user/login HTTP/1.1" 200 76 "http://localhost:3000/" "Mozilla/5.0 (X11; Linux x86_64) AppleWebKit/537.36 (KHTML, like Gecko) Chrome/132.0.0.0 Safari/537.36"
::1 - - [09/Sep/2025:14:09:42 +0000] "OPTIONS /api/v1/user/login HTTP/1.1" 204 0 "http://localhost:3000/" "Mozilla/5.0 (X11; Linux x86_64) AppleWebKit/537.36 (KHTML, like Gecko) Chrome/132.0.0.0 Safari/537.36"
::1 - - [09/Sep/2025:14:09:42 +0000] "POST /api/v1/user/login HTTP/1.1" 200 76 "http://localhost:3000/" "Mozilla/5.0 (X11; Linux x86_64) AppleWebKit/537.36 (KHTML, like Gecko) Chrome/132.0.0.0 Safari/537.36"
::1 - - [09/Sep/2025:14:10:40 +0000] "OPTIONS /api/v1/user/login HTTP/1.1" 204 0 "http://localhost:3000/" "Mozilla/5.0 (X11; Linux x86_64) AppleWebKit/537.36 (KHTML, like Gecko) Chrome/132.0.0.0 Safari/537.36"
::1 - - [09/Sep/2025:14:10:40 +0000] "POST /api/v1/user/login HTTP/1.1" 200 76 "http://localhost:3000/" "Mozilla/5.0 (X11; Linux x86_64) AppleWebKit/537.36 (KHTML, like Gecko) Chrome/132.0.0.0 Safari/537.36"
::1 - - [09/Sep/2025:14:11:44 +0000] "OPTIONS /api/v1/user/login HTTP/1.1" 204 0 "http://localhost:3000/" "Mozilla/5.0 (X11; Linux x86_64) AppleWebKit/537.36 (KHTML, like Gecko) Chrome/132.0.0.0 Safari/537.36"
::1 - - [09/Sep/2025:14:11:45 +0000] "POST /api/v1/user/login HTTP/1.1" 200 76 "http://localhost:3000/" "Mozilla/5.0 (X11; Linux x86_64) AppleWebKit/537.36 (KHTML, like Gecko) Chrome/132.0.0.0 Safari/537.36"
::1 - - [09/Sep/2025:14:13:09 +0000] "OPTIONS /api/v1/user/login HTTP/1.1" 204 0 "http://localhost:3000/" "Mozilla/5.0 (X11; Linux x86_64) AppleWebKit/537.36 (KHTML, like Gecko) Chrome/132.0.0.0 Safari/537.36"
::1 - - [09/Sep/2025:14:13:09 +0000] "POST /api/v1/user/login HTTP/1.1" 200 76 "http://localhost:3000/" "Mozilla/5.0 (X11; Linux x86_64) AppleWebKit/537.36 (KHTML, like Gecko) Chrome/132.0.0.0 Safari/537.36"
::1 - - [09/Sep/2025:14:13:34 +0000] "OPTIONS /api/v1/user/login HTTP/1.1" 204 0 "http://localhost:3000/" "Mozilla/5.0 (X11; Linux x86_64) AppleWebKit/537.36 (KHTML, like Gecko) Chrome/132.0.0.0 Safari/537.36"
::1 - - [09/Sep/2025:14:13:35 +0000] "POST /api/v1/user/login HTTP/1.1" 200 76 "http://localhost:3000/" "Mozilla/5.0 (X11; Linux x86_64) AppleWebKit/537.36 (KHTML, like Gecko) Chrome/132.0.0.0 Safari/537.36"
::1 - - [09/Sep/2025:14:14:28 +0000] "OPTIONS /api/v1/user/login HTTP/1.1" 204 0 "http://localhost:3000/" "Mozilla/5.0 (X11; Linux x86_64) AppleWebKit/537.36 (KHTML, like Gecko) Chrome/132.0.0.0 Safari/537.36"
::1 - - [09/Sep/2025:14:14:29 +0000] "POST /api/v1/user/login HTTP/1.1" 200 76 "http://localhost:3000/" "Mozilla/5.0 (X11; Linux x86_64) AppleWebKit/537.36 (KHTML, like Gecko) Chrome/132.0.0.0 Safari/537.36"
::1 - - [09/Sep/2025:14:17:40 +0000] "OPTIONS /api/v1/admin/verifyLogin HTTP/1.1" 204 0 "http://localhost:3000/" "Mozilla/5.0 (X11; Linux x86_64) AppleWebKit/537.36 (KHTML, like Gecko) Chrome/132.0.0.0 Safari/537.36"
::1 - - [09/Sep/2025:14:17:41 +0000] "POST /api/v1/admin/verifyLogin HTTP/1.1" 200 316 "http://localhost:3000/" "Mozilla/5.0 (X11; Linux x86_64) AppleWebKit/537.36 (KHTML, like Gecko) Chrome/132.0.0.0 Safari/537.36"
::1 - - [09/Sep/2025:14:17:48 +0000] "GET /api/v1/admin/fetchDetails HTTP/1.1" 304 - "http://localhost:3000/" "Mozilla/5.0 (X11; Linux x86_64) AppleWebKit/537.36 (KHTML, like Gecko) Chrome/132.0.0.0 Safari/537.36"
::1 - - [09/Sep/2025:14:17:48 +0000] "GET /api/v1/admin/fetchDetails HTTP/1.1" 304 - "http://localhost:3000/" "Mozilla/5.0 (X11; Linux x86_64) AppleWebKit/537.36 (KHTML, like Gecko) Chrome/132.0.0.0 Safari/537.36"
::1 - - [09/Sep/2025:14:17:48 +0000] "GET /api/v1/admin/getInstructor HTTP/1.1" 304 - "http://localhost:3000/" "Mozilla/5.0 (X11; Linux x86_64) AppleWebKit/537.36 (KHTML, like Gecko) Chrome/132.0.0.0 Safari/537.36"
::1 - - [09/Sep/2025:14:17:48 +0000] "GET /api/v1/admin/getUsers HTTP/1.1" 304 - "http://localhost:3000/" "Mozilla/5.0 (X11; Linux x86_64) AppleWebKit/537.36 (KHTML, like Gecko) Chrome/132.0.0.0 Safari/537.36"
::1 - - [09/Sep/2025:14:17:48 +0000] "GET /api/v1/admin/getInstructor HTTP/1.1" 304 - "http://localhost:3000/" "Mozilla/5.0 (X11; Linux x86_64) AppleWebKit/537.36 (KHTML, like Gecko) Chrome/132.0.0.0 Safari/537.36"
::1 - - [09/Sep/2025:14:17:48 +0000] "GET /api/v1/admin/getUsers HTTP/1.1" 304 - "http://localhost:3000/" "Mozilla/5.0 (X11; Linux x86_64) AppleWebKit/537.36 (KHTML, like Gecko) Chrome/132.0.0.0 Safari/537.36"
::1 - - [09/Sep/2025:14:17:48 +0000] "GET /api/v1/admin/getUsers HTTP/1.1" 304 - "http://localhost:3000/" "Mozilla/5.0 (X11; Linux x86_64) AppleWebKit/537.36 (KHTML, like Gecko) Chrome/132.0.0.0 Safari/537.36"
::1 - - [09/Sep/2025:14:17:48 +0000] "GET /api/v1/admin/getUsers HTTP/1.1" 304 - "http://localhost:3000/" "Mozilla/5.0 (X11; Linux x86_64) AppleWebKit/537.36 (KHTML, like Gecko) Chrome/132.0.0.0 Safari/537.36"
::1 - - [09/Sep/2025:14:17:48 +0000] "GET /api/v1/admin/getInstructor HTTP/1.1" 304 - "http://localhost:3000/" "Mozilla/5.0 (X11; Linux x86_64) AppleWebKit/537.36 (KHTML, like Gecko) Chrome/132.0.0.0 Safari/537.36"
::1 - - [09/Sep/2025:14:17:48 +0000] "GET /api/v1/admin/getInstructor HTTP/1.1" 304 - "http://localhost:3000/" "Mozilla/5.0 (X11; Linux x86_64) AppleWebKit/537.36 (KHTML, like Gecko) Chrome/132.0.0.0 Safari/537.36"
::1 - - [09/Sep/2025:14:19:56 +0000] "OPTIONS /api/v1/user/login HTTP/1.1" 204 0 "http://localhost:3000/" "Mozilla/5.0 (X11; Linux x86_64) AppleWebKit/537.36 (KHTML, like Gecko) Chrome/132.0.0.0 Safari/537.36"
::1 - - [09/Sep/2025:14:19:56 +0000] "POST /api/v1/user/login HTTP/1.1" 200 553 "http://localhost:3000/" "Mozilla/5.0 (X11; Linux x86_64) AppleWebKit/537.36 (KHTML, like Gecko) Chrome/132.0.0.0 Safari/537.36"
::1 - - [09/Sep/2025:14:20:01 +0000] "GET /api/v1/user/getImg HTTP/1.1" 200 174 "http://localhost:3000/" "Mozilla/5.0 (X11; Linux x86_64) AppleWebKit/537.36 (KHTML, like Gecko) Chrome/132.0.0.0 Safari/537.36"
::1 - - [09/Sep/2025:14:20:01 +0000] "GET /api/v1/user/home HTTP/1.1" 200 98 "http://localhost:3000/" "Mozilla/5.0 (X11; Linux x86_64) AppleWebKit/537.36 (KHTML, like Gecko) Chrome/132.0.0.0 Safari/537.36"
::1 - - [09/Sep/2025:14:20:01 +0000] "GET /api/v1/user/home HTTP/1.1" 200 98 "http://localhost:3000/" "Mozilla/5.0 (X11; Linux x86_64) AppleWebKit/537.36 (KHTML, like Gecko) Chrome/132.0.0.0 Safari/537.36"
::1 - - [09/Sep/2025:14:20:01 +0000] "GET /api/v1/user/getInstructor?page=1&limit=5&searchTerm=&category= HTTP/1.1" 200 1908 "http://localhost:3000/" "Mozilla/5.0 (X11; Linux x86_64) AppleWebKit/537.36 (KHTML, like Gecko) Chrome/132.0.0.0 Safari/537.36"
::1 - - [09/Sep/2025:14:20:01 +0000] "GET /api/v1/user/getImg HTTP/1.1" 200 174 "http://localhost:3000/" "Mozilla/5.0 (X11; Linux x86_64) AppleWebKit/537.36 (KHTML, like Gecko) Chrome/132.0.0.0 Safari/537.36"
::1 - - [09/Sep/2025:14:20:01 +0000] "GET /api/v1/user/getInstructor?page=1&limit=5&searchTerm=&category= HTTP/1.1" 200 1908 "http://localhost:3000/" "Mozilla/5.0 (X11; Linux x86_64) AppleWebKit/537.36 (KHTML, like Gecko) Chrome/132.0.0.0 Safari/537.36"
::ffff:127.0.0.1 - - [09/Sep/2025:14:20:10 +0000] "GET /api/v1/user/getInstructorData?id=67375415e0ee19a15a41924d&token=eyJhbGciOiJIUzI1NiIsInR5cCI6IkpXVCJ9.eyJpZCI6IjY4YWViZDg1ZmM1N2M2YmFhMWY2ZDgwMSIsImVtYWlsIjoiamtAZ21haWwuY29tIiwicm9sZSI6IlVzZXIiLCJpYXQiOjE3NTc0Mjc1OTYsImV4cCI6MTc1NzQyOTA5Nn0.lGrvn_zrA5CN9oc9neAcJNVKow3snenMIOjC20RzOzk HTTP/1.1" 200 3196 "-" "axios/1.11.0"
::1 - - [09/Sep/2025:14:20:11 +0000] "GET /api/v1/user/getImg HTTP/1.1" 200 174 "http://localhost:3000/" "Mozilla/5.0 (X11; Linux x86_64) AppleWebKit/537.36 (KHTML, like Gecko) Chrome/132.0.0.0 Safari/537.36"
::1 - - [09/Sep/2025:14:20:11 +0000] "GET /api/v1/user/getImg HTTP/1.1" 200 174 "http://localhost:3000/" "Mozilla/5.0 (X11; Linux x86_64) AppleWebKit/537.36 (KHTML, like Gecko) Chrome/132.0.0.0 Safari/537.36"
::1 - - [09/Sep/2025:14:20:14 +0000] "OPTIONS /api/v1/user/create-checkout-session HTTP/1.1" 204 0 "http://localhost:3000/" "Mozilla/5.0 (X11; Linux x86_64) AppleWebKit/537.36 (KHTML, like Gecko) Chrome/132.0.0.0 Safari/537.36"
::1 - - [09/Sep/2025:14:20:15 +0000] "POST /api/v1/user/create-checkout-session HTTP/1.1" 200 454 "http://localhost:3000/" "Mozilla/5.0 (X11; Linux x86_64) AppleWebKit/537.36 (KHTML, like Gecko) Chrome/132.0.0.0 Safari/537.36"
::1 - - [09/Sep/2025:14:21:02 +0000] "GET /api/v1/user/getImg HTTP/1.1" 200 174 "http://localhost:3000/" "Mozilla/5.0 (X11; Linux x86_64) AppleWebKit/537.36 (KHTML, like Gecko) Chrome/132.0.0.0 Safari/537.36"
::ffff:127.0.0.1 - - [09/Sep/2025:14:21:18 +0000] "POST /api/v1/user/webhook HTTP/1.1" - - "-" "Stripe/1.0 (+https://stripe.com/docs/webhooks)"
::ffff:127.0.0.1 - - [09/Sep/2025:14:21:18 +0000] "POST /api/v1/user/webhook HTTP/1.1" - - "-" "Stripe/1.0 (+https://stripe.com/docs/webhooks)"
::ffff:127.0.0.1 - - [09/Sep/2025:14:21:18 +0000] "POST /api/v1/user/webhook HTTP/1.1" - - "-" "Stripe/1.0 (+https://stripe.com/docs/webhooks)"
::ffff:127.0.0.1 - - [09/Sep/2025:14:21:18 +0000] "POST /api/v1/user/webhook HTTP/1.1" - - "-" "Stripe/1.0 (+https://stripe.com/docs/webhooks)"
::ffff:127.0.0.1 - - [09/Sep/2025:14:21:20 +0000] "POST /api/v1/user/webhook HTTP/1.1" - - "-" "Stripe/1.0 (+https://stripe.com/docs/webhooks)"
::ffff:127.0.0.1 - - [09/Sep/2025:14:22:54 +0000] "GET /api/v1/user/getInstructorData?id=67375415e0ee19a15a41924d&token=eyJhbGciOiJIUzI1NiIsInR5cCI6IkpXVCJ9.eyJpZCI6IjY4YWViZDg1ZmM1N2M2YmFhMWY2ZDgwMSIsImVtYWlsIjoiamtAZ21haWwuY29tIiwicm9sZSI6IlVzZXIiLCJpYXQiOjE3NTc0Mjc1OTYsImV4cCI6MTc1NzQyOTA5Nn0.lGrvn_zrA5CN9oc9neAcJNVKow3snenMIOjC20RzOzk HTTP/1.1" 200 3196 "-" "axios/1.11.0"
::1 - - [09/Sep/2025:14:23:01 +0000] "GET /api/v1/user/getImg HTTP/1.1" 200 174 "http://localhost:3000/" "Mozilla/5.0 (X11; Linux x86_64) AppleWebKit/537.36 (KHTML, like Gecko) Chrome/132.0.0.0 Safari/537.36"
::1 - - [09/Sep/2025:14:23:02 +0000] "GET /api/v1/user/getInstructor?page=1&limit=5&searchTerm=&category= HTTP/1.1" 200 1908 "http://localhost:3000/" "Mozilla/5.0 (X11; Linux x86_64) AppleWebKit/537.36 (KHTML, like Gecko) Chrome/132.0.0.0 Safari/537.36"
::1 - - [09/Sep/2025:14:23:02 +0000] "GET /api/v1/user/home HTTP/1.1" 200 98 "http://localhost:3000/" "Mozilla/5.0 (X11; Linux x86_64) AppleWebKit/537.36 (KHTML, like Gecko) Chrome/132.0.0.0 Safari/537.36"
::ffff:127.0.0.1 - - [09/Sep/2025:14:23:08 +0000] "GET /api/v1/user/getInstructorData?id=67375415e0ee19a15a41924d&token=eyJhbGciOiJIUzI1NiIsInR5cCI6IkpXVCJ9.eyJpZCI6IjY4YWViZDg1ZmM1N2M2YmFhMWY2ZDgwMSIsImVtYWlsIjoiamtAZ21haWwuY29tIiwicm9sZSI6IlVzZXIiLCJpYXQiOjE3NTc0Mjc1OTYsImV4cCI6MTc1NzQyOTA5Nn0.lGrvn_zrA5CN9oc9neAcJNVKow3snenMIOjC20RzOzk HTTP/1.1" 200 3196 "-" "axios/1.11.0"
::1 - - [09/Sep/2025:14:23:21 +0000] "OPTIONS /api/v1/user/create-checkout-session HTTP/1.1" 204 0 "http://localhost:3000/" "Mozilla/5.0 (X11; Linux x86_64) AppleWebKit/537.36 (KHTML, like Gecko) Chrome/132.0.0.0 Safari/537.36"
::1 - - [09/Sep/2025:14:23:22 +0000] "GET /api/v1/user/getImg HTTP/1.1" 200 174 "http://localhost:3000/" "Mozilla/5.0 (X11; Linux x86_64) AppleWebKit/537.36 (KHTML, like Gecko) Chrome/132.0.0.0 Safari/537.36"
::1 - - [09/Sep/2025:14:23:22 +0000] "GET /api/v1/user/getImg HTTP/1.1" 200 174 "http://localhost:3000/" "Mozilla/5.0 (X11; Linux x86_64) AppleWebKit/537.36 (KHTML, like Gecko) Chrome/132.0.0.0 Safari/537.36"
::1 - - [09/Sep/2025:14:23:23 +0000] "POST /api/v1/user/create-checkout-session HTTP/1.1" 200 454 "http://localhost:3000/" "Mozilla/5.0 (X11; Linux x86_64) AppleWebKit/537.36 (KHTML, like Gecko) Chrome/132.0.0.0 Safari/537.36"
::1 - - [09/Sep/2025:14:24:09 +0000] "GET /api/v1/user/getImg HTTP/1.1" 200 174 "http://localhost:3000/" "Mozilla/5.0 (X11; Linux x86_64) AppleWebKit/537.36 (KHTML, like Gecko) Chrome/132.0.0.0 Safari/537.36"
::ffff:127.0.0.1 - - [09/Sep/2025:14:24:23 +0000] "POST /api/v1/user/webhook HTTP/1.1" - - "-" "Stripe/1.0 (+https://stripe.com/docs/webhooks)"
::ffff:127.0.0.1 - - [09/Sep/2025:14:24:23 +0000] "POST /api/v1/user/webhook HTTP/1.1" - - "-" "Stripe/1.0 (+https://stripe.com/docs/webhooks)"
::ffff:127.0.0.1 - - [09/Sep/2025:14:24:23 +0000] "POST /api/v1/user/webhook HTTP/1.1" - - "-" "Stripe/1.0 (+https://stripe.com/docs/webhooks)"
::ffff:127.0.0.1 - - [09/Sep/2025:14:24:23 +0000] "POST /api/v1/user/webhook HTTP/1.1" - - "-" "Stripe/1.0 (+https://stripe.com/docs/webhooks)"
::ffff:127.0.0.1 - - [09/Sep/2025:14:24:25 +0000] "POST /api/v1/user/webhook HTTP/1.1" - - "-" "Stripe/1.0 (+https://stripe.com/docs/webhooks)"
::1 - - [09/Sep/2025:14:28:42 +0000] "GET /api/v1/user/home HTTP/1.1" 304 - "http://localhost:3000/" "Mozilla/5.0 (X11; Linux x86_64) AppleWebKit/537.36 (KHTML, like Gecko) Chrome/132.0.0.0 Safari/537.36"
::1 - - [09/Sep/2025:14:28:42 +0000] "GET /api/v1/user/getImg HTTP/1.1" 304 - "http://localhost:3000/" "Mozilla/5.0 (X11; Linux x86_64) AppleWebKit/537.36 (KHTML, like Gecko) Chrome/132.0.0.0 Safari/537.36"
::1 - - [09/Sep/2025:14:28:42 +0000] "GET /api/v1/user/getInstructor?page=1&limit=5&searchTerm=&category= HTTP/1.1" 304 - "http://localhost:3000/" "Mozilla/5.0 (X11; Linux x86_64) AppleWebKit/537.36 (KHTML, like Gecko) Chrome/132.0.0.0 Safari/537.36"
::ffff:127.0.0.1 - - [09/Sep/2025:14:28:49 +0000] "GET /api/v1/user/getInstructorData?id=67375415e0ee19a15a41924d&token=eyJhbGciOiJIUzI1NiIsInR5cCI6IkpXVCJ9.eyJpZCI6IjY4YWViZDg1ZmM1N2M2YmFhMWY2ZDgwMSIsImVtYWlsIjoiamtAZ21haWwuY29tIiwicm9sZSI6IlVzZXIiLCJpYXQiOjE3NTc0Mjc1OTYsImV4cCI6MTc1NzQyOTA5Nn0.lGrvn_zrA5CN9oc9neAcJNVKow3snenMIOjC20RzOzk HTTP/1.1" 200 3196 "-" "axios/1.11.0"
::1 - - [09/Sep/2025:14:28:50 +0000] "GET /api/v1/user/getImg HTTP/1.1" 304 - "http://localhost:3000/" "Mozilla/5.0 (X11; Linux x86_64) AppleWebKit/537.36 (KHTML, like Gecko) Chrome/132.0.0.0 Safari/537.36"
::1 - - [09/Sep/2025:14:28:50 +0000] "GET /api/v1/user/getImg HTTP/1.1" 304 - "http://localhost:3000/" "Mozilla/5.0 (X11; Linux x86_64) AppleWebKit/537.36 (KHTML, like Gecko) Chrome/132.0.0.0 Safari/537.36"
::1 - - [09/Sep/2025:14:28:52 +0000] "OPTIONS /api/v1/user/create-checkout-session HTTP/1.1" 204 0 "http://localhost:3000/" "Mozilla/5.0 (X11; Linux x86_64) AppleWebKit/537.36 (KHTML, like Gecko) Chrome/132.0.0.0 Safari/537.36"
::1 - - [09/Sep/2025:14:28:53 +0000] "POST /api/v1/user/create-checkout-session HTTP/1.1" 200 454 "http://localhost:3000/" "Mozilla/5.0 (X11; Linux x86_64) AppleWebKit/537.36 (KHTML, like Gecko) Chrome/132.0.0.0 Safari/537.36"
::1 - - [09/Sep/2025:14:29:32 +0000] "GET /api/v1/user/getImg HTTP/1.1" 304 - "http://localhost:3000/" "Mozilla/5.0 (X11; Linux x86_64) AppleWebKit/537.36 (KHTML, like Gecko) Chrome/132.0.0.0 Safari/537.36"
::1 - - [09/Sep/2025:14:29:40 +0000] "OPTIONS /api/v1/user/setImg HTTP/1.1" 204 0 "http://localhost:3000/" "Mozilla/5.0 (X11; Linux x86_64) AppleWebKit/537.36 (KHTML, like Gecko) Chrome/132.0.0.0 Safari/537.36"
::1 - - [09/Sep/2025:14:29:40 +0000] "OPTIONS /api/v1/user/setImg HTTP/1.1" 204 0 "http://localhost:3000/" "Mozilla/5.0 (X11; Linux x86_64) AppleWebKit/537.36 (KHTML, like Gecko) Chrome/132.0.0.0 Safari/537.36"
::1 - - [09/Sep/2025:14:29:40 +0000] "GET /api/v1/user/getImg HTTP/1.1" 304 - "http://localhost:3000/" "Mozilla/5.0 (X11; Linux x86_64) AppleWebKit/537.36 (KHTML, like Gecko) Chrome/132.0.0.0 Safari/537.36"
::1 - - [09/Sep/2025:14:29:40 +0000] "POST /api/v1/user/setImg HTTP/1.1" 200 174 "http://localhost:3000/" "Mozilla/5.0 (X11; Linux x86_64) AppleWebKit/537.36 (KHTML, like Gecko) Chrome/132.0.0.0 Safari/537.36"
::1 - - [09/Sep/2025:14:29:40 +0000] "POST /api/v1/user/setImg HTTP/1.1" 200 174 "http://localhost:3000/" "Mozilla/5.0 (X11; Linux x86_64) AppleWebKit/537.36 (KHTML, like Gecko) Chrome/132.0.0.0 Safari/537.36"
::1 - - [09/Sep/2025:14:29:40 +0000] "GET /api/v1/user/getImg HTTP/1.1" 304 - "http://localhost:3000/" "Mozilla/5.0 (X11; Linux x86_64) AppleWebKit/537.36 (KHTML, like Gecko) Chrome/132.0.0.0 Safari/537.36"
::1 - - [09/Sep/2025:14:29:40 +0000] "GET /api/v1/user/userDetails HTTP/1.1" 304 - "http://localhost:3000/" "Mozilla/5.0 (X11; Linux x86_64) AppleWebKit/537.36 (KHTML, like Gecko) Chrome/132.0.0.0 Safari/537.36"
::1 - - [09/Sep/2025:14:29:40 +0000] "GET /api/v1/user/userDetails HTTP/1.1" 304 - "http://localhost:3000/" "Mozilla/5.0 (X11; Linux x86_64) AppleWebKit/537.36 (KHTML, like Gecko) Chrome/132.0.0.0 Safari/537.36"
::ffff:127.0.0.1 - - [09/Sep/2025:14:29:44 +0000] "GET /api/v1/user/getSlots?token=eyJhbGciOiJIUzI1NiIsInR5cCI6IkpXVCJ9.eyJpZCI6IjY4YWViZDg1ZmM1N2M2YmFhMWY2ZDgwMSIsImVtYWlsIjoiamtAZ21haWwuY29tIiwicm9sZSI6IlVzZXIiLCJpYXQiOjE3NTc0Mjc1OTYsImV4cCI6MTc1NzQyOTA5Nn0.lGrvn_zrA5CN9oc9neAcJNVKow3snenMIOjC20RzOzk HTTP/1.1" 200 1012 "-" "axios/1.11.0"
::1 - - [09/Sep/2025:14:29:44 +0000] "GET /api/v1/user/getImg HTTP/1.1" 304 - "http://localhost:3000/" "Mozilla/5.0 (X11; Linux x86_64) AppleWebKit/537.36 (KHTML, like Gecko) Chrome/132.0.0.0 Safari/537.36"
::1 - - [09/Sep/2025:14:29:44 +0000] "GET /api/v1/user/getImg HTTP/1.1" 304 - "http://localhost:3000/" "Mozilla/5.0 (X11; Linux x86_64) AppleWebKit/537.36 (KHTML, like Gecko) Chrome/132.0.0.0 Safari/537.36"
::ffff:127.0.0.1 - - [09/Sep/2025:14:29:48 +0000] "GET /api/v1/user/getSlots?token=eyJhbGciOiJIUzI1NiIsInR5cCI6IkpXVCJ9.eyJpZCI6IjY4YWViZDg1ZmM1N2M2YmFhMWY2ZDgwMSIsImVtYWlsIjoiamtAZ21haWwuY29tIiwicm9sZSI6IlVzZXIiLCJpYXQiOjE3NTc0Mjc1OTYsImV4cCI6MTc1NzQyOTA5Nn0.lGrvn_zrA5CN9oc9neAcJNVKow3snenMIOjC20RzOzk HTTP/1.1" 200 1012 "-" "axios/1.11.0"
::1 - - [09/Sep/2025:14:29:49 +0000] "GET /api/v1/user/getImg HTTP/1.1" 304 - "http://localhost:3000/" "Mozilla/5.0 (X11; Linux x86_64) AppleWebKit/537.36 (KHTML, like Gecko) Chrome/132.0.0.0 Safari/537.36"
::1 - - [09/Sep/2025:14:31:47 +0000] "OPTIONS /api/v1/user/setImg HTTP/1.1" 204 0 "http://localhost:3000/" "Mozilla/5.0 (X11; Linux x86_64) AppleWebKit/537.36 (KHTML, like Gecko) Chrome/132.0.0.0 Safari/537.36"
::1 - - [09/Sep/2025:14:31:47 +0000] "GET /api/v1/user/getImg HTTP/1.1" 304 - "http://localhost:3000/" "Mozilla/5.0 (X11; Linux x86_64) AppleWebKit/537.36 (KHTML, like Gecko) Chrome/132.0.0.0 Safari/537.36"
::1 - - [09/Sep/2025:14:31:47 +0000] "POST /api/v1/user/setImg HTTP/1.1" 200 174 "http://localhost:3000/" "Mozilla/5.0 (X11; Linux x86_64) AppleWebKit/537.36 (KHTML, like Gecko) Chrome/132.0.0.0 Safari/537.36"
::1 - - [09/Sep/2025:14:31:47 +0000] "GET /api/v1/user/userDetails HTTP/1.1" 304 - "http://localhost:3000/" "Mozilla/5.0 (X11; Linux x86_64) AppleWebKit/537.36 (KHTML, like Gecko) Chrome/132.0.0.0 Safari/537.36"
::1 - - [09/Sep/2025:14:31:47 +0000] "GET /api/v1/user/getImg HTTP/1.1" 304 - "http://localhost:3000/" "Mozilla/5.0 (X11; Linux x86_64) AppleWebKit/537.36 (KHTML, like Gecko) Chrome/132.0.0.0 Safari/537.36"
::1 - - [09/Sep/2025:14:31:47 +0000] "GET /api/v1/user/userDetails HTTP/1.1" 304 - "http://localhost:3000/" "Mozilla/5.0 (X11; Linux x86_64) AppleWebKit/537.36 (KHTML, like Gecko) Chrome/132.0.0.0 Safari/537.36"
::1 - - [09/Sep/2025:14:31:47 +0000] "POST /api/v1/user/setImg HTTP/1.1" 200 174 "http://localhost:3000/" "Mozilla/5.0 (X11; Linux x86_64) AppleWebKit/537.36 (KHTML, like Gecko) Chrome/132.0.0.0 Safari/537.36"
::1 - - [09/Sep/2025:14:31:49 +0000] "GET /api/v1/user/getImg HTTP/1.1" 304 - "http://localhost:3000/" "Mozilla/5.0 (X11; Linux x86_64) AppleWebKit/537.36 (KHTML, like Gecko) Chrome/132.0.0.0 Safari/537.36"
::1 - - [09/Sep/2025:14:31:49 +0000] "GET /api/v1/user/getImg HTTP/1.1" 304 - "http://localhost:3000/" "Mozilla/5.0 (X11; Linux x86_64) AppleWebKit/537.36 (KHTML, like Gecko) Chrome/132.0.0.0 Safari/537.36"
::ffff:127.0.0.1 - - [09/Sep/2025:14:31:53 +0000] "GET /api/v1/user/getInstructorData?id=67375415e0ee19a15a41924d&token=eyJhbGciOiJIUzI1NiIsInR5cCI6IkpXVCJ9.eyJpZCI6IjY4YWViZDg1ZmM1N2M2YmFhMWY2ZDgwMSIsImVtYWlsIjoiamtAZ21haWwuY29tIiwicm9sZSI6IlVzZXIiLCJpYXQiOjE3NTc0Mjc1OTYsImV4cCI6MTc1NzQyOTA5Nn0.lGrvn_zrA5CN9oc9neAcJNVKow3snenMIOjC20RzOzk HTTP/1.1" 200 3196 "-" "axios/1.11.0"
::1 - - [09/Sep/2025:14:31:54 +0000] "GET /api/v1/user/getImg HTTP/1.1" 304 - "http://localhost:3000/" "Mozilla/5.0 (X11; Linux x86_64) AppleWebKit/537.36 (KHTML, like Gecko) Chrome/132.0.0.0 Safari/537.36"
::1 - - [09/Sep/2025:14:31:55 +0000] "OPTIONS /api/v1/user/create-checkout-session HTTP/1.1" 204 0 "http://localhost:3000/" "Mozilla/5.0 (X11; Linux x86_64) AppleWebKit/537.36 (KHTML, like Gecko) Chrome/132.0.0.0 Safari/537.36"
::1 - - [09/Sep/2025:14:31:56 +0000] "POST /api/v1/user/create-checkout-session HTTP/1.1" 200 454 "http://localhost:3000/" "Mozilla/5.0 (X11; Linux x86_64) AppleWebKit/537.36 (KHTML, like Gecko) Chrome/132.0.0.0 Safari/537.36"
::1 - - [09/Sep/2025:14:32:32 +0000] "GET /api/v1/user/getImg HTTP/1.1" 304 - "http://localhost:3000/" "Mozilla/5.0 (X11; Linux x86_64) AppleWebKit/537.36 (KHTML, like Gecko) Chrome/132.0.0.0 Safari/537.36"
::ffff:127.0.0.1 - - [09/Sep/2025:14:32:35 +0000] "GET /api/v1/user/getSlots?token=eyJhbGciOiJIUzI1NiIsInR5cCI6IkpXVCJ9.eyJpZCI6IjY4YWViZDg1ZmM1N2M2YmFhMWY2ZDgwMSIsImVtYWlsIjoiamtAZ21haWwuY29tIiwicm9sZSI6IlVzZXIiLCJpYXQiOjE3NTc0Mjc1OTYsImV4cCI6MTc1NzQyOTA5Nn0.lGrvn_zrA5CN9oc9neAcJNVKow3snenMIOjC20RzOzk HTTP/1.1" 200 1012 "-" "axios/1.11.0"
::1 - - [09/Sep/2025:14:32:35 +0000] "GET /api/v1/user/getImg HTTP/1.1" 304 - "http://localhost:3000/" "Mozilla/5.0 (X11; Linux x86_64) AppleWebKit/537.36 (KHTML, like Gecko) Chrome/132.0.0.0 Safari/537.36"
::1 - - [09/Sep/2025:14:32:35 +0000] "GET /api/v1/user/getImg HTTP/1.1" 304 - "http://localhost:3000/" "Mozilla/5.0 (X11; Linux x86_64) AppleWebKit/537.36 (KHTML, like Gecko) Chrome/132.0.0.0 Safari/537.36"
::ffff:127.0.0.1 - - [09/Sep/2025:14:32:38 +0000] "GET /api/v1/user/getSlots?token=eyJhbGciOiJIUzI1NiIsInR5cCI6IkpXVCJ9.eyJpZCI6IjY4YWViZDg1ZmM1N2M2YmFhMWY2ZDgwMSIsImVtYWlsIjoiamtAZ21haWwuY29tIiwicm9sZSI6IlVzZXIiLCJpYXQiOjE3NTc0Mjc1OTYsImV4cCI6MTc1NzQyOTA5Nn0.lGrvn_zrA5CN9oc9neAcJNVKow3snenMIOjC20RzOzk HTTP/1.1" 200 1012 "-" "axios/1.11.0"
::1 - - [09/Sep/2025:14:32:39 +0000] "GET /api/v1/user/getImg HTTP/1.1" 304 - "http://localhost:3000/" "Mozilla/5.0 (X11; Linux x86_64) AppleWebKit/537.36 (KHTML, like Gecko) Chrome/132.0.0.0 Safari/537.36"
::ffff:127.0.0.1 - - [09/Sep/2025:14:32:49 +0000] "POST /api/v1/user/webhook HTTP/1.1" - - "-" "Stripe/1.0 (+https://stripe.com/docs/webhooks)"
::ffff:127.0.0.1 - - [09/Sep/2025:14:32:49 +0000] "POST /api/v1/user/webhook HTTP/1.1" - - "-" "Stripe/1.0 (+https://stripe.com/docs/webhooks)"
::ffff:127.0.0.1 - - [09/Sep/2025:14:32:49 +0000] "POST /api/v1/user/webhook HTTP/1.1" - - "-" "Stripe/1.0 (+https://stripe.com/docs/webhooks)"
::ffff:127.0.0.1 - - [09/Sep/2025:14:32:49 +0000] "POST /api/v1/user/webhook HTTP/1.1" - - "-" "Stripe/1.0 (+https://stripe.com/docs/webhooks)"
::ffff:127.0.0.1 - - [09/Sep/2025:14:32:51 +0000] "POST /api/v1/user/webhook HTTP/1.1" - - "-" "Stripe/1.0 (+https://stripe.com/docs/webhooks)"
::1 - - [09/Sep/2025:14:35:36 +0000] "GET /api/v1/user/getImg HTTP/1.1" - - "http://localhost:3000/" "Mozilla/5.0 (X11; Linux x86_64) AppleWebKit/537.36 (KHTML, like Gecko) Chrome/132.0.0.0 Safari/537.36"
::ffff:127.0.0.1 - - [09/Sep/2025:14:35:39 +0000] "GET /api/v1/user/getInstructorData?id=67375415e0ee19a15a41924d&token=eyJhbGciOiJIUzI1NiIsInR5cCI6IkpXVCJ9.eyJpZCI6IjY4YWViZDg1ZmM1N2M2YmFhMWY2ZDgwMSIsImVtYWlsIjoiamtAZ21haWwuY29tIiwicm9sZSI6IlVzZXIiLCJpYXQiOjE3NTc0Mjc1OTYsImV4cCI6MTc1NzQyOTA5Nn0.lGrvn_zrA5CN9oc9neAcJNVKow3snenMIOjC20RzOzk HTTP/1.1" 200 3196 "-" "axios/1.11.0"
::1 - - [09/Sep/2025:14:35:40 +0000] "GET /api/v1/user/getImg HTTP/1.1" 200 174 "http://localhost:3000/" "Mozilla/5.0 (X11; Linux x86_64) AppleWebKit/537.36 (KHTML, like Gecko) Chrome/132.0.0.0 Safari/537.36"
::1 - - [09/Sep/2025:14:35:42 +0000] "OPTIONS /api/v1/user/create-checkout-session HTTP/1.1" 204 0 "http://localhost:3000/" "Mozilla/5.0 (X11; Linux x86_64) AppleWebKit/537.36 (KHTML, like Gecko) Chrome/132.0.0.0 Safari/537.36"
::1 - - [09/Sep/2025:14:35:43 +0000] "POST /api/v1/user/create-checkout-session HTTP/1.1" 200 454 "http://localhost:3000/" "Mozilla/5.0 (X11; Linux x86_64) AppleWebKit/537.36 (KHTML, like Gecko) Chrome/132.0.0.0 Safari/537.36"
::ffff:127.0.0.1 - - [09/Sep/2025:14:37:13 +0000] "GET /api/v1/user/webhook HTTP/1.1" 404 158 "-" "curl/7.81.0"
::ffff:127.0.0.1 - - [09/Sep/2025:14:37:32 +0000] "GET /api/v1/user/webhook HTTP/1.1" 404 158 "-" "curl/7.81.0"
::ffff:127.0.0.1 - - [09/Sep/2025:14:37:54 +0000] "GET /api/user/webhook HTTP/1.1" 404 155 "-" "curl/7.81.0"
::ffff:127.0.0.1 - - [09/Sep/2025:14:38:02 +0000] "GET /api/v1/user/webhook HTTP/1.1" 404 158 "-" "curl/7.81.0"
