::1 - - [10/Oct/2025:21:51:54 +0000] "GET /api/v1/user/fetchQnAData?courseId=68e48480324e0e7633183f30 HTTP/1.1" 200 291 "http://localhost:3000/" "Mozilla/5.0 (X11; Linux x86_64) AppleWebKit/537.36 (KHTML, like Gecko) Chrome/132.0.0.0 Safari/537.36"
::1 - - [10/Oct/2025:21:51:54 +0000] "GET /api/v1/user/getCourse?courseId=68e48480324e0e7633183f30 HTTP/1.1" 200 2492 "http://localhost:3000/" "Mozilla/5.0 (X11; Linux x86_64) AppleWebKit/537.36 (KHTML, like Gecko) Chrome/132.0.0.0 Safari/537.36"
::1 - - [10/Oct/2025:21:51:55 +0000] "GET /api/v1/user/getImg HTTP/1.1" 200 174 "http://localhost:3000/" "Mozilla/5.0 (X11; Linux x86_64) AppleWebKit/537.36 (KHTML, like Gecko) Chrome/132.0.0.0 Safari/537.36"
::1 - - [10/Oct/2025:21:51:55 +0000] "GET /api/v1/user/getNotification HTTP/1.1" 200 52 "http://localhost:3000/" "Mozilla/5.0 (X11; Linux x86_64) AppleWebKit/537.36 (KHTML, like Gecko) Chrome/132.0.0.0 Safari/537.36"
::1 - - [10/Oct/2025:21:51:55 +0000] "GET /api/v1/user/fetchQnAData?courseId=68e48480324e0e7633183f30 HTTP/1.1" 200 291 "http://localhost:3000/" "Mozilla/5.0 (X11; Linux x86_64) AppleWebKit/537.36 (KHTML, like Gecko) Chrome/132.0.0.0 Safari/537.36"
::1 - - [10/Oct/2025:21:51:55 +0000] "GET /api/v1/user/getCourse?courseId=68e48480324e0e7633183f30 HTTP/1.1" 200 2492 "http://localhost:3000/" "Mozilla/5.0 (X11; Linux x86_64) AppleWebKit/537.36 (KHTML, like Gecko) Chrome/132.0.0.0 Safari/537.36"
::1 - - [10/Oct/2025:21:51:57 +0000] "GET /api/v1/user/getImg HTTP/1.1" 200 174 "http://localhost:3000/" "Mozilla/5.0 (X11; Linux x86_64) AppleWebKit/537.36 (KHTML, like Gecko) Chrome/132.0.0.0 Safari/537.36"
::1 - - [10/Oct/2025:21:51:57 +0000] "GET /api/v1/user/getNotification HTTP/1.1" 200 52 "http://localhost:3000/" "Mozilla/5.0 (X11; Linux x86_64) AppleWebKit/537.36 (KHTML, like Gecko) Chrome/132.0.0.0 Safari/537.36"
::1 - - [10/Oct/2025:21:51:57 +0000] "GET /api/v1/user/fetchQnAData?courseId=68e48480324e0e7633183f30 HTTP/1.1" 200 291 "http://localhost:3000/" "Mozilla/5.0 (X11; Linux x86_64) AppleWebKit/537.36 (KHTML, like Gecko) Chrome/132.0.0.0 Safari/537.36"
::1 - - [10/Oct/2025:21:51:57 +0000] "GET /api/v1/user/getCourse?courseId=68e48480324e0e7633183f30 HTTP/1.1" 200 2492 "http://localhost:3000/" "Mozilla/5.0 (X11; Linux x86_64) AppleWebKit/537.36 (KHTML, like Gecko) Chrome/132.0.0.0 Safari/537.36"
::1 - - [10/Oct/2025:21:51:58 +0000] "GET /api/v1/user/getImg HTTP/1.1" 200 174 "http://localhost:3000/" "Mozilla/5.0 (X11; Linux x86_64) AppleWebKit/537.36 (KHTML, like Gecko) Chrome/132.0.0.0 Safari/537.36"
::1 - - [10/Oct/2025:21:51:58 +0000] "GET /api/v1/user/getNotification HTTP/1.1" 200 52 "http://localhost:3000/" "Mozilla/5.0 (X11; Linux x86_64) AppleWebKit/537.36 (KHTML, like Gecko) Chrome/132.0.0.0 Safari/537.36"
::1 - - [10/Oct/2025:21:51:58 +0000] "GET /api/v1/user/fetchQnAData?courseId=68e48480324e0e7633183f30 HTTP/1.1" 200 291 "http://localhost:3000/" "Mozilla/5.0 (X11; Linux x86_64) AppleWebKit/537.36 (KHTML, like Gecko) Chrome/132.0.0.0 Safari/537.36"
::1 - - [10/Oct/2025:21:51:58 +0000] "GET /api/v1/user/getCourse?courseId=68e48480324e0e7633183f30 HTTP/1.1" 200 2492 "http://localhost:3000/" "Mozilla/5.0 (X11; Linux x86_64) AppleWebKit/537.36 (KHTML, like Gecko) Chrome/132.0.0.0 Safari/537.36"
::1 - - [10/Oct/2025:21:52:55 +0000] "GET /api/v1/user/getImg HTTP/1.1" 200 174 "http://localhost:3000/" "Mozilla/5.0 (X11; Linux x86_64) AppleWebKit/537.36 (KHTML, like Gecko) Chrome/132.0.0.0 Safari/537.36"
::1 - - [10/Oct/2025:21:52:55 +0000] "GET /api/v1/user/getNotification HTTP/1.1" 200 52 "http://localhost:3000/" "Mozilla/5.0 (X11; Linux x86_64) AppleWebKit/537.36 (KHTML, like Gecko) Chrome/132.0.0.0 Safari/537.36"
::1 - - [10/Oct/2025:21:52:55 +0000] "GET /api/v1/user/fetchQnAData?courseId=68e48480324e0e7633183f30 HTTP/1.1" 200 291 "http://localhost:3000/" "Mozilla/5.0 (X11; Linux x86_64) AppleWebKit/537.36 (KHTML, like Gecko) Chrome/132.0.0.0 Safari/537.36"
::1 - - [10/Oct/2025:21:52:55 +0000] "GET /api/v1/user/getCourse?courseId=68e48480324e0e7633183f30 HTTP/1.1" 200 2492 "http://localhost:3000/" "Mozilla/5.0 (X11; Linux x86_64) AppleWebKit/537.36 (KHTML, like Gecko) Chrome/132.0.0.0 Safari/537.36"
::1 - - [10/Oct/2025:21:53:01 +0000] "GET /api/v1/user/getImg HTTP/1.1" 200 174 "http://localhost:3000/" "Mozilla/5.0 (X11; Linux x86_64) AppleWebKit/537.36 (KHTML, like Gecko) Chrome/132.0.0.0 Safari/537.36"
::1 - - [10/Oct/2025:21:53:01 +0000] "GET /api/v1/user/getNotification HTTP/1.1" 200 52 "http://localhost:3000/" "Mozilla/5.0 (X11; Linux x86_64) AppleWebKit/537.36 (KHTML, like Gecko) Chrome/132.0.0.0 Safari/537.36"
::1 - - [10/Oct/2025:21:53:01 +0000] "GET /api/v1/user/fetchQnAData?courseId=68e48480324e0e7633183f30 HTTP/1.1" 200 291 "http://localhost:3000/" "Mozilla/5.0 (X11; Linux x86_64) AppleWebKit/537.36 (KHTML, like Gecko) Chrome/132.0.0.0 Safari/537.36"
::1 - - [10/Oct/2025:21:53:01 +0000] "GET /api/v1/user/getCourse?courseId=68e48480324e0e7633183f30 HTTP/1.1" 200 2492 "http://localhost:3000/" "Mozilla/5.0 (X11; Linux x86_64) AppleWebKit/537.36 (KHTML, like Gecko) Chrome/132.0.0.0 Safari/537.36"
::1 - - [10/Oct/2025:21:53:02 +0000] "GET /api/v1/user/getImg HTTP/1.1" 200 174 "http://localhost:3000/" "Mozilla/5.0 (X11; Linux x86_64) AppleWebKit/537.36 (KHTML, like Gecko) Chrome/132.0.0.0 Safari/537.36"
::1 - - [10/Oct/2025:21:53:02 +0000] "GET /api/v1/user/getNotification HTTP/1.1" 200 52 "http://localhost:3000/" "Mozilla/5.0 (X11; Linux x86_64) AppleWebKit/537.36 (KHTML, like Gecko) Chrome/132.0.0.0 Safari/537.36"
::1 - - [10/Oct/2025:21:53:02 +0000] "GET /api/v1/user/fetchQnAData?courseId=68e48480324e0e7633183f30 HTTP/1.1" 200 291 "http://localhost:3000/" "Mozilla/5.0 (X11; Linux x86_64) AppleWebKit/537.36 (KHTML, like Gecko) Chrome/132.0.0.0 Safari/537.36"
::1 - - [10/Oct/2025:21:53:02 +0000] "GET /api/v1/user/getCourse?courseId=68e48480324e0e7633183f30 HTTP/1.1" 200 2492 "http://localhost:3000/" "Mozilla/5.0 (X11; Linux x86_64) AppleWebKit/537.36 (KHTML, like Gecko) Chrome/132.0.0.0 Safari/537.36"
::1 - - [10/Oct/2025:21:53:28 +0000] "GET /api/v1/user/getImg HTTP/1.1" 200 174 "http://localhost:3000/" "Mozilla/5.0 (X11; Linux x86_64) AppleWebKit/537.36 (KHTML, like Gecko) Chrome/132.0.0.0 Safari/537.36"
::1 - - [10/Oct/2025:21:53:28 +0000] "GET /api/v1/user/getNotification HTTP/1.1" 200 52 "http://localhost:3000/" "Mozilla/5.0 (X11; Linux x86_64) AppleWebKit/537.36 (KHTML, like Gecko) Chrome/132.0.0.0 Safari/537.36"
::1 - - [10/Oct/2025:21:53:28 +0000] "GET /api/v1/user/fetchQnAData?courseId=68e48480324e0e7633183f30 HTTP/1.1" 200 291 "http://localhost:3000/" "Mozilla/5.0 (X11; Linux x86_64) AppleWebKit/537.36 (KHTML, like Gecko) Chrome/132.0.0.0 Safari/537.36"
::1 - - [10/Oct/2025:21:53:28 +0000] "GET /api/v1/user/getCourse?courseId=68e48480324e0e7633183f30 HTTP/1.1" 200 2492 "http://localhost:3000/" "Mozilla/5.0 (X11; Linux x86_64) AppleWebKit/537.36 (KHTML, like Gecko) Chrome/132.0.0.0 Safari/537.36"
::1 - - [10/Oct/2025:21:53:29 +0000] "GET /api/v1/user/getImg HTTP/1.1" 200 174 "http://localhost:3000/" "Mozilla/5.0 (X11; Linux x86_64) AppleWebKit/537.36 (KHTML, like Gecko) Chrome/132.0.0.0 Safari/537.36"
::1 - - [10/Oct/2025:21:53:29 +0000] "GET /api/v1/user/getNotification HTTP/1.1" 200 52 "http://localhost:3000/" "Mozilla/5.0 (X11; Linux x86_64) AppleWebKit/537.36 (KHTML, like Gecko) Chrome/132.0.0.0 Safari/537.36"
::1 - - [10/Oct/2025:21:53:29 +0000] "GET /api/v1/user/fetchQnAData?courseId=68e48480324e0e7633183f30 HTTP/1.1" 200 291 "http://localhost:3000/" "Mozilla/5.0 (X11; Linux x86_64) AppleWebKit/537.36 (KHTML, like Gecko) Chrome/132.0.0.0 Safari/537.36"
::1 - - [10/Oct/2025:21:53:29 +0000] "GET /api/v1/user/getCourse?courseId=68e48480324e0e7633183f30 HTTP/1.1" 200 2492 "http://localhost:3000/" "Mozilla/5.0 (X11; Linux x86_64) AppleWebKit/537.36 (KHTML, like Gecko) Chrome/132.0.0.0 Safari/537.36"
::1 - - [10/Oct/2025:21:53:31 +0000] "GET /api/v1/user/getImg HTTP/1.1" 200 174 "http://localhost:3000/" "Mozilla/5.0 (X11; Linux x86_64) AppleWebKit/537.36 (KHTML, like Gecko) Chrome/132.0.0.0 Safari/537.36"
::1 - - [10/Oct/2025:21:53:31 +0000] "GET /api/v1/user/getNotification HTTP/1.1" 200 52 "http://localhost:3000/" "Mozilla/5.0 (X11; Linux x86_64) AppleWebKit/537.36 (KHTML, like Gecko) Chrome/132.0.0.0 Safari/537.36"
::1 - - [10/Oct/2025:21:53:31 +0000] "GET /api/v1/user/fetchQnAData?courseId=68e48480324e0e7633183f30 HTTP/1.1" 200 291 "http://localhost:3000/" "Mozilla/5.0 (X11; Linux x86_64) AppleWebKit/537.36 (KHTML, like Gecko) Chrome/132.0.0.0 Safari/537.36"
::1 - - [10/Oct/2025:21:53:31 +0000] "GET /api/v1/user/getCourse?courseId=68e48480324e0e7633183f30 HTTP/1.1" 200 2492 "http://localhost:3000/" "Mozilla/5.0 (X11; Linux x86_64) AppleWebKit/537.36 (KHTML, like Gecko) Chrome/132.0.0.0 Safari/537.36"
::ffff:127.0.0.1 - - [10/Oct/2025:21:53:40 +0000] "GET /api/v1/user/getInstructorData?id=68e480f5324e0e7633183f2e&token=eyJhbGciOiJIUzI1NiIsInR5cCI6IkpXVCJ9.eyJpZCI6IjY4YWViZDg1ZmM1N2M2YmFhMWY2ZDgwMSIsImVtYWlsIjoiamtAZ21haWwuY29tIiwicm9sZSI6IlVzZXIiLCJpYXQiOjE3NjAxMzI5NTYsImV4cCI6MTc2MDEzNDQ1Nn0.jx5I9FF9dPPq2k1Do41UWUMv_DDj1w1UE5smtVje59E HTTP/1.1" 200 2314 "-" "axios/1.11.0"
::1 - - [10/Oct/2025:21:53:42 +0000] "GET /api/v1/user/getNotification HTTP/1.1" 200 52 "http://localhost:3000/" "Mozilla/5.0 (X11; Linux x86_64) AppleWebKit/537.36 (KHTML, like Gecko) Chrome/132.0.0.0 Safari/537.36"
::1 - - [10/Oct/2025:21:53:42 +0000] "GET /api/v1/user/getImg HTTP/1.1" 200 174 "http://localhost:3000/" "Mozilla/5.0 (X11; Linux x86_64) AppleWebKit/537.36 (KHTML, like Gecko) Chrome/132.0.0.0 Safari/537.36"
::ffff:127.0.0.1 - - [10/Oct/2025:21:57:03 +0000] "GET /api/v1/user/getInstructorData?id=68e480f5324e0e7633183f2e&token=eyJhbGciOiJIUzI1NiIsInR5cCI6IkpXVCJ9.eyJpZCI6IjY4YWViZDg1ZmM1N2M2YmFhMWY2ZDgwMSIsImVtYWlsIjoiamtAZ21haWwuY29tIiwicm9sZSI6IlVzZXIiLCJpYXQiOjE3NjAxMzI5NTYsImV4cCI6MTc2MDEzNDQ1Nn0.jx5I9FF9dPPq2k1Do41UWUMv_DDj1w1UE5smtVje59E HTTP/1.1" 200 2314 "-" "axios/1.11.0"
::ffff:127.0.0.1 - - [10/Oct/2025:21:57:08 +0000] "GET /api/v1/user/getInstructorData?id=68e480f5324e0e7633183f2e&token=eyJhbGciOiJIUzI1NiIsInR5cCI6IkpXVCJ9.eyJpZCI6IjY4YWViZDg1ZmM1N2M2YmFhMWY2ZDgwMSIsImVtYWlsIjoiamtAZ21haWwuY29tIiwicm9sZSI6IlVzZXIiLCJpYXQiOjE3NjAxMzI5NTYsImV4cCI6MTc2MDEzNDQ1Nn0.jx5I9FF9dPPq2k1Do41UWUMv_DDj1w1UE5smtVje59E HTTP/1.1" 200 2314 "-" "axios/1.11.0"
::ffff:127.0.0.1 - - [10/Oct/2025:21:58:01 +0000] "GET /api/v1/user/getInstructorData?id=68e480f5324e0e7633183f2e&token=eyJhbGciOiJIUzI1NiIsInR5cCI6IkpXVCJ9.eyJpZCI6IjY4YWViZDg1ZmM1N2M2YmFhMWY2ZDgwMSIsImVtYWlsIjoiamtAZ21haWwuY29tIiwicm9sZSI6IlVzZXIiLCJpYXQiOjE3NjAxMzI5NTYsImV4cCI6MTc2MDEzNDQ1Nn0.jx5I9FF9dPPq2k1Do41UWUMv_DDj1w1UE5smtVje59E HTTP/1.1" 200 2314 "-" "axios/1.11.0"
::1 - - [10/Oct/2025:21:58:02 +0000] "GET /api/v1/user/getImg HTTP/1.1" 200 174 "http://localhost:3000/" "Mozilla/5.0 (X11; Linux x86_64) AppleWebKit/537.36 (KHTML, like Gecko) Chrome/132.0.0.0 Safari/537.36"
::1 - - [10/Oct/2025:21:58:02 +0000] "GET /api/v1/user/getNotification HTTP/1.1" 200 52 "http://localhost:3000/" "Mozilla/5.0 (X11; Linux x86_64) AppleWebKit/537.36 (KHTML, like Gecko) Chrome/132.0.0.0 Safari/537.36"
::ffff:127.0.0.1 - - [10/Oct/2025:21:58:10 +0000] "GET /api/v1/user/getInstructorData?id=68e480f5324e0e7633183f2e&token=eyJhbGciOiJIUzI1NiIsInR5cCI6IkpXVCJ9.eyJpZCI6IjY4YWViZDg1ZmM1N2M2YmFhMWY2ZDgwMSIsImVtYWlsIjoiamtAZ21haWwuY29tIiwicm9sZSI6IlVzZXIiLCJpYXQiOjE3NjAxMzI5NTYsImV4cCI6MTc2MDEzNDQ1Nn0.jx5I9FF9dPPq2k1Do41UWUMv_DDj1w1UE5smtVje59E HTTP/1.1" 200 2314 "-" "axios/1.11.0"
::1 - - [10/Oct/2025:21:58:12 +0000] "GET /api/v1/user/getImg HTTP/1.1" 200 174 "http://localhost:3000/" "Mozilla/5.0 (X11; Linux x86_64) AppleWebKit/537.36 (KHTML, like Gecko) Chrome/132.0.0.0 Safari/537.36"
::1 - - [10/Oct/2025:21:58:12 +0000] "GET /api/v1/user/getNotification HTTP/1.1" 200 52 "http://localhost:3000/" "Mozilla/5.0 (X11; Linux x86_64) AppleWebKit/537.36 (KHTML, like Gecko) Chrome/132.0.0.0 Safari/537.36"
::ffff:127.0.0.1 - - [10/Oct/2025:21:59:52 +0000] "GET /api/v1/user/getInstructorData?id=68e480f5324e0e7633183f2e&token=eyJhbGciOiJIUzI1NiIsInR5cCI6IkpXVCJ9.eyJpZCI6IjY4YWViZDg1ZmM1N2M2YmFhMWY2ZDgwMSIsImVtYWlsIjoiamtAZ21haWwuY29tIiwicm9sZSI6IlVzZXIiLCJpYXQiOjE3NjAxMzI5NTYsImV4cCI6MTc2MDEzNDQ1Nn0.jx5I9FF9dPPq2k1Do41UWUMv_DDj1w1UE5smtVje59E HTTP/1.1" 200 2314 "-" "axios/1.11.0"
::ffff:127.0.0.1 - - [10/Oct/2025:21:59:59 +0000] "GET /api/v1/user/getInstructorData?id=68e480f5324e0e7633183f2e&token=eyJhbGciOiJIUzI1NiIsInR5cCI6IkpXVCJ9.eyJpZCI6IjY4YWViZDg1ZmM1N2M2YmFhMWY2ZDgwMSIsImVtYWlsIjoiamtAZ21haWwuY29tIiwicm9sZSI6IlVzZXIiLCJpYXQiOjE3NjAxMzI5NTYsImV4cCI6MTc2MDEzNDQ1Nn0.jx5I9FF9dPPq2k1Do41UWUMv_DDj1w1UE5smtVje59E HTTP/1.1" 200 2314 "-" "axios/1.11.0"
::ffff:127.0.0.1 - - [10/Oct/2025:22:00:00 +0000] "GET /api/v1/user/getInstructorData?id=68e480f5324e0e7633183f2e&token=eyJhbGciOiJIUzI1NiIsInR5cCI6IkpXVCJ9.eyJpZCI6IjY4YWViZDg1ZmM1N2M2YmFhMWY2ZDgwMSIsImVtYWlsIjoiamtAZ21haWwuY29tIiwicm9sZSI6IlVzZXIiLCJpYXQiOjE3NjAxMzI5NTYsImV4cCI6MTc2MDEzNDQ1Nn0.jx5I9FF9dPPq2k1Do41UWUMv_DDj1w1UE5smtVje59E HTTP/1.1" 200 2314 "-" "axios/1.11.0"
::1 - - [10/Oct/2025:22:00:58 +0000] "GET /api/v1/user/getNotification HTTP/1.1" 200 52 "http://localhost:3000/" "Mozilla/5.0 (X11; Linux x86_64) AppleWebKit/537.36 (KHTML, like Gecko) Chrome/132.0.0.0 Safari/537.36"
::1 - - [10/Oct/2025:22:00:58 +0000] "GET /api/v1/user/getImg HTTP/1.1" 200 174 "http://localhost:3000/" "Mozilla/5.0 (X11; Linux x86_64) AppleWebKit/537.36 (KHTML, like Gecko) Chrome/132.0.0.0 Safari/537.36"
::ffff:127.0.0.1 - - [10/Oct/2025:22:01:00 +0000] "GET /api/v1/user/getInstructorData?id=68e480f5324e0e7633183f2e&token=eyJhbGciOiJIUzI1NiIsInR5cCI6IkpXVCJ9.eyJpZCI6IjY4YWViZDg1ZmM1N2M2YmFhMWY2ZDgwMSIsImVtYWlsIjoiamtAZ21haWwuY29tIiwicm9sZSI6IlVzZXIiLCJpYXQiOjE3NjAxMzI5NTYsImV4cCI6MTc2MDEzNDQ1Nn0.jx5I9FF9dPPq2k1Do41UWUMv_DDj1w1UE5smtVje59E HTTP/1.1" 200 2314 "-" "axios/1.11.0"
::1 - - [10/Oct/2025:22:01:03 +0000] "GET /api/v1/user/getImg HTTP/1.1" 200 174 "http://localhost:3000/" "Mozilla/5.0 (X11; Linux x86_64) AppleWebKit/537.36 (KHTML, like Gecko) Chrome/132.0.0.0 Safari/537.36"
::1 - - [10/Oct/2025:22:01:03 +0000] "GET /api/v1/user/getNotification HTTP/1.1" 200 52 "http://localhost:3000/" "Mozilla/5.0 (X11; Linux x86_64) AppleWebKit/537.36 (KHTML, like Gecko) Chrome/132.0.0.0 Safari/537.36"
::ffff:127.0.0.1 - - [10/Oct/2025:22:01:07 +0000] "GET /api/v1/user/getInstructorData?id=68e480f5324e0e7633183f2e&token=eyJhbGciOiJIUzI1NiIsInR5cCI6IkpXVCJ9.eyJpZCI6IjY4YWViZDg1ZmM1N2M2YmFhMWY2ZDgwMSIsImVtYWlsIjoiamtAZ21haWwuY29tIiwicm9sZSI6IlVzZXIiLCJpYXQiOjE3NjAxMzI5NTYsImV4cCI6MTc2MDEzNDQ1Nn0.jx5I9FF9dPPq2k1Do41UWUMv_DDj1w1UE5smtVje59E HTTP/1.1" 200 2314 "-" "axios/1.11.0"
::ffff:127.0.0.1 - - [10/Oct/2025:22:01:10 +0000] "GET /api/v1/user/getInstructorData?id=68e480f5324e0e7633183f2e&token=eyJhbGciOiJIUzI1NiIsInR5cCI6IkpXVCJ9.eyJpZCI6IjY4YWViZDg1ZmM1N2M2YmFhMWY2ZDgwMSIsImVtYWlsIjoiamtAZ21haWwuY29tIiwicm9sZSI6IlVzZXIiLCJpYXQiOjE3NjAxMzI5NTYsImV4cCI6MTc2MDEzNDQ1Nn0.jx5I9FF9dPPq2k1Do41UWUMv_DDj1w1UE5smtVje59E HTTP/1.1" 200 2314 "-" "axios/1.11.0"
::ffff:127.0.0.1 - - [10/Oct/2025:22:01:11 +0000] "GET /api/v1/user/getInstructorData?id=68e480f5324e0e7633183f2e&token=eyJhbGciOiJIUzI1NiIsInR5cCI6IkpXVCJ9.eyJpZCI6IjY4YWViZDg1ZmM1N2M2YmFhMWY2ZDgwMSIsImVtYWlsIjoiamtAZ21haWwuY29tIiwicm9sZSI6IlVzZXIiLCJpYXQiOjE3NjAxMzI5NTYsImV4cCI6MTc2MDEzNDQ1Nn0.jx5I9FF9dPPq2k1Do41UWUMv_DDj1w1UE5smtVje59E HTTP/1.1" 200 2314 "-" "axios/1.11.0"
::1 - - [10/Oct/2025:22:01:18 +0000] "GET /api/v1/user/getImg HTTP/1.1" 200 174 "http://localhost:3000/" "Mozilla/5.0 (X11; Linux x86_64) AppleWebKit/537.36 (KHTML, like Gecko) Chrome/132.0.0.0 Safari/537.36"
::1 - - [10/Oct/2025:22:01:18 +0000] "GET /api/v1/user/getNotification HTTP/1.1" 200 52 "http://localhost:3000/" "Mozilla/5.0 (X11; Linux x86_64) AppleWebKit/537.36 (KHTML, like Gecko) Chrome/132.0.0.0 Safari/537.36"
::ffff:127.0.0.1 - - [10/Oct/2025:22:01:20 +0000] "GET /api/v1/user/getInstructorData?id=68e480f5324e0e7633183f2e&token=eyJhbGciOiJIUzI1NiIsInR5cCI6IkpXVCJ9.eyJpZCI6IjY4YWViZDg1ZmM1N2M2YmFhMWY2ZDgwMSIsImVtYWlsIjoiamtAZ21haWwuY29tIiwicm9sZSI6IlVzZXIiLCJpYXQiOjE3NjAxMzI5NTYsImV4cCI6MTc2MDEzNDQ1Nn0.jx5I9FF9dPPq2k1Do41UWUMv_DDj1w1UE5smtVje59E HTTP/1.1" 200 2314 "-" "axios/1.11.0"
::1 - - [10/Oct/2025:22:01:24 +0000] "GET /api/v1/user/getNotification HTTP/1.1" 200 52 "http://localhost:3000/" "Mozilla/5.0 (X11; Linux x86_64) AppleWebKit/537.36 (KHTML, like Gecko) Chrome/132.0.0.0 Safari/537.36"
::1 - - [10/Oct/2025:22:01:24 +0000] "GET /api/v1/user/getImg HTTP/1.1" 200 174 "http://localhost:3000/" "Mozilla/5.0 (X11; Linux x86_64) AppleWebKit/537.36 (KHTML, like Gecko) Chrome/132.0.0.0 Safari/537.36"
::ffff:127.0.0.1 - - [10/Oct/2025:22:01:26 +0000] "GET /api/v1/user/getInstructorData?id=68e480f5324e0e7633183f2e&token=eyJhbGciOiJIUzI1NiIsInR5cCI6IkpXVCJ9.eyJpZCI6IjY4YWViZDg1ZmM1N2M2YmFhMWY2ZDgwMSIsImVtYWlsIjoiamtAZ21haWwuY29tIiwicm9sZSI6IlVzZXIiLCJpYXQiOjE3NjAxMzI5NTYsImV4cCI6MTc2MDEzNDQ1Nn0.jx5I9FF9dPPq2k1Do41UWUMv_DDj1w1UE5smtVje59E HTTP/1.1" 200 2314 "-" "axios/1.11.0"
::ffff:127.0.0.1 - - [10/Oct/2025:22:01:31 +0000] "GET /api/v1/user/getInstructorData?id=68e480f5324e0e7633183f2e&token=eyJhbGciOiJIUzI1NiIsInR5cCI6IkpXVCJ9.eyJpZCI6IjY4YWViZDg1ZmM1N2M2YmFhMWY2ZDgwMSIsImVtYWlsIjoiamtAZ21haWwuY29tIiwicm9sZSI6IlVzZXIiLCJpYXQiOjE3NjAxMzI5NTYsImV4cCI6MTc2MDEzNDQ1Nn0.jx5I9FF9dPPq2k1Do41UWUMv_DDj1w1UE5smtVje59E HTTP/1.1" 200 2314 "-" "axios/1.11.0"
::ffff:127.0.0.1 - - [10/Oct/2025:22:01:32 +0000] "GET /api/v1/user/getInstructorData?id=68e480f5324e0e7633183f2e&token=eyJhbGciOiJIUzI1NiIsInR5cCI6IkpXVCJ9.eyJpZCI6IjY4YWViZDg1ZmM1N2M2YmFhMWY2ZDgwMSIsImVtYWlsIjoiamtAZ21haWwuY29tIiwicm9sZSI6IlVzZXIiLCJpYXQiOjE3NjAxMzI5NTYsImV4cCI6MTc2MDEzNDQ1Nn0.jx5I9FF9dPPq2k1Do41UWUMv_DDj1w1UE5smtVje59E HTTP/1.1" 200 2314 "-" "axios/1.11.0"
::ffff:127.0.0.1 - - [10/Oct/2025:22:01:34 +0000] "GET /api/v1/user/getInstructorData?id=68e480f5324e0e7633183f2e&token=eyJhbGciOiJIUzI1NiIsInR5cCI6IkpXVCJ9.eyJpZCI6IjY4YWViZDg1ZmM1N2M2YmFhMWY2ZDgwMSIsImVtYWlsIjoiamtAZ21haWwuY29tIiwicm9sZSI6IlVzZXIiLCJpYXQiOjE3NjAxMzI5NTYsImV4cCI6MTc2MDEzNDQ1Nn0.jx5I9FF9dPPq2k1Do41UWUMv_DDj1w1UE5smtVje59E HTTP/1.1" 200 2314 "-" "axios/1.11.0"
::ffff:127.0.0.1 - - [10/Oct/2025:22:02:53 +0000] "GET /api/v1/user/getInstructorData?id=68e480f5324e0e7633183f2e&token=eyJhbGciOiJIUzI1NiIsInR5cCI6IkpXVCJ9.eyJpZCI6IjY4YWViZDg1ZmM1N2M2YmFhMWY2ZDgwMSIsImVtYWlsIjoiamtAZ21haWwuY29tIiwicm9sZSI6IlVzZXIiLCJpYXQiOjE3NjAxMzI5NTYsImV4cCI6MTc2MDEzNDQ1Nn0.jx5I9FF9dPPq2k1Do41UWUMv_DDj1w1UE5smtVje59E HTTP/1.1" 200 2314 "-" "axios/1.11.0"
::ffff:127.0.0.1 - - [10/Oct/2025:22:02:59 +0000] "GET /api/v1/user/getInstructorData?id=68e480f5324e0e7633183f2e&token=eyJhbGciOiJIUzI1NiIsInR5cCI6IkpXVCJ9.eyJpZCI6IjY4YWViZDg1ZmM1N2M2YmFhMWY2ZDgwMSIsImVtYWlsIjoiamtAZ21haWwuY29tIiwicm9sZSI6IlVzZXIiLCJpYXQiOjE3NjAxMzI5NTYsImV4cCI6MTc2MDEzNDQ1Nn0.jx5I9FF9dPPq2k1Do41UWUMv_DDj1w1UE5smtVje59E HTTP/1.1" 200 2314 "-" "axios/1.11.0"
::ffff:127.0.0.1 - - [10/Oct/2025:22:03:41 +0000] "GET /api/v1/user/getInstructorData?id=68e480f5324e0e7633183f2e&token=eyJhbGciOiJIUzI1NiIsInR5cCI6IkpXVCJ9.eyJpZCI6IjY4YWViZDg1ZmM1N2M2YmFhMWY2ZDgwMSIsImVtYWlsIjoiamtAZ21haWwuY29tIiwicm9sZSI6IlVzZXIiLCJpYXQiOjE3NjAxMzI5NTYsImV4cCI6MTc2MDEzNDQ1Nn0.jx5I9FF9dPPq2k1Do41UWUMv_DDj1w1UE5smtVje59E HTTP/1.1" 200 2314 "-" "axios/1.11.0"
::ffff:127.0.0.1 - - [10/Oct/2025:22:03:41 +0000] "GET /api/v1/user/getInstructorData?id=68e480f5324e0e7633183f2e&token=eyJhbGciOiJIUzI1NiIsInR5cCI6IkpXVCJ9.eyJpZCI6IjY4YWViZDg1ZmM1N2M2YmFhMWY2ZDgwMSIsImVtYWlsIjoiamtAZ21haWwuY29tIiwicm9sZSI6IlVzZXIiLCJpYXQiOjE3NjAxMzI5NTYsImV4cCI6MTc2MDEzNDQ1Nn0.jx5I9FF9dPPq2k1Do41UWUMv_DDj1w1UE5smtVje59E HTTP/1.1" 200 2314 "-" "axios/1.11.0"
::ffff:127.0.0.1 - - [10/Oct/2025:22:03:41 +0000] "GET /api/v1/user/getInstructorData?id=68e480f5324e0e7633183f2e&token=eyJhbGciOiJIUzI1NiIsInR5cCI6IkpXVCJ9.eyJpZCI6IjY4YWViZDg1ZmM1N2M2YmFhMWY2ZDgwMSIsImVtYWlsIjoiamtAZ21haWwuY29tIiwicm9sZSI6IlVzZXIiLCJpYXQiOjE3NjAxMzI5NTYsImV4cCI6MTc2MDEzNDQ1Nn0.jx5I9FF9dPPq2k1Do41UWUMv_DDj1w1UE5smtVje59E HTTP/1.1" 200 2314 "-" "axios/1.11.0"
::ffff:127.0.0.1 - - [10/Oct/2025:22:03:41 +0000] "GET /api/v1/user/getInstructorData?id=68e480f5324e0e7633183f2e&token=eyJhbGciOiJIUzI1NiIsInR5cCI6IkpXVCJ9.eyJpZCI6IjY4YWViZDg1ZmM1N2M2YmFhMWY2ZDgwMSIsImVtYWlsIjoiamtAZ21haWwuY29tIiwicm9sZSI6IlVzZXIiLCJpYXQiOjE3NjAxMzI5NTYsImV4cCI6MTc2MDEzNDQ1Nn0.jx5I9FF9dPPq2k1Do41UWUMv_DDj1w1UE5smtVje59E HTTP/1.1" 200 2314 "-" "axios/1.11.0"
::1 - - [10/Oct/2025:22:03:43 +0000] "GET /api/v1/user/getNotification HTTP/1.1" 200 52 "http://localhost:3000/" "Mozilla/5.0 (X11; Linux x86_64) AppleWebKit/537.36 (KHTML, like Gecko) Chrome/132.0.0.0 Safari/537.36"
::1 - - [10/Oct/2025:22:03:43 +0000] "GET /api/v1/user/getImg HTTP/1.1" 200 174 "http://localhost:3000/" "Mozilla/5.0 (X11; Linux x86_64) AppleWebKit/537.36 (KHTML, like Gecko) Chrome/132.0.0.0 Safari/537.36"
::ffff:127.0.0.1 - - [10/Oct/2025:22:04:29 +0000] "GET /api/v1/user/getInstructorData?id=68e480f5324e0e7633183f2e&token=eyJhbGciOiJIUzI1NiIsInR5cCI6IkpXVCJ9.eyJpZCI6IjY4YWViZDg1ZmM1N2M2YmFhMWY2ZDgwMSIsImVtYWlsIjoiamtAZ21haWwuY29tIiwicm9sZSI6IlVzZXIiLCJpYXQiOjE3NjAxMzI5NTYsImV4cCI6MTc2MDEzNDQ1Nn0.jx5I9FF9dPPq2k1Do41UWUMv_DDj1w1UE5smtVje59E HTTP/1.1" 200 2314 "-" "axios/1.11.0"
::ffff:127.0.0.1 - - [10/Oct/2025:22:05:01 +0000] "GET /api/v1/user/getInstructorData?id=68e480f5324e0e7633183f2e&token=eyJhbGciOiJIUzI1NiIsInR5cCI6IkpXVCJ9.eyJpZCI6IjY4YWViZDg1ZmM1N2M2YmFhMWY2ZDgwMSIsImVtYWlsIjoiamtAZ21haWwuY29tIiwicm9sZSI6IlVzZXIiLCJpYXQiOjE3NjAxMzI5NTYsImV4cCI6MTc2MDEzNDQ1Nn0.jx5I9FF9dPPq2k1Do41UWUMv_DDj1w1UE5smtVje59E HTTP/1.1" 200 2314 "-" "axios/1.11.0"
::ffff:127.0.0.1 - - [10/Oct/2025:22:05:01 +0000] "GET /api/v1/user/getInstructorData?id=68e480f5324e0e7633183f2e&token=eyJhbGciOiJIUzI1NiIsInR5cCI6IkpXVCJ9.eyJpZCI6IjY4YWViZDg1ZmM1N2M2YmFhMWY2ZDgwMSIsImVtYWlsIjoiamtAZ21haWwuY29tIiwicm9sZSI6IlVzZXIiLCJpYXQiOjE3NjAxMzI5NTYsImV4cCI6MTc2MDEzNDQ1Nn0.jx5I9FF9dPPq2k1Do41UWUMv_DDj1w1UE5smtVje59E HTTP/1.1" 200 2314 "-" "axios/1.11.0"
::ffff:127.0.0.1 - - [10/Oct/2025:22:05:06 +0000] "GET /api/v1/user/getInstructorData?id=68e480f5324e0e7633183f2e&token=eyJhbGciOiJIUzI1NiIsInR5cCI6IkpXVCJ9.eyJpZCI6IjY4YWViZDg1ZmM1N2M2YmFhMWY2ZDgwMSIsImVtYWlsIjoiamtAZ21haWwuY29tIiwicm9sZSI6IlVzZXIiLCJpYXQiOjE3NjAxMzI5NTYsImV4cCI6MTc2MDEzNDQ1Nn0.jx5I9FF9dPPq2k1Do41UWUMv_DDj1w1UE5smtVje59E HTTP/1.1" 200 2314 "-" "axios/1.11.0"
::ffff:127.0.0.1 - - [10/Oct/2025:22:05:06 +0000] "GET /api/v1/user/getInstructorData?id=68e480f5324e0e7633183f2e&token=eyJhbGciOiJIUzI1NiIsInR5cCI6IkpXVCJ9.eyJpZCI6IjY4YWViZDg1ZmM1N2M2YmFhMWY2ZDgwMSIsImVtYWlsIjoiamtAZ21haWwuY29tIiwicm9sZSI6IlVzZXIiLCJpYXQiOjE3NjAxMzI5NTYsImV4cCI6MTc2MDEzNDQ1Nn0.jx5I9FF9dPPq2k1Do41UWUMv_DDj1w1UE5smtVje59E HTTP/1.1" 200 2314 "-" "axios/1.11.0"
::ffff:127.0.0.1 - - [10/Oct/2025:22:05:08 +0000] "GET /api/v1/user/getInstructorData?id=68e480f5324e0e7633183f2e&token=eyJhbGciOiJIUzI1NiIsInR5cCI6IkpXVCJ9.eyJpZCI6IjY4YWViZDg1ZmM1N2M2YmFhMWY2ZDgwMSIsImVtYWlsIjoiamtAZ21haWwuY29tIiwicm9sZSI6IlVzZXIiLCJpYXQiOjE3NjAxMzI5NTYsImV4cCI6MTc2MDEzNDQ1Nn0.jx5I9FF9dPPq2k1Do41UWUMv_DDj1w1UE5smtVje59E HTTP/1.1" 200 2314 "-" "axios/1.11.0"
::ffff:127.0.0.1 - - [10/Oct/2025:22:05:27 +0000] "GET /api/v1/user/getInstructorData?id=68e480f5324e0e7633183f2e&token=eyJhbGciOiJIUzI1NiIsInR5cCI6IkpXVCJ9.eyJpZCI6IjY4YWViZDg1ZmM1N2M2YmFhMWY2ZDgwMSIsImVtYWlsIjoiamtAZ21haWwuY29tIiwicm9sZSI6IlVzZXIiLCJpYXQiOjE3NjAxMzI5NTYsImV4cCI6MTc2MDEzNDQ1Nn0.jx5I9FF9dPPq2k1Do41UWUMv_DDj1w1UE5smtVje59E HTTP/1.1" 200 2314 "-" "axios/1.11.0"
::1 - - [10/Oct/2025:22:05:38 +0000] "GET /api/v1/user/getNotification HTTP/1.1" 200 52 "http://localhost:3000/" "Mozilla/5.0 (X11; Linux x86_64) AppleWebKit/537.36 (KHTML, like Gecko) Chrome/132.0.0.0 Safari/537.36"
::1 - - [10/Oct/2025:22:05:38 +0000] "GET /api/v1/user/getImg HTTP/1.1" 200 174 "http://localhost:3000/" "Mozilla/5.0 (X11; Linux x86_64) AppleWebKit/537.36 (KHTML, like Gecko) Chrome/132.0.0.0 Safari/537.36"
::ffff:127.0.0.1 - - [10/Oct/2025:22:05:47 +0000] "GET /api/v1/user/getInstructorData?id=68e480f5324e0e7633183f2e&token=eyJhbGciOiJIUzI1NiIsInR5cCI6IkpXVCJ9.eyJpZCI6IjY4YWViZDg1ZmM1N2M2YmFhMWY2ZDgwMSIsImVtYWlsIjoiamtAZ21haWwuY29tIiwicm9sZSI6IlVzZXIiLCJpYXQiOjE3NjAxMzI5NTYsImV4cCI6MTc2MDEzNDQ1Nn0.jx5I9FF9dPPq2k1Do41UWUMv_DDj1w1UE5smtVje59E HTTP/1.1" 200 2314 "-" "axios/1.11.0"
::ffff:127.0.0.1 - - [10/Oct/2025:22:05:56 +0000] "GET /api/v1/user/getInstructorData?id=68e480f5324e0e7633183f2e&token=eyJhbGciOiJIUzI1NiIsInR5cCI6IkpXVCJ9.eyJpZCI6IjY4YWViZDg1ZmM1N2M2YmFhMWY2ZDgwMSIsImVtYWlsIjoiamtAZ21haWwuY29tIiwicm9sZSI6IlVzZXIiLCJpYXQiOjE3NjAxMzI5NTYsImV4cCI6MTc2MDEzNDQ1Nn0.jx5I9FF9dPPq2k1Do41UWUMv_DDj1w1UE5smtVje59E HTTP/1.1" 200 2314 "-" "axios/1.11.0"
::ffff:127.0.0.1 - - [10/Oct/2025:22:05:58 +0000] "GET /api/v1/user/getInstructorData?id=68e480f5324e0e7633183f2e&token=eyJhbGciOiJIUzI1NiIsInR5cCI6IkpXVCJ9.eyJpZCI6IjY4YWViZDg1ZmM1N2M2YmFhMWY2ZDgwMSIsImVtYWlsIjoiamtAZ21haWwuY29tIiwicm9sZSI6IlVzZXIiLCJpYXQiOjE3NjAxMzI5NTYsImV4cCI6MTc2MDEzNDQ1Nn0.jx5I9FF9dPPq2k1Do41UWUMv_DDj1w1UE5smtVje59E HTTP/1.1" 200 2314 "-" "axios/1.11.0"
::1 - - [10/Oct/2025:22:06:18 +0000] "GET /api/v1/user/getNotification HTTP/1.1" 200 52 "http://localhost:3000/" "Mozilla/5.0 (X11; Linux x86_64) AppleWebKit/537.36 (KHTML, like Gecko) Chrome/132.0.0.0 Safari/537.36"
::1 - - [10/Oct/2025:22:06:18 +0000] "GET /api/v1/user/getImg HTTP/1.1" 200 174 "http://localhost:3000/" "Mozilla/5.0 (X11; Linux x86_64) AppleWebKit/537.36 (KHTML, like Gecko) Chrome/132.0.0.0 Safari/537.36"
::ffff:127.0.0.1 - - [10/Oct/2025:22:07:52 +0000] "GET /api/v1/user/getInstructorData?id=68e480f5324e0e7633183f2e&token=eyJhbGciOiJIUzI1NiIsInR5cCI6IkpXVCJ9.eyJpZCI6IjY4YWViZDg1ZmM1N2M2YmFhMWY2ZDgwMSIsImVtYWlsIjoiamtAZ21haWwuY29tIiwicm9sZSI6IlVzZXIiLCJpYXQiOjE3NjAxMzI5NTYsImV4cCI6MTc2MDEzNDQ1Nn0.jx5I9FF9dPPq2k1Do41UWUMv_DDj1w1UE5smtVje59E HTTP/1.1" 200 2314 "-" "axios/1.11.0"
::ffff:127.0.0.1 - - [10/Oct/2025:22:07:52 +0000] "GET /api/v1/user/getInstructorData?id=68e480f5324e0e7633183f2e&token=eyJhbGciOiJIUzI1NiIsInR5cCI6IkpXVCJ9.eyJpZCI6IjY4YWViZDg1ZmM1N2M2YmFhMWY2ZDgwMSIsImVtYWlsIjoiamtAZ21haWwuY29tIiwicm9sZSI6IlVzZXIiLCJpYXQiOjE3NjAxMzI5NTYsImV4cCI6MTc2MDEzNDQ1Nn0.jx5I9FF9dPPq2k1Do41UWUMv_DDj1w1UE5smtVje59E HTTP/1.1" 200 2314 "-" "axios/1.11.0"
::1 - - [10/Oct/2025:22:08:03 +0000] "GET /api/v1/user/getNotification HTTP/1.1" 200 52 "http://localhost:3000/" "Mozilla/5.0 (X11; Linux x86_64) AppleWebKit/537.36 (KHTML, like Gecko) Chrome/132.0.0.0 Safari/537.36"
::1 - - [10/Oct/2025:22:08:03 +0000] "GET /api/v1/user/getImg HTTP/1.1" 200 174 "http://localhost:3000/" "Mozilla/5.0 (X11; Linux x86_64) AppleWebKit/537.36 (KHTML, like Gecko) Chrome/132.0.0.0 Safari/537.36"
::ffff:127.0.0.1 - - [10/Oct/2025:22:15:30 +0000] "GET /api/v1/user/getInstructorData?id=68e480f5324e0e7633183f2e&token=eyJhbGciOiJIUzI1NiIsInR5cCI6IkpXVCJ9.eyJpZCI6IjY4YWViZDg1ZmM1N2M2YmFhMWY2ZDgwMSIsImVtYWlsIjoiamtAZ21haWwuY29tIiwicm9sZSI6IlVzZXIiLCJpYXQiOjE3NjAxMzI5NTYsImV4cCI6MTc2MDEzNDQ1Nn0.jx5I9FF9dPPq2k1Do41UWUMv_DDj1w1UE5smtVje59E HTTP/1.1" 401 27 "-" "axios/1.11.0"
::ffff:127.0.0.1 - - [10/Oct/2025:22:15:30 +0000] "POST /api/v1/user/refreshToken HTTP/1.1" 200 43 "-" "axios/1.11.0"
::ffff:127.0.0.1 - - [10/Oct/2025:22:15:45 +0000] "GET /api/v1/user/getInstructorData?id=68e480f5324e0e7633183f2e&token=eyJhbGciOiJIUzI1NiIsInR5cCI6IkpXVCJ9.eyJpZCI6IjY4YWViZDg1ZmM1N2M2YmFhMWY2ZDgwMSIsImVtYWlsIjoiamtAZ21haWwuY29tIiwicm9sZSI6IlVzZXIiLCJpYXQiOjE3NjAxMzI5NTYsImV4cCI6MTc2MDEzNDQ1Nn0.jx5I9FF9dPPq2k1Do41UWUMv_DDj1w1UE5smtVje59E HTTP/1.1" 401 27 "-" "axios/1.11.0"
::ffff:127.0.0.1 - - [10/Oct/2025:22:15:45 +0000] "POST /api/v1/user/refreshToken HTTP/1.1" 200 43 "-" "axios/1.11.0"
::ffff:127.0.0.1 - - [10/Oct/2025:22:15:50 +0000] "GET /api/v1/user/getInstructorData?id=68e480f5324e0e7633183f2e&token=eyJhbGciOiJIUzI1NiIsInR5cCI6IkpXVCJ9.eyJpZCI6IjY4YWViZDg1ZmM1N2M2YmFhMWY2ZDgwMSIsImVtYWlsIjoiamtAZ21haWwuY29tIiwicm9sZSI6IlVzZXIiLCJpYXQiOjE3NjAxMzI5NTYsImV4cCI6MTc2MDEzNDQ1Nn0.jx5I9FF9dPPq2k1Do41UWUMv_DDj1w1UE5smtVje59E HTTP/1.1" 401 27 "-" "axios/1.11.0"
::ffff:127.0.0.1 - - [10/Oct/2025:22:15:50 +0000] "POST /api/v1/user/refreshToken HTTP/1.1" 200 43 "-" "axios/1.11.0"
::ffff:127.0.0.1 - - [10/Oct/2025:22:15:57 +0000] "GET /api/v1/user/getInstructorData?id=68e480f5324e0e7633183f2e&token=eyJhbGciOiJIUzI1NiIsInR5cCI6IkpXVCJ9.eyJpZCI6IjY4YWViZDg1ZmM1N2M2YmFhMWY2ZDgwMSIsImVtYWlsIjoiamtAZ21haWwuY29tIiwicm9sZSI6IlVzZXIiLCJpYXQiOjE3NjAxMzI5NTYsImV4cCI6MTc2MDEzNDQ1Nn0.jx5I9FF9dPPq2k1Do41UWUMv_DDj1w1UE5smtVje59E HTTP/1.1" 401 27 "-" "axios/1.11.0"
::ffff:127.0.0.1 - - [10/Oct/2025:22:15:57 +0000] "POST /api/v1/user/refreshToken HTTP/1.1" 200 43 "-" "axios/1.11.0"
::1 - - [10/Oct/2025:22:16:24 +0000] "OPTIONS /api/v1/user/login HTTP/1.1" 204 0 "http://localhost:3000/" "Mozilla/5.0 (X11; Linux x86_64) AppleWebKit/537.36 (KHTML, like Gecko) Chrome/132.0.0.0 Safari/537.36"
::1 - - [10/Oct/2025:22:16:24 +0000] "POST /api/v1/user/login HTTP/1.1" 200 72 "http://localhost:3000/" "Mozilla/5.0 (X11; Linux x86_64) AppleWebKit/537.36 (KHTML, like Gecko) Chrome/132.0.0.0 Safari/537.36"
::1 - - [10/Oct/2025:22:16:27 +0000] "OPTIONS /api/v1/user/login HTTP/1.1" 204 0 "http://localhost:3000/" "Mozilla/5.0 (X11; Linux x86_64) AppleWebKit/537.36 (KHTML, like Gecko) Chrome/132.0.0.0 Safari/537.36"
::1 - - [10/Oct/2025:22:16:27 +0000] "POST /api/v1/user/login HTTP/1.1" 200 553 "http://localhost:3000/" "Mozilla/5.0 (X11; Linux x86_64) AppleWebKit/537.36 (KHTML, like Gecko) Chrome/132.0.0.0 Safari/537.36"
::1 - - [10/Oct/2025:22:16:28 +0000] "GET /api/v1/user/getImg HTTP/1.1" 200 174 "http://localhost:3000/" "Mozilla/5.0 (X11; Linux x86_64) AppleWebKit/537.36 (KHTML, like Gecko) Chrome/132.0.0.0 Safari/537.36"
::1 - - [10/Oct/2025:22:16:28 +0000] "GET /api/v1/user/getImg HTTP/1.1" 200 174 "http://localhost:3000/" "Mozilla/5.0 (X11; Linux x86_64) AppleWebKit/537.36 (KHTML, like Gecko) Chrome/132.0.0.0 Safari/537.36"
::1 - - [10/Oct/2025:22:16:28 +0000] "GET /api/v1/user/getNotification HTTP/1.1" 200 52 "http://localhost:3000/" "Mozilla/5.0 (X11; Linux x86_64) AppleWebKit/537.36 (KHTML, like Gecko) Chrome/132.0.0.0 Safari/537.36"
::1 - - [10/Oct/2025:22:16:28 +0000] "GET /api/v1/user/getNotification HTTP/1.1" 200 52 "http://localhost:3000/" "Mozilla/5.0 (X11; Linux x86_64) AppleWebKit/537.36 (KHTML, like Gecko) Chrome/132.0.0.0 Safari/537.36"
::1 - - [10/Oct/2025:22:16:28 +0000] "GET /api/v1/user/getBannerData HTTP/1.1" 200 2878 "http://localhost:3000/" "Mozilla/5.0 (X11; Linux x86_64) AppleWebKit/537.36 (KHTML, like Gecko) Chrome/132.0.0.0 Safari/537.36"
::1 - - [10/Oct/2025:22:16:28 +0000] "GET /api/v1/user/getBannerData HTTP/1.1" 200 2878 "http://localhost:3000/" "Mozilla/5.0 (X11; Linux x86_64) AppleWebKit/537.36 (KHTML, like Gecko) Chrome/132.0.0.0 Safari/537.36"
::1 - - [10/Oct/2025:22:16:29 +0000] "GET /api/v1/user/latestCourse HTTP/1.1" 200 3704 "http://localhost:3000/" "Mozilla/5.0 (X11; Linux x86_64) AppleWebKit/537.36 (KHTML, like Gecko) Chrome/132.0.0.0 Safari/537.36"
::1 - - [10/Oct/2025:22:16:29 +0000] "GET /api/v1/user/latestCourse HTTP/1.1" 200 3704 "http://localhost:3000/" "Mozilla/5.0 (X11; Linux x86_64) AppleWebKit/537.36 (KHTML, like Gecko) Chrome/132.0.0.0 Safari/537.36"
::1 - - [10/Oct/2025:22:16:29 +0000] "GET /api/v1/user/popularInstrcutors HTTP/1.1" 200 3362 "http://localhost:3000/" "Mozilla/5.0 (X11; Linux x86_64) AppleWebKit/537.36 (KHTML, like Gecko) Chrome/132.0.0.0 Safari/537.36"
::1 - - [10/Oct/2025:22:16:29 +0000] "GET /api/v1/user/popularInstrcutors HTTP/1.1" 200 3362 "http://localhost:3000/" "Mozilla/5.0 (X11; Linux x86_64) AppleWebKit/537.36 (KHTML, like Gecko) Chrome/132.0.0.0 Safari/537.36"
::1 - - [10/Oct/2025:22:16:34 +0000] "GET /api/v1/user/getImg HTTP/1.1" 200 174 "http://localhost:3000/" "Mozilla/5.0 (X11; Linux x86_64) AppleWebKit/537.36 (KHTML, like Gecko) Chrome/132.0.0.0 Safari/537.36"
::1 - - [10/Oct/2025:22:16:34 +0000] "GET /api/v1/user/getNotification HTTP/1.1" 200 52 "http://localhost:3000/" "Mozilla/5.0 (X11; Linux x86_64) AppleWebKit/537.36 (KHTML, like Gecko) Chrome/132.0.0.0 Safari/537.36"
::1 - - [10/Oct/2025:22:16:34 +0000] "GET /api/v1/user/fetchQnAData?courseId=68e48480324e0e7633183f30 HTTP/1.1" 200 291 "http://localhost:3000/" "Mozilla/5.0 (X11; Linux x86_64) AppleWebKit/537.36 (KHTML, like Gecko) Chrome/132.0.0.0 Safari/537.36"
::1 - - [10/Oct/2025:22:16:34 +0000] "GET /api/v1/user/getImg HTTP/1.1" 200 174 "http://localhost:3000/" "Mozilla/5.0 (X11; Linux x86_64) AppleWebKit/537.36 (KHTML, like Gecko) Chrome/132.0.0.0 Safari/537.36"
::1 - - [10/Oct/2025:22:16:34 +0000] "GET /api/v1/user/getNotification HTTP/1.1" 200 52 "http://localhost:3000/" "Mozilla/5.0 (X11; Linux x86_64) AppleWebKit/537.36 (KHTML, like Gecko) Chrome/132.0.0.0 Safari/537.36"
::1 - - [10/Oct/2025:22:16:34 +0000] "GET /api/v1/user/fetchQnAData?courseId=68e48480324e0e7633183f30 HTTP/1.1" 200 291 "http://localhost:3000/" "Mozilla/5.0 (X11; Linux x86_64) AppleWebKit/537.36 (KHTML, like Gecko) Chrome/132.0.0.0 Safari/537.36"
::1 - - [10/Oct/2025:22:16:34 +0000] "GET /api/v1/user/getCourse?courseId=68e48480324e0e7633183f30 HTTP/1.1" 200 2492 "http://localhost:3000/" "Mozilla/5.0 (X11; Linux x86_64) AppleWebKit/537.36 (KHTML, like Gecko) Chrome/132.0.0.0 Safari/537.36"
::1 - - [10/Oct/2025:22:16:34 +0000] "GET /api/v1/user/getCourse?courseId=68e48480324e0e7633183f30 HTTP/1.1" 200 2492 "http://localhost:3000/" "Mozilla/5.0 (X11; Linux x86_64) AppleWebKit/537.36 (KHTML, like Gecko) Chrome/132.0.0.0 Safari/537.36"
::ffff:127.0.0.1 - - [10/Oct/2025:22:16:37 +0000] "GET /api/v1/user/getInstructorData?id=68e480f5324e0e7633183f2e&token=eyJhbGciOiJIUzI1NiIsInR5cCI6IkpXVCJ9.eyJpZCI6IjY4YWViZDg1ZmM1N2M2YmFhMWY2ZDgwMSIsImVtYWlsIjoiamtAZ21haWwuY29tIiwicm9sZSI6IlVzZXIiLCJpYXQiOjE3NjAxMzQ1ODcsImV4cCI6MTc2MDEzNjA4N30.5uOBithB06SA1Zmly7lpBOev1oxnJtHCE1bjBSneCG8 HTTP/1.1" 200 2314 "-" "axios/1.11.0"
::1 - - [10/Oct/2025:22:16:39 +0000] "GET /api/v1/user/getNotification HTTP/1.1" 200 52 "http://localhost:3000/" "Mozilla/5.0 (X11; Linux x86_64) AppleWebKit/537.36 (KHTML, like Gecko) Chrome/132.0.0.0 Safari/537.36"
::1 - - [10/Oct/2025:22:16:39 +0000] "GET /api/v1/user/getImg HTTP/1.1" 200 174 "http://localhost:3000/" "Mozilla/5.0 (X11; Linux x86_64) AppleWebKit/537.36 (KHTML, like Gecko) Chrome/132.0.0.0 Safari/537.36"
::ffff:127.0.0.1 - - [10/Oct/2025:22:17:56 +0000] "GET /api/v1/user/getInstructorData?id=68e480f5324e0e7633183f2e&token=eyJhbGciOiJIUzI1NiIsInR5cCI6IkpXVCJ9.eyJpZCI6IjY4YWViZDg1ZmM1N2M2YmFhMWY2ZDgwMSIsImVtYWlsIjoiamtAZ21haWwuY29tIiwicm9sZSI6IlVzZXIiLCJpYXQiOjE3NjAxMzQ1ODcsImV4cCI6MTc2MDEzNjA4N30.5uOBithB06SA1Zmly7lpBOev1oxnJtHCE1bjBSneCG8 HTTP/1.1" 200 2314 "-" "axios/1.11.0"
::ffff:127.0.0.1 - - [10/Oct/2025:22:18:06 +0000] "GET /api/v1/user/getInstructorData?id=68e480f5324e0e7633183f2e&token=eyJhbGciOiJIUzI1NiIsInR5cCI6IkpXVCJ9.eyJpZCI6IjY4YWViZDg1ZmM1N2M2YmFhMWY2ZDgwMSIsImVtYWlsIjoiamtAZ21haWwuY29tIiwicm9sZSI6IlVzZXIiLCJpYXQiOjE3NjAxMzQ1ODcsImV4cCI6MTc2MDEzNjA4N30.5uOBithB06SA1Zmly7lpBOev1oxnJtHCE1bjBSneCG8 HTTP/1.1" 200 2314 "-" "axios/1.11.0"
::ffff:127.0.0.1 - - [10/Oct/2025:22:18:10 +0000] "GET /api/v1/user/getInstructorData?id=68e480f5324e0e7633183f2e&token=eyJhbGciOiJIUzI1NiIsInR5cCI6IkpXVCJ9.eyJpZCI6IjY4YWViZDg1ZmM1N2M2YmFhMWY2ZDgwMSIsImVtYWlsIjoiamtAZ21haWwuY29tIiwicm9sZSI6IlVzZXIiLCJpYXQiOjE3NjAxMzQ1ODcsImV4cCI6MTc2MDEzNjA4N30.5uOBithB06SA1Zmly7lpBOev1oxnJtHCE1bjBSneCG8 HTTP/1.1" 200 2314 "-" "axios/1.11.0"
::ffff:127.0.0.1 - - [10/Oct/2025:22:18:12 +0000] "GET /api/v1/user/getInstructorData?id=68e480f5324e0e7633183f2e&token=eyJhbGciOiJIUzI1NiIsInR5cCI6IkpXVCJ9.eyJpZCI6IjY4YWViZDg1ZmM1N2M2YmFhMWY2ZDgwMSIsImVtYWlsIjoiamtAZ21haWwuY29tIiwicm9sZSI6IlVzZXIiLCJpYXQiOjE3NjAxMzQ1ODcsImV4cCI6MTc2MDEzNjA4N30.5uOBithB06SA1Zmly7lpBOev1oxnJtHCE1bjBSneCG8 HTTP/1.1" 200 2314 "-" "axios/1.11.0"
::1 - - [10/Oct/2025:22:18:30 +0000] "GET /api/v1/user/getImg HTTP/1.1" 200 174 "http://localhost:3000/" "Mozilla/5.0 (X11; Linux x86_64) AppleWebKit/537.36 (KHTML, like Gecko) Chrome/132.0.0.0 Safari/537.36"
::1 - - [10/Oct/2025:22:18:30 +0000] "GET /api/v1/user/getNotification HTTP/1.1" 200 52 "http://localhost:3000/" "Mozilla/5.0 (X11; Linux x86_64) AppleWebKit/537.36 (KHTML, like Gecko) Chrome/132.0.0.0 Safari/537.36"
::1 - - [10/Oct/2025:22:18:30 +0000] "GET /api/v1/user/getBannerData HTTP/1.1" 200 2878 "http://localhost:3000/" "Mozilla/5.0 (X11; Linux x86_64) AppleWebKit/537.36 (KHTML, like Gecko) Chrome/132.0.0.0 Safari/537.36"
::1 - - [10/Oct/2025:22:18:30 +0000] "GET /api/v1/user/latestCourse HTTP/1.1" 200 3704 "http://localhost:3000/" "Mozilla/5.0 (X11; Linux x86_64) AppleWebKit/537.36 (KHTML, like Gecko) Chrome/132.0.0.0 Safari/537.36"
::1 - - [10/Oct/2025:22:18:30 +0000] "GET /api/v1/user/popularInstrcutors HTTP/1.1" 200 3362 "http://localhost:3000/" "Mozilla/5.0 (X11; Linux x86_64) AppleWebKit/537.36 (KHTML, like Gecko) Chrome/132.0.0.0 Safari/537.36"
::ffff:127.0.0.1 - - [10/Oct/2025:22:18:46 +0000] "GET /api/v1/user/getInstructorData?id=67375415e0ee19a15a41924d&token=eyJhbGciOiJIUzI1NiIsInR5cCI6IkpXVCJ9.eyJpZCI6IjY4YWViZDg1ZmM1N2M2YmFhMWY2ZDgwMSIsImVtYWlsIjoiamtAZ21haWwuY29tIiwicm9sZSI6IlVzZXIiLCJpYXQiOjE3NjAxMzQ1ODcsImV4cCI6MTc2MDEzNjA4N30.5uOBithB06SA1Zmly7lpBOev1oxnJtHCE1bjBSneCG8 HTTP/1.1" 200 5121 "-" "axios/1.11.0"
::1 - - [10/Oct/2025:22:18:47 +0000] "GET /api/v1/user/getImg HTTP/1.1" 200 174 "http://localhost:3000/" "Mozilla/5.0 (X11; Linux x86_64) AppleWebKit/537.36 (KHTML, like Gecko) Chrome/132.0.0.0 Safari/537.36"
::1 - - [10/Oct/2025:22:18:47 +0000] "GET /api/v1/user/getNotification HTTP/1.1" 200 52 "http://localhost:3000/" "Mozilla/5.0 (X11; Linux x86_64) AppleWebKit/537.36 (KHTML, like Gecko) Chrome/132.0.0.0 Safari/537.36"
::1 - - [10/Oct/2025:22:18:47 +0000] "GET /api/v1/user/getNotification HTTP/1.1" 200 52 "http://localhost:3000/" "Mozilla/5.0 (X11; Linux x86_64) AppleWebKit/537.36 (KHTML, like Gecko) Chrome/132.0.0.0 Safari/537.36"
::1 - - [10/Oct/2025:22:18:47 +0000] "GET /api/v1/user/getImg HTTP/1.1" 200 174 "http://localhost:3000/" "Mozilla/5.0 (X11; Linux x86_64) AppleWebKit/537.36 (KHTML, like Gecko) Chrome/132.0.0.0 Safari/537.36"
::ffff:127.0.0.1 - - [10/Oct/2025:22:20:46 +0000] "GET /api/v1/user/getInstructorData?id=67375415e0ee19a15a41924d&token=eyJhbGciOiJIUzI1NiIsInR5cCI6IkpXVCJ9.eyJpZCI6IjY4YWViZDg1ZmM1N2M2YmFhMWY2ZDgwMSIsImVtYWlsIjoiamtAZ21haWwuY29tIiwicm9sZSI6IlVzZXIiLCJpYXQiOjE3NjAxMzQ1ODcsImV4cCI6MTc2MDEzNjA4N30.5uOBithB06SA1Zmly7lpBOev1oxnJtHCE1bjBSneCG8 HTTP/1.1" 200 5121 "-" "axios/1.11.0"
::ffff:127.0.0.1 - - [10/Oct/2025:22:20:52 +0000] "GET /api/v1/user/getInstructorData?id=67375415e0ee19a15a41924d&token=eyJhbGciOiJIUzI1NiIsInR5cCI6IkpXVCJ9.eyJpZCI6IjY4YWViZDg1ZmM1N2M2YmFhMWY2ZDgwMSIsImVtYWlsIjoiamtAZ21haWwuY29tIiwicm9sZSI6IlVzZXIiLCJpYXQiOjE3NjAxMzQ1ODcsImV4cCI6MTc2MDEzNjA4N30.5uOBithB06SA1Zmly7lpBOev1oxnJtHCE1bjBSneCG8 HTTP/1.1" 200 5121 "-" "axios/1.11.0"
::ffff:127.0.0.1 - - [10/Oct/2025:22:23:19 +0000] "GET /api/v1/user/getInstructorData?id=67375415e0ee19a15a41924d&token=eyJhbGciOiJIUzI1NiIsInR5cCI6IkpXVCJ9.eyJpZCI6IjY4YWViZDg1ZmM1N2M2YmFhMWY2ZDgwMSIsImVtYWlsIjoiamtAZ21haWwuY29tIiwicm9sZSI6IlVzZXIiLCJpYXQiOjE3NjAxMzQ1ODcsImV4cCI6MTc2MDEzNjA4N30.5uOBithB06SA1Zmly7lpBOev1oxnJtHCE1bjBSneCG8 HTTP/1.1" 200 5121 "-" "axios/1.11.0"
::ffff:127.0.0.1 - - [10/Oct/2025:22:23:23 +0000] "GET /api/v1/user/getInstructorData?id=67375415e0ee19a15a41924d&token=eyJhbGciOiJIUzI1NiIsInR5cCI6IkpXVCJ9.eyJpZCI6IjY4YWViZDg1ZmM1N2M2YmFhMWY2ZDgwMSIsImVtYWlsIjoiamtAZ21haWwuY29tIiwicm9sZSI6IlVzZXIiLCJpYXQiOjE3NjAxMzQ1ODcsImV4cCI6MTc2MDEzNjA4N30.5uOBithB06SA1Zmly7lpBOev1oxnJtHCE1bjBSneCG8 HTTP/1.1" 200 5121 "-" "axios/1.11.0"
::ffff:127.0.0.1 - - [10/Oct/2025:22:23:25 +0000] "GET /api/v1/user/getInstructorData?id=67375415e0ee19a15a41924d&token=eyJhbGciOiJIUzI1NiIsInR5cCI6IkpXVCJ9.eyJpZCI6IjY4YWViZDg1ZmM1N2M2YmFhMWY2ZDgwMSIsImVtYWlsIjoiamtAZ21haWwuY29tIiwicm9sZSI6IlVzZXIiLCJpYXQiOjE3NjAxMzQ1ODcsImV4cCI6MTc2MDEzNjA4N30.5uOBithB06SA1Zmly7lpBOev1oxnJtHCE1bjBSneCG8 HTTP/1.1" 200 5121 "-" "axios/1.11.0"
::1 - - [10/Oct/2025:22:24:14 +0000] "GET /api/v1/user/getImg HTTP/1.1" 200 174 "http://localhost:3000/" "Mozilla/5.0 (X11; Linux x86_64) AppleWebKit/537.36 (KHTML, like Gecko) Chrome/132.0.0.0 Safari/537.36"
::1 - - [10/Oct/2025:22:24:15 +0000] "GET /api/v1/user/getImg HTTP/1.1" 200 174 "http://localhost:3000/" "Mozilla/5.0 (X11; Linux x86_64) AppleWebKit/537.36 (KHTML, like Gecko) Chrome/132.0.0.0 Safari/537.36"
::1 - - [10/Oct/2025:22:24:15 +0000] "GET /api/v1/user/getNotification HTTP/1.1" 200 52 "http://localhost:3000/" "Mozilla/5.0 (X11; Linux x86_64) AppleWebKit/537.36 (KHTML, like Gecko) Chrome/132.0.0.0 Safari/537.36"
::1 - - [10/Oct/2025:22:24:15 +0000] "GET /api/v1/user/getNotification HTTP/1.1" 200 52 "http://localhost:3000/" "Mozilla/5.0 (X11; Linux x86_64) AppleWebKit/537.36 (KHTML, like Gecko) Chrome/132.0.0.0 Safari/537.36"
::1 - - [10/Oct/2025:22:24:15 +0000] "GET /api/v1/user/getBannerData HTTP/1.1" 200 2878 "http://localhost:3000/" "Mozilla/5.0 (X11; Linux x86_64) AppleWebKit/537.36 (KHTML, like Gecko) Chrome/132.0.0.0 Safari/537.36"
::1 - - [10/Oct/2025:22:24:15 +0000] "GET /api/v1/user/getBannerData HTTP/1.1" 200 2878 "http://localhost:3000/" "Mozilla/5.0 (X11; Linux x86_64) AppleWebKit/537.36 (KHTML, like Gecko) Chrome/132.0.0.0 Safari/537.36"
::1 - - [10/Oct/2025:22:24:15 +0000] "GET /api/v1/user/latestCourse HTTP/1.1" 200 3704 "http://localhost:3000/" "Mozilla/5.0 (X11; Linux x86_64) AppleWebKit/537.36 (KHTML, like Gecko) Chrome/132.0.0.0 Safari/537.36"
::1 - - [10/Oct/2025:22:24:15 +0000] "GET /api/v1/user/latestCourse HTTP/1.1" 200 3704 "http://localhost:3000/" "Mozilla/5.0 (X11; Linux x86_64) AppleWebKit/537.36 (KHTML, like Gecko) Chrome/132.0.0.0 Safari/537.36"
::1 - - [10/Oct/2025:22:24:15 +0000] "GET /api/v1/user/popularInstrcutors HTTP/1.1" 200 3362 "http://localhost:3000/" "Mozilla/5.0 (X11; Linux x86_64) AppleWebKit/537.36 (KHTML, like Gecko) Chrome/132.0.0.0 Safari/537.36"
::1 - - [10/Oct/2025:22:24:15 +0000] "GET /api/v1/user/popularInstrcutors HTTP/1.1" 200 3362 "http://localhost:3000/" "Mozilla/5.0 (X11; Linux x86_64) AppleWebKit/537.36 (KHTML, like Gecko) Chrome/132.0.0.0 Safari/537.36"
::ffff:127.0.0.1 - - [10/Oct/2025:22:24:24 +0000] "GET /api/v1/user/getInstructorData?id=68e467cbaa9977f957948931&token=eyJhbGciOiJIUzI1NiIsInR5cCI6IkpXVCJ9.eyJpZCI6IjY4YWViZDg1ZmM1N2M2YmFhMWY2ZDgwMSIsImVtYWlsIjoiamtAZ21haWwuY29tIiwicm9sZSI6IlVzZXIiLCJpYXQiOjE3NjAxMzQ1ODcsImV4cCI6MTc2MDEzNjA4N30.5uOBithB06SA1Zmly7lpBOev1oxnJtHCE1bjBSneCG8 HTTP/1.1" 200 2454 "-" "axios/1.11.0"
::1 - - [10/Oct/2025:22:24:24 +0000] "GET /api/v1/user/getImg HTTP/1.1" 200 174 "http://localhost:3000/" "Mozilla/5.0 (X11; Linux x86_64) AppleWebKit/537.36 (KHTML, like Gecko) Chrome/132.0.0.0 Safari/537.36"
::1 - - [10/Oct/2025:22:24:24 +0000] "GET /api/v1/user/getNotification HTTP/1.1" 200 52 "http://localhost:3000/" "Mozilla/5.0 (X11; Linux x86_64) AppleWebKit/537.36 (KHTML, like Gecko) Chrome/132.0.0.0 Safari/537.36"
::1 - - [10/Oct/2025:22:24:24 +0000] "GET /api/v1/user/getNotification HTTP/1.1" 200 52 "http://localhost:3000/" "Mozilla/5.0 (X11; Linux x86_64) AppleWebKit/537.36 (KHTML, like Gecko) Chrome/132.0.0.0 Safari/537.36"
::1 - - [10/Oct/2025:22:24:24 +0000] "GET /api/v1/user/getImg HTTP/1.1" 200 174 "http://localhost:3000/" "Mozilla/5.0 (X11; Linux x86_64) AppleWebKit/537.36 (KHTML, like Gecko) Chrome/132.0.0.0 Safari/537.36"
::1 - - [10/Oct/2025:22:24:29 +0000] "GET /api/v1/user/getNotification HTTP/1.1" 200 52 "http://localhost:3000/" "Mozilla/5.0 (X11; Linux x86_64) AppleWebKit/537.36 (KHTML, like Gecko) Chrome/132.0.0.0 Safari/537.36"
::1 - - [10/Oct/2025:22:24:29 +0000] "GET /api/v1/user/getImg HTTP/1.1" 200 174 "http://localhost:3000/" "Mozilla/5.0 (X11; Linux x86_64) AppleWebKit/537.36 (KHTML, like Gecko) Chrome/132.0.0.0 Safari/537.36"
::1 - - [10/Oct/2025:22:24:29 +0000] "GET /api/v1/user/getImg HTTP/1.1" 200 174 "http://localhost:3000/" "Mozilla/5.0 (X11; Linux x86_64) AppleWebKit/537.36 (KHTML, like Gecko) Chrome/132.0.0.0 Safari/537.36"
::1 - - [10/Oct/2025:22:24:29 +0000] "GET /api/v1/user/getNotification HTTP/1.1" 200 52 "http://localhost:3000/" "Mozilla/5.0 (X11; Linux x86_64) AppleWebKit/537.36 (KHTML, like Gecko) Chrome/132.0.0.0 Safari/537.36"
::1 - - [10/Oct/2025:22:24:29 +0000] "GET /api/v1/user/getBannerData HTTP/1.1" 200 2878 "http://localhost:3000/" "Mozilla/5.0 (X11; Linux x86_64) AppleWebKit/537.36 (KHTML, like Gecko) Chrome/132.0.0.0 Safari/537.36"
::1 - - [10/Oct/2025:22:24:29 +0000] "GET /api/v1/user/getBannerData HTTP/1.1" 200 2878 "http://localhost:3000/" "Mozilla/5.0 (X11; Linux x86_64) AppleWebKit/537.36 (KHTML, like Gecko) Chrome/132.0.0.0 Safari/537.36"
::1 - - [10/Oct/2025:22:24:29 +0000] "GET /api/v1/user/latestCourse HTTP/1.1" 200 3704 "http://localhost:3000/" "Mozilla/5.0 (X11; Linux x86_64) AppleWebKit/537.36 (KHTML, like Gecko) Chrome/132.0.0.0 Safari/537.36"
::1 - - [10/Oct/2025:22:24:29 +0000] "GET /api/v1/user/latestCourse HTTP/1.1" 200 3704 "http://localhost:3000/" "Mozilla/5.0 (X11; Linux x86_64) AppleWebKit/537.36 (KHTML, like Gecko) Chrome/132.0.0.0 Safari/537.36"
::1 - - [10/Oct/2025:22:24:29 +0000] "GET /api/v1/user/popularInstrcutors HTTP/1.1" 200 3362 "http://localhost:3000/" "Mozilla/5.0 (X11; Linux x86_64) AppleWebKit/537.36 (KHTML, like Gecko) Chrome/132.0.0.0 Safari/537.36"
::1 - - [10/Oct/2025:22:24:29 +0000] "GET /api/v1/user/popularInstrcutors HTTP/1.1" 200 3362 "http://localhost:3000/" "Mozilla/5.0 (X11; Linux x86_64) AppleWebKit/537.36 (KHTML, like Gecko) Chrome/132.0.0.0 Safari/537.36"
::ffff:127.0.0.1 - - [10/Oct/2025:22:24:32 +0000] "GET /api/v1/user/getInstructorData?id=68b5688f6d82c560806dc7b5&token=eyJhbGciOiJIUzI1NiIsInR5cCI6IkpXVCJ9.eyJpZCI6IjY4YWViZDg1ZmM1N2M2YmFhMWY2ZDgwMSIsImVtYWlsIjoiamtAZ21haWwuY29tIiwicm9sZSI6IlVzZXIiLCJpYXQiOjE3NjAxMzQ1ODcsImV4cCI6MTc2MDEzNjA4N30.5uOBithB06SA1Zmly7lpBOev1oxnJtHCE1bjBSneCG8 HTTP/1.1" 200 2220 "-" "axios/1.11.0"
::1 - - [10/Oct/2025:22:24:32 +0000] "GET /api/v1/user/getImg HTTP/1.1" 200 174 "http://localhost:3000/" "Mozilla/5.0 (X11; Linux x86_64) AppleWebKit/537.36 (KHTML, like Gecko) Chrome/132.0.0.0 Safari/537.36"
::1 - - [10/Oct/2025:22:24:32 +0000] "GET /api/v1/user/getNotification HTTP/1.1" 200 52 "http://localhost:3000/" "Mozilla/5.0 (X11; Linux x86_64) AppleWebKit/537.36 (KHTML, like Gecko) Chrome/132.0.0.0 Safari/537.36"
::1 - - [10/Oct/2025:22:24:32 +0000] "GET /api/v1/user/getImg HTTP/1.1" 200 174 "http://localhost:3000/" "Mozilla/5.0 (X11; Linux x86_64) AppleWebKit/537.36 (KHTML, like Gecko) Chrome/132.0.0.0 Safari/537.36"
::1 - - [10/Oct/2025:22:24:32 +0000] "GET /api/v1/user/getNotification HTTP/1.1" 200 52 "http://localhost:3000/" "Mozilla/5.0 (X11; Linux x86_64) AppleWebKit/537.36 (KHTML, like Gecko) Chrome/132.0.0.0 Safari/537.36"
::1 - - [10/Oct/2025:22:24:38 +0000] "GET /api/v1/user/getNotification HTTP/1.1" 200 52 "http://localhost:3000/" "Mozilla/5.0 (X11; Linux x86_64) AppleWebKit/537.36 (KHTML, like Gecko) Chrome/132.0.0.0 Safari/537.36"
::1 - - [10/Oct/2025:22:24:38 +0000] "GET /api/v1/user/getImg HTTP/1.1" 200 174 "http://localhost:3000/" "Mozilla/5.0 (X11; Linux x86_64) AppleWebKit/537.36 (KHTML, like Gecko) Chrome/132.0.0.0 Safari/537.36"
::1 - - [10/Oct/2025:22:24:38 +0000] "GET /api/v1/user/getNotification HTTP/1.1" 200 52 "http://localhost:3000/" "Mozilla/5.0 (X11; Linux x86_64) AppleWebKit/537.36 (KHTML, like Gecko) Chrome/132.0.0.0 Safari/537.36"
::1 - - [10/Oct/2025:22:24:38 +0000] "GET /api/v1/user/getImg HTTP/1.1" 200 174 "http://localhost:3000/" "Mozilla/5.0 (X11; Linux x86_64) AppleWebKit/537.36 (KHTML, like Gecko) Chrome/132.0.0.0 Safari/537.36"
::1 - - [10/Oct/2025:22:24:38 +0000] "GET /api/v1/user/getBannerData HTTP/1.1" 200 2878 "http://localhost:3000/" "Mozilla/5.0 (X11; Linux x86_64) AppleWebKit/537.36 (KHTML, like Gecko) Chrome/132.0.0.0 Safari/537.36"
::1 - - [10/Oct/2025:22:24:38 +0000] "GET /api/v1/user/getBannerData HTTP/1.1" 200 2878 "http://localhost:3000/" "Mozilla/5.0 (X11; Linux x86_64) AppleWebKit/537.36 (KHTML, like Gecko) Chrome/132.0.0.0 Safari/537.36"
::1 - - [10/Oct/2025:22:24:38 +0000] "GET /api/v1/user/latestCourse HTTP/1.1" 200 3704 "http://localhost:3000/" "Mozilla/5.0 (X11; Linux x86_64) AppleWebKit/537.36 (KHTML, like Gecko) Chrome/132.0.0.0 Safari/537.36"
::1 - - [10/Oct/2025:22:24:38 +0000] "GET /api/v1/user/latestCourse HTTP/1.1" 200 3704 "http://localhost:3000/" "Mozilla/5.0 (X11; Linux x86_64) AppleWebKit/537.36 (KHTML, like Gecko) Chrome/132.0.0.0 Safari/537.36"
::1 - - [10/Oct/2025:22:24:39 +0000] "GET /api/v1/user/popularInstrcutors HTTP/1.1" 200 3362 "http://localhost:3000/" "Mozilla/5.0 (X11; Linux x86_64) AppleWebKit/537.36 (KHTML, like Gecko) Chrome/132.0.0.0 Safari/537.36"
::1 - - [10/Oct/2025:22:24:39 +0000] "GET /api/v1/user/popularInstrcutors HTTP/1.1" 200 3362 "http://localhost:3000/" "Mozilla/5.0 (X11; Linux x86_64) AppleWebKit/537.36 (KHTML, like Gecko) Chrome/132.0.0.0 Safari/537.36"
::ffff:127.0.0.1 - - [10/Oct/2025:22:24:41 +0000] "GET /api/v1/user/getInstructorData?id=68e467cbaa9977f957948931&token=eyJhbGciOiJIUzI1NiIsInR5cCI6IkpXVCJ9.eyJpZCI6IjY4YWViZDg1ZmM1N2M2YmFhMWY2ZDgwMSIsImVtYWlsIjoiamtAZ21haWwuY29tIiwicm9sZSI6IlVzZXIiLCJpYXQiOjE3NjAxMzQ1ODcsImV4cCI6MTc2MDEzNjA4N30.5uOBithB06SA1Zmly7lpBOev1oxnJtHCE1bjBSneCG8 HTTP/1.1" 200 2454 "-" "axios/1.11.0"
::1 - - [10/Oct/2025:22:24:41 +0000] "GET /api/v1/user/getImg HTTP/1.1" 200 174 "http://localhost:3000/" "Mozilla/5.0 (X11; Linux x86_64) AppleWebKit/537.36 (KHTML, like Gecko) Chrome/132.0.0.0 Safari/537.36"
::1 - - [10/Oct/2025:22:24:41 +0000] "GET /api/v1/user/getNotification HTTP/1.1" 200 52 "http://localhost:3000/" "Mozilla/5.0 (X11; Linux x86_64) AppleWebKit/537.36 (KHTML, like Gecko) Chrome/132.0.0.0 Safari/537.36"
